<html>
<body>
<pre>
<h1>礦ision Build Log</h1>
<h2>Tool Versions:</h2>
IDE-Version: μVision V5.26.2.0
Copyright (C) 2018 ARM Ltd and ARM Germany GmbH. All rights reserved.
License Information: sdf asdf, df, LIC=X96CK-ZG9AK-RASDM-XQQTP-GJ9CM-9W69D
 
Tool Versions:
Toolchain:       MDK-ARM Plus  Version: 5.26.2.0
Toolchain Path:  E:\SOFTWARE\Environment\Keil\ARM\ARMCC\Bin
C Compiler:      Armcc.exe V5.06 update 6 (build 750)
Assembler:       Armasm.exe V5.06 update 6 (build 750)
Linker/Locator:  ArmLink.exe V5.06 update 6 (build 750)
Library Manager: ArmAr.exe V5.06 update 6 (build 750)
Hex Converter:   FromElf.exe V5.06 update 6 (build 750)
CPU DLL:         SARMCM3.DLL V5.26.2.0
Dialog DLL:      DCM.DLL V1.17.2.0
Target DLL:      STLink\ST-LINKIII-KEIL_SWO.dll V3.0.5.0
Dialog DLL:      TCM.DLL V1.36.1.0
 
<h2>Project:</h2>
E:\WORK\PersonalProject\HelloKey\root\HelloFinger-RTOS\MDK-ARM\HelloFinger-RTOS.uvprojx
Project File Date:  08/16/2023

<h2>Output:</h2>
*** Using Compiler 'V5.06 update 6 (build 750)', folder: 'E:\SOFTWARE\Environment\Keil\ARM\ARMCC\Bin'
Rebuild target 'HelloFinger-RTOS'
assembling startup_stm32f103xb.s...
compiling stm32f1xx_hal_tim.c...
compiling stm32f1xx_hal_msp.c...
compiling gpio.c...
compiling stm32f1xx_hal_gpio_ex.c...
compiling stm32f1xx_hal_tim_ex.c...
compiling dma.c...
..\Core\Src\dma.c(14): warning:  #1-D: last line of file ends without a newline
  }
..\Core\Src\dma.c: 1 warning, 0 errors
compiling stm32f1xx_it.c...
compiling usart.c...
compiling main.c...
compiling adc.c...
..\Core\Src\adc.c(177): warning:  #177-D: variable "move_dist_x"  was declared but never referenced
  	uint8_t move_dist_x = 0;	//x方向移动距离
..\Core\Src\adc.c(178): warning:  #177-D: variable "move_dist_y"  was declared but never referenced
  	uint8_t move_dist_y = 0;	//y方向移动距离
..\Core\Src\adc.c: 2 warnings, 0 errors
compiling stm32f1xx_hal_spi.c...
compiling stm32f1xx_hal.c...
compiling stm32f1xx_hal_pwr.c...
compiling stm32f1xx_hal_rcc.c...
compiling stm32f1xx_hal_rcc_ex.c...
compiling stm32f1xx_hal_gpio.c...
compiling stm32f1xx_hal_cortex.c...
compiling stm32f1xx_hal_flash.c...
compiling stm32f1xx_hal_dma.c...
compiling stm32f1xx_hal_flash_ex.c...
compiling stm32f1xx_hal_exti.c...
compiling stm32f1xx_hal_uart.c...
compiling system_stm32f1xx.c...
compiling event_groups.c...
compiling list.c...
compiling stm32f1xx_hal_adc_ex.c...
compiling croutine.c...
compiling stream_buffer.c...
compiling heap_4.c...
compiling stm32f1xx_hal_adc.c...
compiling queue.c...
compiling timers.c...
compiling tasks.c...
compiling drv_at24c64.c...
compiling delay.c...
compiling drv_fpm383.c...
compiling port.c...
compiling app_task_usart.c...
compiling sys.c...
compiling drv_ch9329.c...
..\USER\driver\CH9329\drv_ch9329.c(385): warning:  #550-D: variable "ascii_value"  was set but never used
  	static uint8_t ascii_value[100] = {0};
..\USER\driver\CH9329\drv_ch9329.c: 1 warning, 0 errors
compiling drv_ws2812b.c...
..\USER\driver\WS2812\drv_ws2812b.c(159): warning:  #940-D: missing return statement at end of non-void function "WS2812B_Write_One_Frame" 
  }
..\USER\driver\WS2812\drv_ws2812b.c(193): warning:  #940-D: missing return statement at end of non-void function "WS25812B_write" 
  }
..\USER\driver\WS2812\drv_ws2812b.c(180): warning:  #177-D: variable "bit_size"  was declared but never referenced
      uint32_t i, bit_size = 288;	//(16*24*6)/8;
..\USER\driver\WS2812\drv_ws2812b.c(232): warning:  #940-D: missing return statement at end of non-void function "WS2812B_Write_Only_Reset" 
  }
..\USER\driver\WS2812\drv_ws2812b.c(272): warning:  #940-D: missing return statement at end of non-void function "WS2812B_Write_Only_Color" 
  }
..\USER\driver\WS2812\drv_ws2812b.c: 5 warnings, 0 errors
compiling drv_w25q128.c...
compiling drv_encoder.c...
compiling app_task_finger.c...
compiling app_task_rgb.c...
compiling app_task_key.c...
..\USER\application\app_task_key.c(177): warning:  #940-D: missing return statement at end of non-void function "Key_Trans_Mode_RecData_Handle" 
  }
..\USER\application\app_task_key.c: 1 warning, 0 errors
compiling app_task_joystick.c...
linking...
Program Size: Code=20508 RO-data=700 RW-data=276 ZI-data=18572  
FromELF: creating hex file...
"HelloFinger-RTOS\HelloFinger-RTOS.axf" - 0 Error(s), 10 Warning(s).

<h2>Software Packages used:</h2>

Package Vendor: ARM
                http://www.keil.com/pack/ARM.CMSIS.5.4.0.pack
                ARM.CMSIS.5.4.0
                CMSIS (Cortex Microcontroller Software Interface Standard)
   * Component: CORE Version: 5.1.2

Package Vendor: Keil
                http://www.keil.com/pack/Keil.STM32F1xx_DFP.2.1.0.pack
                Keil.STM32F1xx_DFP.2.1.0
                STMicroelectronics STM32F1 Series Device Support, Drivers and Examples

<h2>Collection of Component include folders:</h2>
  .\RTE\_HelloFinger-RTOS
  E:\SOFTWARE\Environment\Keil\ARM\PACK\ARM\CMSIS\5.4.0\CMSIS\Core\Include
  E:\SOFTWARE\Environment\Keil\ARM\PACK\Keil\STM32F1xx_DFP\2.1.0\Device\Include

<h2>Collection of Component Files used:</h2>

   * Component: ARM::CMSIS:CORE:5.1.2
Build Time Elapsed:  00:00:07
</pre>
</body>
</html>
