Component: ARM Compiler 5.06 update 6 (build 750) Tool: armlink [4d35ed]

==============================================================================

Section Cross References

    startup_stm32f103xb.o(RESET) refers to startup_stm32f103xb.o(STACK) for __initial_sp
    startup_stm32f103xb.o(RESET) refers to startup_stm32f103xb.o(.text) for Reset_Handler
    startup_stm32f103xb.o(RESET) refers to stm32f1xx_it.o(i.NMI_Handler) for NMI_Handler
    startup_stm32f103xb.o(RESET) refers to stm32f1xx_it.o(i.HardFault_Handler) for HardFault_Handler
    startup_stm32f103xb.o(RESET) refers to stm32f1xx_it.o(i.MemManage_Handler) for MemManage_Handler
    startup_stm32f103xb.o(RESET) refers to stm32f1xx_it.o(i.BusFault_Handler) for BusFault_Handler
    startup_stm32f103xb.o(RESET) refers to stm32f1xx_it.o(i.UsageFault_Handler) for UsageFault_Handler
    startup_stm32f103xb.o(RESET) refers to port.o(.emb_text) for SVC_Handler
    startup_stm32f103xb.o(RESET) refers to stm32f1xx_it.o(i.DebugMon_Handler) for DebugMon_Handler
    startup_stm32f103xb.o(RESET) refers to delay.o(i.SysTick_Handler) for SysTick_Handler
    startup_stm32f103xb.o(RESET) refers to stm32f1xx_it.o(i.EXTI1_IRQHandler) for EXTI1_IRQHandler
    startup_stm32f103xb.o(RESET) refers to stm32f1xx_it.o(i.EXTI4_IRQHandler) for EXTI4_IRQHandler
    startup_stm32f103xb.o(RESET) refers to stm32f1xx_it.o(i.DMA1_Channel1_IRQHandler) for DMA1_Channel1_IRQHandler
    startup_stm32f103xb.o(RESET) refers to stm32f1xx_it.o(i.EXTI9_5_IRQHandler) for EXTI9_5_IRQHandler
    startup_stm32f103xb.o(RESET) refers to stm32f1xx_it.o(i.USART1_IRQHandler) for USART1_IRQHandler
    startup_stm32f103xb.o(RESET) refers to stm32f1xx_it.o(i.USART2_IRQHandler) for USART2_IRQHandler
    startup_stm32f103xb.o(.text) refers to system_stm32f1xx.o(i.SystemInit) for SystemInit
    startup_stm32f103xb.o(.text) refers to entry.o(.ARM.Collect$$$$00000000) for __main
    main.o(i.SystemClock_Config) refers to memseta.o(.text) for __aeabi_memclr4
    main.o(i.SystemClock_Config) refers to stm32f1xx_hal_rcc.o(i.HAL_RCC_OscConfig) for HAL_RCC_OscConfig
    main.o(i.SystemClock_Config) refers to main.o(i.Error_Handler) for Error_Handler
    main.o(i.SystemClock_Config) refers to stm32f1xx_hal_rcc.o(i.HAL_RCC_ClockConfig) for HAL_RCC_ClockConfig
    main.o(i.main) refers to stm32f1xx_hal.o(i.HAL_Init) for HAL_Init
    main.o(i.main) refers to main.o(i.SystemClock_Config) for SystemClock_Config
    main.o(i.main) refers to gpio.o(i.MX_GPIO_Init) for MX_GPIO_Init
    main.o(i.main) refers to usart.o(i.MX_USART1_UART_Init) for MX_USART1_UART_Init
    main.o(i.main) refers to usart.o(i.MX_USART2_UART_Init) for MX_USART2_UART_Init
    main.o(i.main) refers to usart.o(i.MX_USART3_UART_Init) for MX_USART3_UART_Init
    main.o(i.main) refers to drv_w25q128.o(i.Flash_Init) for Flash_Init
    main.o(i.main) refers to drv_ws2812b.o(i.MX_SPI2_Init) for MX_SPI2_Init
    main.o(i.main) refers to dma.o(i.MX_DMA_Init) for MX_DMA_Init
    main.o(i.main) refers to adc.o(i.MX_ADC1_Init) for MX_ADC1_Init
    main.o(i.main) refers to delay.o(i.delay_init) for delay_init
    main.o(i.main) refers to drv_fpm383.o(i.FPM383C_Init) for FPM383C_Init
    main.o(i.main) refers to delay.o(i.delay_ms) for delay_ms
    main.o(i.main) refers to drv_encoder.o(i.ENCODER_Init) for ENCODER_Init
    main.o(i.main) refers to drv_w25q128.o(i.Flash_Read_id) for Flash_Read_id
    main.o(i.main) refers to printf3.o(i.__0printf$3) for __2printf
    main.o(i.main) refers to usart.o(i.RegisterUsart1ReceiveCallBack) for RegisterUsart1ReceiveCallBack
    main.o(i.main) refers to usart.o(i.RegisterUsart2ReceiveCallBack) for RegisterUsart2ReceiveCallBack
    main.o(i.main) refers to adc.o(i.RegisterADC1ReceiveCallBack) for RegisterADC1ReceiveCallBack
    main.o(i.main) refers to sys.o(i.Task_Create) for Task_Create
    main.o(i.main) refers to tasks.o(i.vTaskStartScheduler) for vTaskStartScheduler
    main.o(i.main) refers to app_task_key.o(i.Key_GiveNotifyFromISR) for Key_GiveNotifyFromISR
    main.o(i.main) refers to app_task_finger.o(i.Finger_GiveNotifyFromISR) for Finger_GiveNotifyFromISR
    main.o(i.main) refers to app_task_joystick.o(i.JoyStick_GiveNotifyFromISR) for JoyStick_GiveNotifyFromISR
    usart.o(i.HAL_UART_MspDeInit) refers to stm32f1xx_hal_gpio.o(i.HAL_GPIO_DeInit) for HAL_GPIO_DeInit
    usart.o(i.HAL_UART_MspInit) refers to stm32f1xx_hal_gpio.o(i.HAL_GPIO_Init) for HAL_GPIO_Init
    usart.o(i.HAL_UART_MspInit) refers to stm32f1xx_hal_cortex.o(i.HAL_NVIC_SetPriority) for HAL_NVIC_SetPriority
    usart.o(i.HAL_UART_MspInit) refers to stm32f1xx_hal_cortex.o(i.HAL_NVIC_EnableIRQ) for HAL_NVIC_EnableIRQ
    usart.o(i.MX_USART1_UART_Init) refers to stm32f1xx_hal_uart.o(i.HAL_UART_Init) for HAL_UART_Init
    usart.o(i.MX_USART1_UART_Init) refers to main.o(i.Error_Handler) for Error_Handler
    usart.o(i.MX_USART1_UART_Init) refers to usart.o(.bss) for huart1
[...]
    prvCheckTasksWaitingTermination          0x08004319   Thumb Code    60  tasks.o(i.prvCheckTasksWaitingTermination)
    i.prvCopyDataFromQueue                   0x08004360   Section        0  queue.o(i.prvCopyDataFromQueue)
    prvCopyDataFromQueue                     0x08004361   Thumb Code    42  queue.o(i.prvCopyDataFromQueue)
    i.prvCopyDataToQueue                     0x0800438a   Section        0  queue.o(i.prvCopyDataToQueue)
    prvCopyDataToQueue                       0x0800438b   Thumb Code   126  queue.o(i.prvCopyDataToQueue)
    i.prvDeleteTCB                           0x08004408   Section        0  tasks.o(i.prvDeleteTCB)
    prvDeleteTCB                             0x08004409   Thumb Code    18  tasks.o(i.prvDeleteTCB)
    i.prvGetNextExpireTime                   0x0800441c   Section        0  timers.o(i.prvGetNextExpireTime)
    prvGetNextExpireTime                     0x0800441d   Thumb Code    36  timers.o(i.prvGetNextExpireTime)
    i.prvHeapInit                            0x08004444   Section        0  heap_4.o(i.prvHeapInit)
    prvHeapInit                              0x08004445   Thumb Code    98  heap_4.o(i.prvHeapInit)
    i.prvIdleTask                            0x080044c0   Section        0  tasks.o(i.prvIdleTask)
    prvIdleTask                              0x080044c1   Thumb Code    32  tasks.o(i.prvIdleTask)
    i.prvInitialiseNewQueue                  0x080044e8   Section        0  queue.o(i.prvInitialiseNewQueue)
    prvInitialiseNewQueue                    0x080044e9   Thumb Code    46  queue.o(i.prvInitialiseNewQueue)
    i.prvInitialiseNewTask                   0x08004518   Section        0  tasks.o(i.prvInitialiseNewTask)
    prvInitialiseNewTask                     0x08004519   Thumb Code   208  tasks.o(i.prvInitialiseNewTask)
    i.prvInitialiseTaskLists                 0x0800460c   Section        0  tasks.o(i.prvInitialiseTaskLists)
    prvInitialiseTaskLists                   0x0800460d   Thumb Code    70  tasks.o(i.prvInitialiseTaskLists)
    i.prvInsertBlockIntoFreeList             0x08004674   Section        0  heap_4.o(i.prvInsertBlockIntoFreeList)
    prvInsertBlockIntoFreeList               0x08004675   Thumb Code    96  heap_4.o(i.prvInsertBlockIntoFreeList)
    i.prvInsertTimerInActiveList             0x080046dc   Section        0  timers.o(i.prvInsertTimerInActiveList)
    prvInsertTimerInActiveList               0x080046dd   Thumb Code    80  timers.o(i.prvInsertTimerInActiveList)
    i.prvIsQueueEmpty                        0x08004734   Section        0  queue.o(i.prvIsQueueEmpty)
    prvIsQueueEmpty                          0x08004735   Thumb Code    26  queue.o(i.prvIsQueueEmpty)
    i.prvNotifyQueueSetContainer             0x08004750   Section        0  queue.o(i.prvNotifyQueueSetContainer)
    prvNotifyQueueSetContainer               0x08004751   Thumb Code   142  queue.o(i.prvNotifyQueueSetContainer)
    i.prvProcessExpiredTimer                 0x08004804   Section        0  timers.o(i.prvProcessExpiredTimer)
    prvProcessExpiredTimer                   0x08004805   Thumb Code    62  timers.o(i.prvProcessExpiredTimer)
    i.prvProcessReceivedCommands             0x08004848   Section        0  timers.o(i.prvProcessReceivedCommands)
    prvProcessReceivedCommands               0x08004849   Thumb Code   306  timers.o(i.prvProcessReceivedCommands)
    i.prvProcessTimerOrBlockTask             0x080049a8   Section        0  timers.o(i.prvProcessTimerOrBlockTask)
    prvProcessTimerOrBlockTask               0x080049a9   Thumb Code   102  timers.o(i.prvProcessTimerOrBlockTask)
    i.prvReloadTimer                         0x08004a1c   Section        0  timers.o(i.prvReloadTimer)
    prvReloadTimer                           0x08004a1d   Thumb Code    40  timers.o(i.prvReloadTimer)
    i.prvResetNextTaskUnblockTime            0x08004a44   Section        0  tasks.o(i.prvResetNextTaskUnblockTime)
    prvResetNextTaskUnblockTime              0x08004a45   Thumb Code    40  tasks.o(i.prvResetNextTaskUnblockTime)
    i.prvSampleTimeNow                       0x08004a74   Section        0  timers.o(i.prvSampleTimeNow)
    prvSampleTimeNow                         0x08004a75   Thumb Code    40  timers.o(i.prvSampleTimeNow)
    i.prvSwitchTimerLists                    0x08004aa0   Section        0  timers.o(i.prvSwitchTimerLists)
    prvSwitchTimerLists                      0x08004aa1   Thumb Code    58  timers.o(i.prvSwitchTimerLists)
    i.prvTaskExitError                       0x08004ae4   Section        0  port.o(i.prvTaskExitError)
    prvTaskExitError                         0x08004ae5   Thumb Code    48  port.o(i.prvTaskExitError)
    i.prvTimerTask                           0x08004b54   Section        0  timers.o(i.prvTimerTask)
    prvTimerTask                             0x08004b55   Thumb Code    26  timers.o(i.prvTimerTask)
    i.prvUnlockQueue                         0x08004b6e   Section        0  queue.o(i.prvUnlockQueue)
    prvUnlockQueue                           0x08004b6f   Thumb Code   144  queue.o(i.prvUnlockQueue)
    i.pvPortMalloc                           0x08004c00   Section        0  heap_4.o(i.pvPortMalloc)
    i.pxPortInitialiseStack                  0x08004d80   Section        0  port.o(i.pxPortInitialiseStack)
    i.uxListRemove                           0x08004da4   Section        0  list.o(i.uxListRemove)
    i.vListInitialise                        0x08004dcc   Section        0  list.o(i.vListInitialise)
    i.vListInitialiseItem                    0x08004de6   Section        0  list.o(i.vListInitialiseItem)
    i.vListInsert                            0x08004dec   Section        0  list.o(i.vListInsert)
    i.vPortEnterCritical                     0x08004e20   Section        0  port.o(i.vPortEnterCritical)
    i.vPortExitCritical                      0x08004ea8   Section        0  port.o(i.vPortExitCritical)
    i.vPortFree                              0x08004f18   Section        0  heap_4.o(i.vPortFree)
    i.vPortSetupTimerInterrupt               0x08004fe0   Section        0  port.o(i.vPortSetupTimerInterrupt)
    i.vPortValidateInterruptPriority         0x0800500c   Section        0  port.o(i.vPortValidateInterruptPriority)
    i.vQueueAddToRegistry                    0x080050ac   Section        0  queue.o(i.vQueueAddToRegistry)
    i.vQueueWaitForMessageRestricted         0x08005128   Section        0  queue.o(i.vQueueWaitForMessageRestricted)
    i.vTaskDelay                             0x08005174   Section        0  tasks.o(i.vTaskDelay)
    i.vTaskFingerProcessing                  0x080051e8   Section        0  app_task_finger.o(i.vTaskFingerProcessing)
    vTaskFingerProcessing                    0x080051e9   Thumb Code    72  app_task_finger.o(i.vTaskFingerProcessing)
    i.vTaskInternalSetTimeOutState           0x08005238   Section        0  tasks.o(i.vTaskInternalSetTimeOutState)
    i.vTaskJoyStickProcessing                0x08005250   Section        0  app_task_joystick.o(i.vTaskJoyStickProcessing)
    vTaskJoyStickProcessing                  0x08005251   Thumb Code   234  app_task_joystick.o(i.vTaskJoyStickProcessing)
    i.vTaskKeyProcessing                     0x08005354   Section        0  app_task_key.o(i.vTaskKeyProcessing)
    vTaskKeyProcessing                       0x08005355   Thumb Code   120  app_task_key.o(i.vTaskKeyProcessing)
    i.vTaskMissedYield                       0x080053d8   Section        0  tasks.o(i.vTaskMissedYield)
    i.vTaskPlaceOnEventList                  0x080053e4   Section        0  tasks.o(i.vTaskPlaceOnEventList)
    i.vTaskPlaceOnEventListRestricted        0x08005438   Section        0  tasks.o(i.vTaskPlaceOnEventListRestricted)
    i.vTaskRGBProcessing                     0x080054b4   Section        0  app_task_rgb.o(i.vTaskRGBProcessing)
    vTaskRGBProcessing                       0x080054b5   Thumb Code   144  app_task_rgb.o(i.vTaskRGBProcessing)
    i.vTaskRemoveFromUnorderedEventList      0x0800554c   Section        0  tasks.o(i.vTaskRemoveFromUnorderedEventList)
    i.vTaskStartScheduler                    0x0800566c   Section        0  tasks.o(i.vTaskStartScheduler)
    i.vTaskSuspendAll                        0x08005720   Section        0  tasks.o(i.vTaskSuspendAll)
    i.vTaskSwitchContext                     0x08005730   Section        0  tasks.o(i.vTaskSwitchContext)
    i.xEventGroupClearBits                   0x080057d8   Section        0  event_groups.o(i.xEventGroupClearBits)
    i.xEventGroupCreate                      0x0800584c   Section        0  event_groups.o(i.xEventGroupCreate)
    i.xEventGroupSetBits                     0x08005868   Section        0  event_groups.o(i.xEventGroupSetBits)
    i.xPortStartScheduler                    0x08005950   Section        0  port.o(i.xPortStartScheduler)
    i.xPortSysTickHandler                    0x08005a90   Section        0  port.o(i.xPortSysTickHandler)
    i.xQueueGenericCreate                    0x08005ac4   Section        0  queue.o(i.xQueueGenericCreate)
    i.xQueueGenericReset                     0x08005b44   Section        0  queue.o(i.xQueueGenericReset)
    i.xQueueGenericSendFromISR               0x08005c30   Section        0  queue.o(i.xQueueGenericSendFromISR)
    i.xQueueReceive                          0x08005d64   Section        0  queue.o(i.xQueueReceive)
    i.xTaskCheckForTimeOut                   0x08005ed4   Section        0  tasks.o(i.xTaskCheckForTimeOut)
    i.xTaskCreate                            0x08005f90   Section        0  tasks.o(i.xTaskCreate)
    i.xTaskGetSchedulerState                 0x08005ff0   Section        0  tasks.o(i.xTaskGetSchedulerState)
    i.xTaskGetTickCount                      0x08006010   Section        0  tasks.o(i.xTaskGetTickCount)
    i.xTaskIncrementTick                     0x0800601c   Section        0  tasks.o(i.xTaskIncrementTick)
    i.xTaskPriorityDisinherit                0x080061f0   Section        0  tasks.o(i.xTaskPriorityDisinherit)
    i.xTaskRemoveFromEventList               0x080062f0   Section        0  tasks.o(i.xTaskRemoveFromEventList)
    i.xTaskResumeAll                         0x0800642c   Section        0  tasks.o(i.xTaskResumeAll)
    i.xTimerCreateTimerTask                  0x080065bc   Section        0  timers.o(i.xTimerCreateTimerTask)
    .constdata                               0x08006630   Section       18  stm32f1xx_hal_rcc.o(.constdata)
    aPLLMULFactorTable                       0x08006630   Data          16  stm32f1xx_hal_rcc.o(.constdata)
    aPredivFactorTable                       0x08006640   Data           2  stm32f1xx_hal_rcc.o(.constdata)
    .constdata                               0x08006642   Section       24  system_stm32f1xx.o(.constdata)
    .constdata                               0x0800665a   Section      103  drv_fpm383.o(.constdata)
    .data                                    0x20000000   Section       12  usart.o(.data)
    .data                                    0x2000000c   Section        8  adc.o(.data)
    .data                                    0x20000014   Section        9  stm32f1xx_hal.o(.data)
    .data                                    0x20000020   Section        4  system_stm32f1xx.o(.data)
    .data                                    0x20000024   Section       64  tasks.o(.data)
    pxDelayedTaskList                        0x20000028   Data           4  tasks.o(.data)
    pxOverflowDelayedTaskList                0x2000002c   Data           4  tasks.o(.data)
    uxDeletedTasksWaitingCleanUp             0x20000030   Data           4  tasks.o(.data)
    uxCurrentNumberOfTasks                   0x20000034   Data           4  tasks.o(.data)
    xTickCount                               0x20000038   Data           4  tasks.o(.data)
    uxTopReadyPriority                       0x2000003c   Data           4  tasks.o(.data)
    xSchedulerRunning                        0x20000040   Data           4  tasks.o(.data)
    xPendedTicks                             0x20000044   Data           4  tasks.o(.data)
    xYieldPending                            0x20000048   Data           4  tasks.o(.data)
    xNumOfOverflows                          0x2000004c   Data           4  tasks.o(.data)
    uxTaskNumber                             0x20000050   Data           4  tasks.o(.data)
    xNextTaskUnblockTime                     0x20000054   Data           4  tasks.o(.data)
    xIdleTaskHandle                          0x20000058   Data           4  tasks.o(.data)
    uxSchedulerSuspended                     0x20000060   Data           4  tasks.o(.data)
    .data                                    0x20000064   Section       20  timers.o(.data)
    pxCurrentTimerList                       0x20000064   Data           4  timers.o(.data)
    pxOverflowTimerList                      0x20000068   Data           4  timers.o(.data)
    xTimerQueue                              0x2000006c   Data           4  timers.o(.data)
    xTimerTaskHandle                         0x20000070   Data           4  timers.o(.data)
    xLastTime                                0x20000074   Data           4  timers.o(.data)
    .data                                    0x20000078   Section       32  heap_4.o(.data)
    xStart                                   0x20000078   Data           8  heap_4.o(.data)
    pxEnd                                    0x20000080   Data           4  heap_4.o(.data)
    xFreeBytesRemaining                      0x20000084   Data           4  heap_4.o(.data)
    xMinimumEverFreeBytesRemaining           0x20000088   Data           4  heap_4.o(.data)
    xNumberOfSuccessfulAllocations           0x2000008c   Data           4  heap_4.o(.data)
    xNumberOfSuccessfulFrees                 0x20000090   Data           4  heap_4.o(.data)
    xBlockAllocatedBit                       0x20000094   Data           4  heap_4.o(.data)
    .data                                    0x20000098   Section       12  port.o(.data)
    uxCriticalNesting                        0x20000098   Data           4  port.o(.data)
    ucMaxSysCallPriority                     0x2000009c   Data           1  port.o(.data)
    ulMaxPRIGROUPValue                       0x200000a0   Data           4  port.o(.data)
    .data                                    0x200000a4   Section        2  delay.o(.data)
    g_fac_us                                 0x200000a4   Data           2  delay.o(.data)
    .data                                    0x200000a6   Section       12  drv_fpm383.o(.data)
    .data                                    0x200000b2   Section        2  drv_encoder.o(.data)
    .data                                    0x200000b4   Section       16  app_task_finger.o(.data)
    .data                                    0x200000c4   Section        8  app_task_key.o(.data)
    .data                                    0x200000cc   Section        4  app_task_rgb.o(.data)
    .data                                    0x200000d0   Section        8  app_task_joystick.o(.data)
    .bss                                     0x200000d8   Section      216  usart.o(.bss)
    .bss                                     0x200001b0   Section      116  adc.o(.bss)
    .bss                                     0x20000224   Section       64  queue.o(.bss)
    .bss                                     0x20000264   Section      740  tasks.o(.bss)
    pxReadyTasksLists                        0x20000264   Data         640  tasks.o(.bss)
    xDelayedTaskList1                        0x200004e4   Data          20  tasks.o(.bss)
    xDelayedTaskList2                        0x200004f8   Data          20  tasks.o(.bss)
    xPendingReadyList                        0x2000050c   Data          20  tasks.o(.bss)
    xTasksWaitingTermination                 0x20000520   Data          20  tasks.o(.bss)
    xSuspendedTaskList                       0x20000534   Data          20  tasks.o(.bss)
    .bss                                     0x20000548   Section       40  timers.o(.bss)
    xActiveTimerList1                        0x20000548   Data          20  timers.o(.bss)
    xActiveTimerList2                        0x2000055c   Data          20  timers.o(.bss)
    .bss                                     0x20000570   Section    10240  heap_4.o(.bss)
    ucHeap                                   0x20000570   Data       10240  heap_4.o(.bss)
    .bss                                     0x20002d70   Section      329  drv_fpm383.o(.bss)
    .bss                                     0x20002eb9   Section      171  drv_ch9329.o(.bss)
    ascii_value                              0x20002f00   Data         100  drv_ch9329.o(.bss)
    .bss                                     0x20002f64   Section       88  drv_ws2812b.o(.bss)
    .bss                                     0x20002fbc   Section     4252  drv_w25q128.o(.bss)
    .bss                                     0x20004058   Section      190  app_task_finger.o(.bss)
    .bss                                     0x20004118   Section       83  app_task_key.o(.bss)
    .bss                                     0x2000416c   Section     1048  app_task_rgb.o(.bss)
    gs_rgb                                   0x2000416c   Data          24  app_task_rgb.o(.bss)
    gs_temp                                  0x20004184   Data        1024  app_task_rgb.o(.bss)
    STACK                                    0x20004588   Section     1024  startup_stm32f103xb.o(STACK)

    Global Symbols

    Symbol Name                              Value     Ov Type        Size  Object(Section)

    BuildAttributes$$THM_ISAv4$P$D$K$B$S$PE$A:L22UL41UL21$X:L11$S22US41US21$IEEE1$IW$USESV6$~STKCKD$USESV7$~SHL$OSPACE$ROPI$EBA8$MICROLIB$REQ8$PRES8$EABIv2 0x00000000   Number         0  anon$$obj.o ABSOLUTE
    __ARM_use_no_argv                        0x00000000   Number         0  main.o ABSOLUTE
    __use_no_errno                           0x00000000   Number         0  useno.o ABSOLUTE
    __use_no_exception_handling              0x00000000   Number         0  useno.o ABSOLUTE
    __use_no_fp                              0x00000000   Number         0  useno.o ABSOLUTE
    __use_no_heap                            0x00000000   Number         0  useno.o ABSOLUTE
    __use_no_heap_region                     0x00000000   Number         0  useno.o ABSOLUTE
    __use_no_semihosting                     0x00000000   Number         0  useno.o ABSOLUTE
    __use_no_semihosting_swi                 0x00000000   Number         0  useno.o ABSOLUTE
    __use_no_signal_handling                 0x00000000   Number         0  useno.o ABSOLUTE
    _printf_a                                0x00000000   Number         0  stubs.o ABSOLUTE
    _printf_c                                0x00000000   Number         0  stubs.o ABSOLUTE
    _printf_charcount                        0x00000000   Number         0  stubs.o ABSOLUTE
    _printf_d                                0x00000000   Number         0  stubs.o ABSOLUTE
    _printf_e                                0x00000000   Number         0  stubs.o ABSOLUTE
    _printf_f                                0x00000000   Number         0  stubs.o ABSOLUTE
    _printf_flags                            0x00000000   Number         0  stubs.o ABSOLUTE
    _printf_fp_dec                           0x00000000   Number         0  stubs.o ABSOLUTE
    _printf_fp_hex                           0x00000000   Number         0  stubs.o ABSOLUTE
    _printf_g                                0x00000000   Number         0  stubs.o ABSOLUTE
    _printf_i                                0x00000000   Number         0  stubs.o ABSOLUTE
    _printf_int_dec                          0x00000000   Number         0  stubs.o ABSOLUTE
    _printf_l                                0x00000000   Number         0  stubs.o ABSOLUTE
    _printf_lc                               0x00000000   Number         0  stubs.o ABSOLUTE
    _printf_ll                               0x00000000   Number         0  stubs.o ABSOLUTE
    _printf_lld                              0x00000000   Number         0  stubs.o ABSOLUTE
    _printf_lli                              0x00000000   Number         0  stubs.o ABSOLUTE
    _printf_llo                              0x00000000   Number         0  stubs.o ABSOLUTE
    _printf_llu                              0x00000000   Number         0  stubs.o ABSOLUTE
    _printf_llx                              0x00000000   Number         0  stubs.o ABSOLUTE
    _printf_longlong_dec                     0x00000000   Number         0  stubs.o ABSOLUTE
    _printf_longlong_hex                     0x00000000   Number         0  stubs.o ABSOLUTE
    _printf_longlong_oct                     0x00000000   Number         0  stubs.o ABSOLUTE
    _printf_ls                               0x00000000   Number         0  stubs.o ABSOLUTE
    _printf_mbtowc                           0x00000000   Number         0  stubs.o ABSOLUTE
    _printf_n                                0x00000000   Number         0  stubs.o ABSOLUTE
    _printf_o                                0x00000000   Number         0  stubs.o ABSOLUTE
    _printf_p                                0x00000000   Number         0  stubs.o ABSOLUTE
    _printf_percent                          0x00000000   Number         0  stubs.o ABSOLUTE
    _printf_pre_padding                      0x00000000   Number         0  stubs.o ABSOLUTE
    _printf_return_value                     0x00000000   Number         0  stubs.o ABSOLUTE
    _printf_s                                0x00000000   Number         0  stubs.o ABSOLUTE
    _printf_sizespec                         0x00000000   Number         0  stubs.o ABSOLUTE
    _printf_str                              0x00000000   Number         0  stubs.o ABSOLUTE
    _printf_truncate_signed                  0x00000000   Number         0  stubs.o ABSOLUTE
    _printf_truncate_unsigned                0x00000000   Number         0  stubs.o ABSOLUTE
    _printf_u                                0x00000000   Number         0  stubs.o ABSOLUTE
    _printf_wc                               0x00000000   Number         0  stubs.o ABSOLUTE
    _printf_wctomb                           0x00000000   Number         0  stubs.o ABSOLUTE
    _printf_widthprec                        0x00000000   Number         0  stubs.o ABSOLUTE
    _printf_x                                0x00000000   Number         0  stubs.o ABSOLUTE
    __cpp_initialize__aeabi_                  - Undefined Weak Reference
    __cxa_finalize                            - Undefined Weak Reference
    __decompress                              - Undefined Weak Reference
    _clock_init                               - Undefined Weak Reference
    _microlib_exit                            - Undefined Weak Reference
    __Vectors_Size                           0x000000ec   Number         0  startup_stm32f103xb.o ABSOLUTE
    __Vectors                                0x08000000   Data           4  startup_stm32f103xb.o(RESET)
    __Vectors_End                            0x080000ec   Data           0  startup_stm32f103xb.o(RESET)
    __main                                   0x080000ed   Thumb Code     0  entry.o(.ARM.Collect$$$$00000000)
    _main_stk                                0x080000ed   Thumb Code     0  entry2.o(.ARM.Collect$$$$00000001)
    _main_scatterload                        0x080000f1   Thumb Code     0  entry5.o(.ARM.Collect$$$$00000004)
    __main_after_scatterload                 0x080000f5   Thumb Code     0  entry5.o(.ARM.Collect$$$$00000004)
    _main_clock                              0x080000f5   Thumb Code     0  entry7b.o(.ARM.Collect$$$$00000008)
    _main_cpp_init                           0x080000f5   Thumb Code     0  entry8b.o(.ARM.Collect$$$$0000000A)
    _main_init                               0x080000f5   Thumb Code     0  entry9a.o(.ARM.Collect$$$$0000000B)
    __rt_final_cpp                           0x080000fd   Thumb Code     0  entry10a.o(.ARM.Collect$$$$0000000D)
    __rt_final_exit                          0x080000fd   Thumb Code     0  entry11a.o(.ARM.Collect$$$$0000000F)
    SVC_Handler                              0x08000101   Thumb Code    32  port.o(.emb_text)
    __asm___6_port_c_39a90d8d__prvStartFirstTask 0x08000125   Thumb Code    28  port.o(.emb_text)
    PendSV_Handler                           0x08000145   Thumb Code    72  port.o(.emb_text)
    vPortGetIPSR                             0x08000191   Thumb Code     6  port.o(.emb_text)
    Reset_Handler                            0x08000199   Thumb Code     8  startup_stm32f103xb.o(.text)
    ADC1_2_IRQHandler                        0x080001b3   Thumb Code     0  startup_stm32f103xb.o(.text)
    CAN1_RX1_IRQHandler                      0x080001b3   Thumb Code     0  startup_stm32f103xb.o(.text)
    CAN1_SCE_IRQHandler                      0x080001b3   Thumb Code     0  startup_stm32f103xb.o(.text)
    DMA1_Channel2_IRQHandler                 0x080001b3   Thumb Code     0  startup_stm32f103xb.o(.text)
    DMA1_Channel3_IRQHandler                 0x080001b3   Thumb Code     0  startup_stm32f103xb.o(.text)
    DMA1_Channel4_IRQHandler                 0x080001b3   Thumb Code     0  startup_stm32f103xb.o(.text)
    DMA1_Channel5_IRQHandler                 0x080001b3   Thumb Code     0  startup_stm32f103xb.o(.text)
    DMA1_Channel6_IRQHandler                 0x080001b3   Thumb Code     0  startup_stm32f103xb.o(.text)
    DMA1_Channel7_IRQHandler                 0x080001b3   Thumb Code     0  startup_stm32f103xb.o(.text)
    EXTI0_IRQHandler                         0x080001b3   Thumb Code     0  startup_stm32f103xb.o(.text)
    EXTI15_10_IRQHandler                     0x080001b3   Thumb Code     0  startup_stm32f103xb.o(.text)
    EXTI2_IRQHandler                         0x080001b3   Thumb Code     0  startup_stm32f103xb.o(.text)
    EXTI3_IRQHandler                         0x080001b3   Thumb Code     0  startup_stm32f103xb.o(.text)
    FLASH_IRQHandler                         0x080001b3   Thumb Code     0  startup_stm32f103xb.o(.text)
    I2C1_ER_IRQHandler                       0x080001b3   Thumb Code     0  startup_stm32f103xb.o(.text)
    I2C1_EV_IRQHandler                       0x080001b3   Thumb Code     0  startup_stm32f103xb.o(.text)
    I2C2_ER_IRQHandler                       0x080001b3   Thumb Code     0  startup_stm32f103xb.o(.text)
    I2C2_EV_IRQHandler                       0x080001b3   Thumb Code     0  startup_stm32f103xb.o(.text)
    PVD_IRQHandler                           0x080001b3   Thumb Code     0  startup_stm32f103xb.o(.text)
    RCC_IRQHandler                           0x080001b3   Thumb Code     0  startup_stm32f103xb.o(.text)
    RTC_Alarm_IRQHandler                     0x080001b3   Thumb Code     0  startup_stm32f103xb.o(.text)
    RTC_IRQHandler                           0x080001b3   Thumb Code     0  startup_stm32f103xb.o(.text)
    SPI1_IRQHandler                          0x080001b3   Thumb Code     0  startup_stm32f103xb.o(.text)
    SPI2_IRQHandler                          0x080001b3   Thumb Code     0  startup_stm32f103xb.o(.text)
    TAMPER_IRQHandler                        0x080001b3   Thumb Code     0  startup_stm32f103xb.o(.text)
    TIM1_BRK_IRQHandler                      0x080001b3   Thumb Code     0  startup_stm32f103xb.o(.text)
    TIM1_CC_IRQHandler                       0x080001b3   Thumb Code     0  startup_stm32f103xb.o(.text)
    TIM1_TRG_COM_IRQHandler                  0x080001b3   Thumb Code     0  startup_stm32f103xb.o(.text)
    TIM1_UP_IRQHandler                       0x080001b3   Thumb Code     0  startup_stm32f103xb.o(.text)
    TIM2_IRQHandler                          0x080001b3   Thumb Code     0  startup_stm32f103xb.o(.text)
    TIM3_IRQHandler                          0x080001b3   Thumb Code     0  startup_stm32f103xb.o(.text)
    TIM4_IRQHandler                          0x080001b3   Thumb Code     0  startup_stm32f103xb.o(.text)
    USART3_IRQHandler                        0x080001b3   Thumb Code     0  startup_stm32f103xb.o(.text)
    USBWakeUp_IRQHandler                     0x080001b3   Thumb Code     0  startup_stm32f103xb.o(.text)
    USB_HP_CAN1_TX_IRQHandler                0x080001b3   Thumb Code     0  startup_stm32f103xb.o(.text)
    USB_LP_CAN1_RX0_IRQHandler               0x080001b3   Thumb Code     0  startup_stm32f103xb.o(.text)
    WWDG_IRQHandler                          0x080001b3   Thumb Code     0  startup_stm32f103xb.o(.text)
    __aeabi_memcpy                           0x080001bd   Thumb Code    36  memcpya.o(.text)
    __aeabi_memcpy4                          0x080001bd   Thumb Code     0  memcpya.o(.text)
    __aeabi_memcpy8                          0x080001bd   Thumb Code     0  memcpya.o(.text)
    __aeabi_memset                           0x080001e1   Thumb Code    14  memseta.o(.text)
    __aeabi_memset4                          0x080001e1   Thumb Code     0  memseta.o(.text)
    __aeabi_memset8                          0x080001e1   Thumb Code     0  memseta.o(.text)
    __aeabi_memclr                           0x080001ef   Thumb Code     4  memseta.o(.text)
    __aeabi_memclr4                          0x080001ef   Thumb Code     0  memseta.o(.text)
    __aeabi_memclr8                          0x080001ef   Thumb Code     0  memseta.o(.text)
    memset                                   0x080001f3   Thumb Code    18  memseta.o(.text)
    __aeabi_uidiv                            0x08000205   Thumb Code     0  uidiv.o(.text)
    __aeabi_uidivmod                         0x08000205   Thumb Code    44  uidiv.o(.text)
    __scatterload                            0x08000231   Thumb Code    28  init.o(.text)
    __scatterload_rt2                        0x08000231   Thumb Code     0  init.o(.text)
    ADC_ConversionStop_Disable               0x08000255   Thumb Code    92  stm32f1xx_hal_adc.o(i.ADC_ConversionStop_Disable)
    ADC_DMAConvCplt                          0x080002b1   Thumb Code    82  stm32f1xx_hal_adc.o(i.ADC_DMAConvCplt)
    ADC_DMAError                             0x08000303   Thumb Code    30  stm32f1xx_hal_adc.o(i.ADC_DMAError)
    ADC_DMAHalfConvCplt                      0x08000321   Thumb Code    14  stm32f1xx_hal_adc.o(i.ADC_DMAHalfConvCplt)
    ADC_Enable                               0x08000331   Thumb Code   134  stm32f1xx_hal_adc.o(i.ADC_Enable)
    BusFault_Handler                         0x080003c1   Thumb Code     4  stm32f1xx_it.o(i.BusFault_Handler)
    CH9329_CAL_SUM                           0x080003c5   Thumb Code    28  drv_ch9329.o(i.CH9329_CAL_SUM)
    DMA1_Channel1_IRQHandler                 0x08000449   Thumb Code    10  stm32f1xx_it.o(i.DMA1_Channel1_IRQHandler)
    DebugMon_Handler                         0x08000485   Thumb Code     2  stm32f1xx_it.o(i.DebugMon_Handler)
    ENCODER_Init                             0x08000489   Thumb Code   142  drv_encoder.o(i.ENCODER_Init)
    EXTI1_IRQHandler                         0x0800052d   Thumb Code    10  stm32f1xx_it.o(i.EXTI1_IRQHandler)
    EXTI4_IRQHandler                         0x08000537   Thumb Code    10  stm32f1xx_it.o(i.EXTI4_IRQHandler)
    EXTI9_5_IRQHandler                       0x08000541   Thumb Code    60  stm32f1xx_it.o(i.EXTI9_5_IRQHandler)
    Error_Handler                            0x08000581   Thumb Code     6  main.o(i.Error_Handler)
    FPM383C_Init                             0x08000589   Thumb Code    80  drv_fpm383.o(i.FPM383C_Init)
    Finger_GiveNotifyFromISR                 0x08000765   Thumb Code    58  app_task_finger.o(i.Finger_GiveNotifyFromISR)
    Finger_RecData_Handle                    0x080007a9   Thumb Code   440  app_task_finger.o(i.Finger_RecData_Handle)
    Flash_Init                               0x08000969   Thumb Code    94  drv_w25q128.o(i.Flash_Init)
    Flash_Read_id                            0x080009d9   Thumb Code    62  drv_w25q128.o(i.Flash_Read_id)
    Generate_AutoEnroll                      0x08000a1d   Thumb Code   110  drv_fpm383.o(i.Generate_AutoEnroll)
    Generate_ControlBLN                      0x08000ab9   Thumb Code   110  drv_fpm383.o(i.Generate_ControlBLN)
    Generate_ControlBLN_Program              0x08000b39   Thumb Code   134  drv_fpm383.o(i.Generate_ControlBLN_Program)
    Generate_ReadIndexTable                  0x08000bd1   Thumb Code    88  drv_fpm383.o(i.Generate_ReadIndexTable)
    HAL_ADC_ConfigChannel                    0x08000c39   Thumb Code   338  stm32f1xx_hal_adc.o(i.HAL_ADC_ConfigChannel)
    HAL_ADC_ConvCpltCallback                 0x08000d99   Thumb Code    60  adc.o(i.HAL_ADC_ConvCpltCallback)
    HAL_ADC_ConvHalfCpltCallback             0x08000ddd   Thumb Code     2  stm32f1xx_hal_adc.o(i.HAL_ADC_ConvHalfCpltCallback)
    HAL_ADC_ErrorCallback                    0x08000ddf   Thumb Code     2  stm32f1xx_hal_adc.o(i.HAL_ADC_ErrorCallback)
    HAL_ADC_Init                             0x08000de1   Thumb Code   314  stm32f1xx_hal_adc.o(i.HAL_ADC_Init)
    HAL_ADC_MspInit                          0x08000f25   Thumb Code   196  adc.o(i.HAL_ADC_MspInit)
    HAL_ADC_Start_DMA                        0x08001001   Thumb Code   362  stm32f1xx_hal_adc.o(i.HAL_ADC_Start_DMA)
    HAL_DMA_Abort                            0x08001181   Thumb Code    86  stm32f1xx_hal_dma.o(i.HAL_DMA_Abort)
    HAL_DMA_Abort_IT                         0x080011d9   Thumb Code   172  stm32f1xx_hal_dma.o(i.HAL_DMA_Abort_IT)
    HAL_DMA_IRQHandler                       0x08001289   Thumb Code   408  stm32f1xx_hal_dma.o(i.HAL_DMA_IRQHandler)
    HAL_DMA_Init                             0x08001425   Thumb Code   100  stm32f1xx_hal_dma.o(i.HAL_DMA_Init)
    HAL_DMA_Start_IT                         0x0800148d   Thumb Code   156  stm32f1xx_hal_dma.o(i.HAL_DMA_Start_IT)
    HAL_GPIO_EXTI_Callback                   0x08001529   Thumb Code   246  drv_encoder.o(i.HAL_GPIO_EXTI_Callback)
    HAL_GPIO_EXTI_IRQHandler                 0x0800162d   Thumb Code    24  stm32f1xx_hal_gpio.o(i.HAL_GPIO_EXTI_IRQHandler)
    HAL_GPIO_Init                            0x08001649   Thumb Code   766  stm32f1xx_hal_gpio.o(i.HAL_GPIO_Init)
    HAL_GPIO_ReadPin                         0x08001969   Thumb Code    16  stm32f1xx_hal_gpio.o(i.HAL_GPIO_ReadPin)
    HAL_GetTick                              0x08001979   Thumb Code     6  stm32f1xx_hal.o(i.HAL_GetTick)
    HAL_IncTick                              0x08001985   Thumb Code    16  stm32f1xx_hal.o(i.HAL_IncTick)
    HAL_Init                                 0x0800199d   Thumb Code    34  stm32f1xx_hal.o(i.HAL_Init)
    HAL_InitTick                             0x080019c5   Thumb Code    64  stm32f1xx_hal.o(i.HAL_InitTick)
    HAL_MspInit                              0x08001a11   Thumb Code    76  stm32f1xx_hal_msp.o(i.HAL_MspInit)
    HAL_NVIC_EnableIRQ                       0x08001a65   Thumb Code    32  stm32f1xx_hal_cortex.o(i.HAL_NVIC_EnableIRQ)
    HAL_NVIC_SetPriority                     0x08001a85   Thumb Code   124  stm32f1xx_hal_cortex.o(i.HAL_NVIC_SetPriority)
    HAL_NVIC_SetPriorityGrouping             0x08001b01   Thumb Code    32  stm32f1xx_hal_cortex.o(i.HAL_NVIC_SetPriorityGrouping)
    HAL_RCC_ClockConfig                      0x08001b29   Thumb Code   376  stm32f1xx_hal_rcc.o(i.HAL_RCC_ClockConfig)
    HAL_RCC_GetHCLKFreq                      0x08001cb5   Thumb Code     6  stm32f1xx_hal_rcc.o(i.HAL_RCC_GetHCLKFreq)
    HAL_RCC_GetPCLK1Freq                     0x08001cc1   Thumb Code    22  stm32f1xx_hal_rcc.o(i.HAL_RCC_GetPCLK1Freq)
    HAL_RCC_GetPCLK2Freq                     0x08001ce1   Thumb Code    22  stm32f1xx_hal_rcc.o(i.HAL_RCC_GetPCLK2Freq)
    HAL_RCC_GetSysClockFreq                  0x08001d01   Thumb Code    92  stm32f1xx_hal_rcc.o(i.HAL_RCC_GetSysClockFreq)
    HAL_RCC_OscConfig                        0x08001d75   Thumb Code  1114  stm32f1xx_hal_rcc.o(i.HAL_RCC_OscConfig)
    HAL_SPI_Init                             0x080021d9   Thumb Code   190  stm32f1xx_hal_spi.o(i.HAL_SPI_Init)
    HAL_SPI_MspInit                          0x08002299   Thumb Code   166  drv_ws2812b.o(i.HAL_SPI_MspInit)
    HAL_SPI_Transmit                         0x08002355   Thumb Code   444  stm32f1xx_hal_spi.o(i.HAL_SPI_Transmit)
    HAL_SPI_TransmitReceive                  0x08002511   Thumb Code   576  stm32f1xx_hal_spi.o(i.HAL_SPI_TransmitReceive)
    HAL_SYSTICK_CLKSourceConfig              0x08002751   Thumb Code    40  stm32f1xx_hal_cortex.o(i.HAL_SYSTICK_CLKSourceConfig)
    HAL_SYSTICK_Config                       0x08002779   Thumb Code    52  stm32f1xx_hal_cortex.o(i.HAL_SYSTICK_Config)
    HAL_UARTEx_RxEventCallback               0x080027ad   Thumb Code     2  stm32f1xx_hal_uart.o(i.HAL_UARTEx_RxEventCallback)
    HAL_UART_ErrorCallback                   0x080027af   Thumb Code     2  stm32f1xx_hal_uart.o(i.HAL_UART_ErrorCallback)
    HAL_UART_IRQHandler                      0x080027b1   Thumb Code   736  stm32f1xx_hal_uart.o(i.HAL_UART_IRQHandler)
    HAL_UART_Init                            0x08002a95   Thumb Code   118  stm32f1xx_hal_uart.o(i.HAL_UART_Init)
    HAL_UART_MspInit                         0x08002b0d   Thumb Code   360  usart.o(i.HAL_UART_MspInit)
    HAL_UART_Receive                         0x08002c8d   Thumb Code   188  stm32f1xx_hal_uart.o(i.HAL_UART_Receive)
    HAL_UART_RxCpltCallback                  0x08002d49   Thumb Code     2  stm32f1xx_hal_uart.o(i.HAL_UART_RxCpltCallback)
    HAL_UART_Transmit                        0x08002d4b   Thumb Code   178  stm32f1xx_hal_uart.o(i.HAL_UART_Transmit)
    HAL_UART_TxCpltCallback                  0x08002dfd   Thumb Code     2  stm32f1xx_hal_uart.o(i.HAL_UART_TxCpltCallback)
    HID_Data_Handle                          0x08002e01   Thumb Code   316  app_task_key.o(i.HID_Data_Handle)
    HardFault_Handler                        0x08002f59   Thumb Code     4  stm32f1xx_it.o(i.HardFault_Handler)
    JoyStick_GiveNotifyFromISR               0x08002f5d   Thumb Code    58  app_task_joystick.o(i.JoyStick_GiveNotifyFromISR)
    Key_GiveNotifyFromISR                    0x08003035   Thumb Code    58  app_task_key.o(i.Key_GiveNotifyFromISR)
    Key_Protocol_Mode_RecData_Handle         0x08003079   Thumb Code   294  app_task_key.o(i.Key_Protocol_Mode_RecData_Handle)
    Key_Trans_Mode_RecData_Handle            0x080031a9   Thumb Code     4  app_task_key.o(i.Key_Trans_Mode_RecData_Handle)
    MX_ADC1_Init                             0x080031ad   Thumb Code   106  adc.o(i.MX_ADC1_Init)
    MX_DMA_Init                              0x08003221   Thumb Code    48  dma.o(i.MX_DMA_Init)
    MX_GPIO_Init                             0x08003255   Thumb Code    58  gpio.o(i.MX_GPIO_Init)
    MX_SPI2_Init                             0x08003295   Thumb Code    66  drv_ws2812b.o(i.MX_SPI2_Init)
    MX_USART1_UART_Init                      0x080032e1   Thumb Code    62  usart.o(i.MX_USART1_UART_Init)
    MX_USART2_UART_Init                      0x08003329   Thumb Code    62  usart.o(i.MX_USART2_UART_Init)
    MX_USART3_UART_Init                      0x08003371   Thumb Code    62  usart.o(i.MX_USART3_UART_Init)
    MemManage_Handler                        0x080033b9   Thumb Code     4  stm32f1xx_it.o(i.MemManage_Handler)
    NMI_Handler                              0x080033bd   Thumb Code     4  stm32f1xx_it.o(i.NMI_Handler)
    REL_Mouse_Ctrl                           0x080033e9   Thumb Code    78  drv_ch9329.o(i.REL_Mouse_Ctrl)
    RegisterADC1ReceiveCallBack              0x08003441   Thumb Code    10  adc.o(i.RegisterADC1ReceiveCallBack)
    RegisterUsart1ReceiveCallBack            0x08003451   Thumb Code    10  usart.o(i.RegisterUsart1ReceiveCallBack)
    RegisterUsart2ReceiveCallBack            0x08003461   Thumb Code    10  usart.o(i.RegisterUsart2ReceiveCallBack)
    SPI1_Init                                0x08003471   Thumb Code   100  drv_w25q128.o(i.SPI1_Init)
    SPI1_Read_Write_Byte                     0x080034e1   Thumb Code    28  drv_w25q128.o(i.SPI1_Read_Write_Byte)
    Send_HID_Data                            0x08003601   Thumb Code    82  drv_ch9329.o(i.Send_HID_Data)
    SysTick_Handler                          0x0800365d   Thumb Code    20  delay.o(i.SysTick_Handler)
    SystemClock_Config                       0x08003671   Thumb Code   102  main.o(i.SystemClock_Config)
    SystemInit                               0x080036d7   Thumb Code     2  system_stm32f1xx.o(i.SystemInit)
    Task_Create                              0x080036d9   Thumb Code    28  sys.o(i.Task_Create)
    Task_Finger_DataCTLCreate                0x080036f5   Thumb Code    26  app_task_finger.o(i.Task_Finger_DataCTLCreate)
    Task_JoyStick_DataCTLCreate              0x0800372d   Thumb Code    26  app_task_joystick.o(i.Task_JoyStick_DataCTLCreate)
    Task_Key_DataCTLCreate                   0x08003761   Thumb Code    26  app_task_key.o(i.Task_Key_DataCTLCreate)
    Task_RGB_ProcessCreate                   0x08003795   Thumb Code    26  app_task_rgb.o(i.Task_RGB_ProcessCreate)
    USART1_IRQHandler                        0x08003b51   Thumb Code    58  stm32f1xx_it.o(i.USART1_IRQHandler)
    USART2_IRQHandler                        0x08003b95   Thumb Code    58  stm32f1xx_it.o(i.USART2_IRQHandler)
    UsageFault_Handler                       0x08003bd9   Thumb Code     4  stm32f1xx_it.o(i.UsageFault_Handler)
    WS25812B_write                           0x08003bdd   Thumb Code    82  drv_ws2812b.o(i.WS25812B_write)
    WS2812B_Write_One_Frame                  0x08003c35   Thumb Code   264  drv_ws2812b.o(i.WS2812B_Write_One_Frame)
    __0printf$3                              0x08003d3d   Thumb Code    22  printf3.o(i.__0printf$3)
    __1printf$3                              0x08003d3d   Thumb Code     0  printf3.o(i.__0printf$3)
    __2printf                                0x08003d3d   Thumb Code     0  printf3.o(i.__0printf$3)
    __scatterload_copy                       0x08003d95   Thumb Code    14  handlers.o(i.__scatterload_copy)
    __scatterload_null                       0x08003da3   Thumb Code     2  handlers.o(i.__scatterload_null)
    __scatterload_zeroinit                   0x08003da5   Thumb Code    14  handlers.o(i.__scatterload_zeroinit)
    delay_init                               0x08003f6d   Thumb Code    74  delay.o(i.delay_init)
    delay_ms                                 0x08003fbd   Thumb Code    24  delay.o(i.delay_ms)
    delay_us                                 0x08003fd5   Thumb Code    68  delay.o(i.delay_us)
    fputc                                    0x0800401d   Thumb Code    24  usart.o(i.fputc)
    main                                     0x08004039   Thumb Code   142  main.o(i.main)
    pvPortMalloc                             0x08004c01   Thumb Code   302  heap_4.o(i.pvPortMalloc)
    pxPortInitialiseStack                    0x08004d81   Thumb Code    30  port.o(i.pxPortInitialiseStack)
    uxListRemove                             0x08004da5   Thumb Code    40  list.o(i.uxListRemove)
    vListInitialise                          0x08004dcd   Thumb Code    26  list.o(i.vListInitialise)
    vListInitialiseItem                      0x08004de7   Thumb Code     6  list.o(i.vListInitialiseItem)
    vListInsert                              0x08004ded   Thumb Code    52  list.o(i.vListInsert)
    vPortEnterCritical                       0x08004e21   Thumb Code    68  port.o(i.vPortEnterCritical)
    vPortExitCritical                        0x08004ea9   Thumb Code    48  port.o(i.vPortExitCritical)
    vPortFree                                0x08004f19   Thumb Code   130  heap_4.o(i.vPortFree)
    vPortSetupTimerInterrupt                 0x08004fe1   Thumb Code    38  port.o(i.vPortSetupTimerInterrupt)
    vPortValidateInterruptPriority           0x0800500d   Thumb Code    86  port.o(i.vPortValidateInterruptPriority)
    vQueueAddToRegistry                      0x080050ad   Thumb Code    84  queue.o(i.vQueueAddToRegistry)
    vQueueWaitForMessageRestricted           0x08005129   Thumb Code    74  queue.o(i.vQueueWaitForMessageRestricted)
    vTaskDelay                               0x08005175   Thumb Code    72  tasks.o(i.vTaskDelay)
    vTaskInternalSetTimeOutState             0x08005239   Thumb Code    14  tasks.o(i.vTaskInternalSetTimeOutState)
    vTaskMissedYield                         0x080053d9   Thumb Code     8  tasks.o(i.vTaskMissedYield)
    vTaskPlaceOnEventList                    0x080053e5   Thumb Code    42  tasks.o(i.vTaskPlaceOnEventList)
    vTaskPlaceOnEventListRestricted          0x08005439   Thumb Code    84  tasks.o(i.vTaskPlaceOnEventListRestricted)
    vTaskRemoveFromUnorderedEventList        0x0800554d   Thumb Code   230  tasks.o(i.vTaskRemoveFromUnorderedEventList)
    vTaskStartScheduler                      0x0800566d   Thumb Code   112  tasks.o(i.vTaskStartScheduler)
    vTaskSuspendAll                          0x08005721   Thumb Code    12  tasks.o(i.vTaskSuspendAll)
    vTaskSwitchContext                       0x08005731   Thumb Code   110  tasks.o(i.vTaskSwitchContext)
    xEventGroupClearBits                     0x080057d9   Thumb Code    72  event_groups.o(i.xEventGroupClearBits)
    xEventGroupCreate                        0x0800584d   Thumb Code    26  event_groups.o(i.xEventGroupCreate)
    xEventGroupSetBits                       0x08005869   Thumb Code   186  event_groups.o(i.xEventGroupSetBits)
    xPortStartScheduler                      0x08005951   Thumb Code   240  port.o(i.xPortStartScheduler)
    xPortSysTickHandler                      0x08005a91   Thumb Code    46  port.o(i.xPortSysTickHandler)
    xQueueGenericCreate                      0x08005ac5   Thumb Code    92  queue.o(i.xQueueGenericCreate)
    xQueueGenericReset                       0x08005b45   Thumb Code   194  queue.o(i.xQueueGenericReset)
    xQueueGenericSendFromISR                 0x08005c31   Thumb Code   270  queue.o(i.xQueueGenericSendFromISR)
    xQueueReceive                            0x08005d65   Thumb Code   326  queue.o(i.xQueueReceive)
    xTaskCheckForTimeOut                     0x08005ed5   Thumb Code   140  tasks.o(i.xTaskCheckForTimeOut)
    xTaskCreate                              0x08005f91   Thumb Code    96  tasks.o(i.xTaskCreate)
    xTaskGetSchedulerState                   0x08005ff1   Thumb Code    24  tasks.o(i.xTaskGetSchedulerState)
    xTaskGetTickCount                        0x08006011   Thumb Code     6  tasks.o(i.xTaskGetTickCount)
    xTaskIncrementTick                       0x0800601d   Thumb Code   388  tasks.o(i.xTaskIncrementTick)
    xTaskPriorityDisinherit                  0x080061f1   Thumb Code   206  tasks.o(i.xTaskPriorityDisinherit)
    xTaskRemoveFromEventList                 0x080062f1   Thumb Code   254  tasks.o(i.xTaskRemoveFromEventList)
    xTaskResumeAll                           0x0800642d   Thumb Code   328  tasks.o(i.xTaskResumeAll)
    xTimerCreateTimerTask                    0x080065bd   Thumb Code    56  timers.o(i.xTimerCreateTimerTask)
    AHBPrescTable                            0x08006642   Data          16  system_stm32f1xx.o(.constdata)
    APBPrescTable                            0x08006652   Data           8  system_stm32f1xx.o(.constdata)
    AutoEnroll                               0x0800665a   Data           1  drv_fpm383.o(.constdata)
    AutoEnrollLen                            0x0800665b   Data           2  drv_fpm383.o(.constdata)
    AutoIdentify                             0x0800665d   Data           1  drv_fpm383.o(.constdata)
    AutoIdentifyLen                          0x0800665e   Data           2  drv_fpm383.o(.constdata)
    DeletChar                                0x08006660   Data           1  drv_fpm383.o(.constdata)
    DeletCharLen                             0x08006661   Data           2  drv_fpm383.o(.constdata)
    Empty                                    0x08006663   Data           1  drv_fpm383.o(.constdata)
    EmptyLen                                 0x08006664   Data           2  drv_fpm383.o(.constdata)
    Cancel                                   0x08006666   Data           1  drv_fpm383.o(.constdata)
    CancelLen                                0x08006667   Data           2  drv_fpm383.o(.constdata)
    Sleep                                    0x08006669   Data           1  drv_fpm383.o(.constdata)
    SleepLen                                 0x0800666a   Data           2  drv_fpm383.o(.constdata)
    ValidTempleteNum                         0x0800666c   Data           1  drv_fpm383.o(.constdata)
    ValidTempleteNumLen                      0x0800666d   Data           2  drv_fpm383.o(.constdata)
    ReadIndexTable                           0x0800666f   Data           1  drv_fpm383.o(.constdata)
    ReadIndexTableLen                        0x08006670   Data           2  drv_fpm383.o(.constdata)
    SetPwd                                   0x08006672   Data           1  drv_fpm383.o(.constdata)
    SetPwdLen                                0x08006673   Data           2  drv_fpm383.o(.constdata)
    VfyPwd                                   0x08006675   Data           1  drv_fpm383.o(.constdata)
    VfyPwdLen                                0x08006676   Data           2  drv_fpm383.o(.constdata)
    GetImage                                 0x08006678   Data           1  drv_fpm383.o(.constdata)
    GetImageLen                              0x08006679   Data           2  drv_fpm383.o(.constdata)
    GetRnrollImage                           0x0800667b   Data           1  drv_fpm383.o(.constdata)
    GetRnrollImageLen                        0x0800667c   Data           2  drv_fpm383.o(.constdata)
    GenChar                                  0x0800667e   Data           1  drv_fpm383.o(.constdata)
    GenCharLen                               0x0800667f   Data           2  drv_fpm383.o(.constdata)
    Match                                    0x08006681   Data           1  drv_fpm383.o(.constdata)
    MatchLen                                 0x08006682   Data           2  drv_fpm383.o(.constdata)
    RegMB                                    0x08006684   Data           1  drv_fpm383.o(.constdata)
    RegMBLen                                 0x08006685   Data           2  drv_fpm383.o(.constdata)
    StorMB                                   0x08006687   Data           1  drv_fpm383.o(.constdata)
    StorMBLen                                0x08006688   Data           2  drv_fpm383.o(.constdata)
    SearchMB                                 0x0800668a   Data           1  drv_fpm383.o(.constdata)
    SearchMBLen                              0x0800668b   Data           2  drv_fpm383.o(.constdata)
    GetChipUID                               0x0800668d   Data           1  drv_fpm383.o(.constdata)
    GetChipUIDLen                            0x0800668e   Data           2  drv_fpm383.o(.constdata)
    GetChipEcho                              0x08006690   Data           1  drv_fpm383.o(.constdata)
    GetChipEchoLen                           0x08006691   Data           2  drv_fpm383.o(.constdata)
    AutoCaiSensor                            0x08006693   Data           1  drv_fpm383.o(.constdata)
    AutoCaiSensorLen                         0x08006694   Data           2  drv_fpm383.o(.constdata)
    UpImage                                  0x08006696   Data           1  drv_fpm383.o(.constdata)
    UpImageLen                               0x08006697   Data           2  drv_fpm383.o(.constdata)
    ReadSysPara                              0x08006699   Data           1  drv_fpm383.o(.constdata)
    ReadSysParaLen                           0x0800669a   Data           2  drv_fpm383.o(.constdata)
    ControlBLN                               0x0800669c   Data           1  drv_fpm383.o(.constdata)
    ControlBLNLen                            0x0800669d   Data           2  drv_fpm383.o(.constdata)
    ControlBLN_PRO                           0x0800669f   Data           1  drv_fpm383.o(.constdata)
    ControlBLN_PROLen                        0x080066a0   Data           2  drv_fpm383.o(.constdata)
    FingerCharUp                             0x080066a2   Data           1  drv_fpm383.o(.constdata)
    FingerCharUpLen                          0x080066a3   Data           2  drv_fpm383.o(.constdata)
    FingerCharDown                           0x080066a5   Data           1  drv_fpm383.o(.constdata)
    FingerMoudleSet                          0x080066a6   Data           1  drv_fpm383.o(.constdata)
    FingerMoudleSetLen                       0x080066a7   Data           2  drv_fpm383.o(.constdata)
    GetDummyTempleteNo                       0x080066a9   Data           1  drv_fpm383.o(.constdata)
    GetDummyTempleteNoLen                    0x080066aa   Data           2  drv_fpm383.o(.constdata)
    GetFingerMoudleVersion                   0x080066ac   Data           1  drv_fpm383.o(.constdata)
    GetFingerMoudleVersionLen                0x080066ad   Data           2  drv_fpm383.o(.constdata)
    GetChipSN                                0x080066af   Data           1  drv_fpm383.o(.constdata)
    GetChipSNLen                             0x080066b0   Data           2  drv_fpm383.o(.constdata)
    HandShake                                0x080066b2   Data           1  drv_fpm383.o(.constdata)
    HandShakeLen                             0x080066b3   Data           2  drv_fpm383.o(.constdata)
    CheckSensor                              0x080066b5   Data           1  drv_fpm383.o(.constdata)
    CheckSensorLen                           0x080066b6   Data           2  drv_fpm383.o(.constdata)
    SetChipAddr                              0x080066b8   Data           1  drv_fpm383.o(.constdata)
    SetChipAddrLen                           0x080066b9   Data           2  drv_fpm383.o(.constdata)
    WriteNotepad                             0x080066bb   Data           1  drv_fpm383.o(.constdata)
    WriteNotepadLen                          0x080066bc   Data           2  drv_fpm383.o(.constdata)
    ReadNotepad                              0x080066be   Data           1  drv_fpm383.o(.constdata)
    ReadNotepadLen                           0x080066bf   Data           2  drv_fpm383.o(.constdata)
    Region$$Table$$Base                      0x080066c4   Number         0  anon$$obj.o(Region$$Table)
    Region$$Table$$Limit                     0x080066e4   Number         0  anon$$obj.o(Region$$Table)
    __stdout                                 0x20000000   Data           4  usart.o(.data)
    USART1RECVCallback                       0x20000004   Data           4  usart.o(.data)
    USART2RECVCallback                       0x20000008   Data           4  usart.o(.data)
    value_X_Y                                0x2000000c   Data           4  adc.o(.data)
    ADCREADYCallback                         0x20000010   Data           4  adc.o(.data)
    uwTick                                   0x20000014   Data           4  stm32f1xx_hal.o(.data)
    uwTickPrio                               0x20000018   Data           4  stm32f1xx_hal.o(.data)
    uwTickFreq                               0x2000001c   Data           1  stm32f1xx_hal.o(.data)
    SystemCoreClock                          0x20000020   Data           4  system_stm32f1xx.o(.data)
    pxCurrentTCB                             0x20000024   Data           4  tasks.o(.data)
    uxTopUsedPriority                        0x2000005c   Data           4  tasks.o(.data)
    CMD_HEAD                                 0x200000a6   Data           2  drv_fpm383.o(.data)
    CMD_ADDR                                 0x200000a8   Data           4  drv_fpm383.o(.data)
    CMD_HEAD_ADDR                            0x200000ac   Data           6  drv_fpm383.o(.data)
    signal_a                                 0x200000b2   Data           1  drv_encoder.o(.data)
    signal_b                                 0x200000b3   Data           1  drv_encoder.o(.data)
    Task_Finger_Handle                       0x200000b4   Data           4  app_task_finger.o(.data)
    Task_Finger_Rec_Handle                   0x200000b8   Data           4  app_task_finger.o(.data)
    Queue_FingerProcessing_Handle            0x200000bc   Data           4  app_task_finger.o(.data)
    FingerEvent_Handle                       0x200000c0   Data           4  app_task_finger.o(.data)
    Task_Key_Handle                          0x200000c4   Data           4  app_task_key.o(.data)
    Queue_KeyProcessing_Handle               0x200000c8   Data           4  app_task_key.o(.data)
    Task_RGB_Handle                          0x200000cc   Data           4  app_task_rgb.o(.data)
    Task_JOYSTICK_Handle                     0x200000d0   Data           4  app_task_joystick.o(.data)
    Queue_JOYSTICKProcessing_Handle          0x200000d4   Data           4  app_task_joystick.o(.data)
    huart1                                   0x200000d8   Data          72  usart.o(.bss)
    huart2                                   0x20000120   Data          72  usart.o(.bss)
    huart3                                   0x20000168   Data          72  usart.o(.bss)
    hadc1                                    0x200001b0   Data          48  adc.o(.bss)
    hdma_adc1                                0x200001e0   Data          68  adc.o(.bss)
    xQueueRegistry                           0x20000224   Data          64  queue.o(.bss)
    g_autoenroll                             0x20002d70   Data          17  drv_fpm383.o(.bss)
    g_autoidentify                           0x20002d81   Data          17  drv_fpm383.o(.bss)
    g_deletechar                             0x20002d92   Data          16  drv_fpm383.o(.bss)
    g_cancel                                 0x20002da2   Data          12  drv_fpm383.o(.bss)
    g_sleep                                  0x20002dae   Data          12  drv_fpm383.o(.bss)
    g_valid_num                              0x20002dba   Data          12  drv_fpm383.o(.bss)
    g_read_index_table                       0x20002dc6   Data          13  drv_fpm383.o(.bss)
    g_set_pwd                                0x20002dd3   Data          16  drv_fpm383.o(.bss)
    g_vfy_pwd                                0x20002de3   Data          16  drv_fpm383.o(.bss)
    g_hand_shake                             0x20002df3   Data          12  drv_fpm383.o(.bss)
    g_check_sensor                           0x20002dff   Data          12  drv_fpm383.o(.bss)
    g_set_chip_addr                          0x20002e0b   Data          16  drv_fpm383.o(.bss)
    g_write_notepad                          0x20002e1b   Data          45  drv_fpm383.o(.bss)
    g_read_notepad                           0x20002e48   Data          13  drv_fpm383.o(.bss)
    g_get_image                              0x20002e55   Data          12  drv_fpm383.o(.bss)
    g_gen_char                               0x20002e61   Data          13  drv_fpm383.o(.bss)
    g_reg_model                              0x20002e6e   Data          12  drv_fpm383.o(.bss)
    g_store_char                             0x20002e7a   Data          15  drv_fpm383.o(.bss)
    g_match                                  0x20002e89   Data          12  drv_fpm383.o(.bss)
    g_control_bln                            0x20002e95   Data          16  drv_fpm383.o(.bss)
    g_control_bln_pro                        0x20002ea5   Data          20  drv_fpm383.o(.bss)
    g_cmd_format                             0x20002eb9   Data          71  drv_ch9329.o(.bss)
    hspi2                                    0x20002f64   Data          88  drv_ws2812b.o(.bss)
    hdma_spi1                                0x20002fbc   Data          68  drv_w25q128.o(.bss)
    hspi1                                    0x20003000   Data          88  drv_w25q128.o(.bss)
    g_norflash_buf                           0x20003058   Data        4096  drv_w25q128.o(.bss)
    g_finger_data_ctl                        0x20004058   Data          16  app_task_finger.o(.bss)
    g_data_format                            0x20004068   Data         109  app_task_finger.o(.bss)
    g_usb_response                           0x200040d5   Data          65  app_task_finger.o(.bss)
    g_key_data_ctl                           0x20004118   Data          12  app_task_key.o(.bss)
    g_key_data_format                        0x20004124   Data          71  app_task_key.o(.bss)
    __initial_sp                             0x20004988   Data           0  startup_stm32f103xb.o(STACK)



==============================================================================

Memory Map of the image

  Image Entry point : 0x080000ed

  Load Region LR_IROM1 (Base: 0x08000000, Size: 0x000067bc, Max: 0x00010000, ABSOLUTE)

    Execution Region ER_IROM1 (Exec base: 0x08000000, Load base: 0x08000000, Size: 0x000066e4, Max: 0x00010000, ABSOLUTE)

    Exec Addr    Load Addr    Size         Type   Attr      Idx    E Section Name        Object

    0x08000000   0x08000000   0x000000ec   Data   RO            3    RESET               startup_stm32f103xb.o
    0x080000ec   0x080000ec   0x00000000   Code   RO         5031  * .ARM.Collect$$$$00000000  mc_w.l(entry.o)
    0x080000ec   0x080000ec   0x00000004   Code   RO         5309    .ARM.Collect$$$$00000001  mc_w.l(entry2.o)
    0x080000f0   0x080000f0   0x00000004   Code   RO         5312    .ARM.Collect$$$$00000004  mc_w.l(entry5.o)
    0x080000f4   0x080000f4   0x00000000   Code   RO         5314    .ARM.Collect$$$$00000008  mc_w.l(entry7b.o)
    0x080000f4   0x080000f4   0x00000000   Code   RO         5316    .ARM.Collect$$$$0000000A  mc_w.l(entry8b.o)
    0x080000f4   0x080000f4   0x00000008   Code   RO         5317    .ARM.Collect$$$$0000000B  mc_w.l(entry9a.o)
    0x080000fc   0x080000fc   0x00000000   Code   RO         5319    .ARM.Collect$$$$0000000D  mc_w.l(entry10a.o)
    0x080000fc   0x080000fc   0x00000000   Code   RO         5321    .ARM.Collect$$$$0000000F  mc_w.l(entry11a.o)
    0x080000fc   0x080000fc   0x00000004   Code   RO         5310    .ARM.Collect$$$$00002712  mc_w.l(entry2.o)
    0x08000100   0x08000100   0x00000096   Code   RO         3958    .emb_text           port.o
    0x08000196   0x08000196   0x00000002   PAD
    0x08000198   0x08000198   0x00000024   Code   RO            4    .text               startup_stm32f103xb.o
    0x080001bc   0x080001bc   0x00000024   Code   RO         5036    .text               mc_w.l(memcpya.o)
    0x080001e0   0x080001e0   0x00000024   Code   RO         5040    .text               mc_w.l(memseta.o)
    0x08000204   0x08000204   0x0000002c   Code   RO         5323    .text               mc_w.l(uidiv.o)
    0x08000230   0x08000230   0x00000024   Code   RO         5338    .text               mc_w.l(init.o)
    0x08000254   0x08000254   0x0000005c   Code   RO         2337    i.ADC_ConversionStop_Disable  stm32f1xx_hal_adc.o
    0x080002b0   0x080002b0   0x00000052   Code   RO         2338    i.ADC_DMAConvCplt   stm32f1xx_hal_adc.o
    0x08000302   0x08000302   0x0000001e   Code   RO         2339    i.ADC_DMAError      stm32f1xx_hal_adc.o
    0x08000320   0x08000320   0x0000000e   Code   RO         2340    i.ADC_DMAHalfConvCplt  stm32f1xx_hal_adc.o
    0x0800032e   0x0800032e   0x00000002   PAD
    0x08000330   0x08000330   0x00000090   Code   RO         2341    i.ADC_Enable        stm32f1xx_hal_adc.o
    0x080003c0   0x080003c0   0x00000004   Code   RO          365    i.BusFault_Handler  stm32f1xx_it.o
    0x080003c4   0x080003c4   0x0000001c   Code   RO         4447    i.CH9329_CAL_SUM    drv_ch9329.o
    0x080003e0   0x080003e0   0x00000038   Code   RO         4170    i.CMD_Init          drv_fpm383.o
    0x08000418   0x08000418   0x00000030   Code   RO         4812    i.CMP_Checksum      app_task_finger.o
    0x08000448   0x08000448   0x00000010   Code   RO          366    i.DMA1_Channel1_IRQHandler  stm32f1xx_it.o
    0x08000458   0x08000458   0x0000002c   Code   RO         1714    i.DMA_SetConfig     stm32f1xx_hal_dma.o
    0x08000484   0x08000484   0x00000002   Code   RO          367    i.DebugMon_Handler  stm32f1xx_it.o
    0x08000486   0x08000486   0x00000002   PAD
    0x08000488   0x08000488   0x000000a4   Code   RO         4579    i.ENCODER_Init      drv_encoder.o
    0x0800052c   0x0800052c   0x0000000a   Code   RO          368    i.EXTI1_IRQHandler  stm32f1xx_it.o
    0x08000536   0x08000536   0x0000000a   Code   RO          369    i.EXTI4_IRQHandler  stm32f1xx_it.o
    0x08000540   0x08000540   0x00000040   Code   RO          370    i.EXTI9_5_IRQHandler  stm32f1xx_it.o
    0x08000580   0x08000580   0x00000006   Code   RO           13    i.Error_Handler     main.o
    0x08000586   0x08000586   0x00000002   PAD
    0x08000588   0x08000588   0x0000005c   Code   RO         4171    i.FPM383C_Init      drv_fpm383.o
    0x080005e4   0x080005e4   0x0000001c   Code   RO         4813    i.FingerResetData   app_task_finger.o
    0x08000600   0x08000600   0x00000164   Code   RO         4814    i.Finger_Func_Exec  app_task_finger.o
    0x08000764   0x08000764   0x00000044   Code   RO         4815    i.Finger_GiveNotifyFromISR  app_task_finger.o
    0x080007a8   0x080007a8   0x000001c0   Code   RO         4816    i.Finger_RecData_Handle  app_task_finger.o
    0x08000968   0x08000968   0x00000070   Code   RO         4680    i.Flash_Init        drv_w25q128.o
    0x080009d8   0x080009d8   0x00000044   Code   RO         4684    i.Flash_Read_id     drv_w25q128.o
    0x08000a1c   0x08000a1c   0x00000080   Code   RO         4172    i.Generate_AutoEnroll  drv_fpm383.o
    0x08000a9c   0x08000a9c   0x0000001c   Code   RO         4174    i.Generate_CMD_Checksum  drv_fpm383.o
    0x08000ab8   0x08000ab8   0x00000080   Code   RO         4177    i.Generate_ControlBLN  drv_fpm383.o
    0x08000b38   0x08000b38   0x00000098   Code   RO         4178    i.Generate_ControlBLN_Program  drv_fpm383.o
    0x08000bd0   0x08000bd0   0x00000068   Code   RO         4184    i.Generate_ReadIndexTable  drv_fpm383.o
    0x08000c38   0x08000c38   0x00000160   Code   RO         2343    i.HAL_ADC_ConfigChannel  stm32f1xx_hal_adc.o
    0x08000d98   0x08000d98   0x00000044   Code   RO          483    i.HAL_ADC_ConvCpltCallback  adc.o
    0x08000ddc   0x08000ddc   0x00000002   Code   RO         2345    i.HAL_ADC_ConvHalfCpltCallback  stm32f1xx_hal_adc.o
    0x08000dde   0x08000dde   0x00000002   Code   RO         2347    i.HAL_ADC_ErrorCallback  stm32f1xx_hal_adc.o
    0x08000de0   0x08000de0   0x00000144   Code   RO         2352    i.HAL_ADC_Init      stm32f1xx_hal_adc.o
    0x08000f24   0x08000f24   0x000000dc   Code   RO          485    i.HAL_ADC_MspInit   adc.o
    0x08001000   0x08001000   0x00000180   Code   RO         2359    i.HAL_ADC_Start_DMA  stm32f1xx_hal_adc.o
    0x08001180   0x08001180   0x00000056   Code   RO         1715    i.HAL_DMA_Abort     stm32f1xx_hal_dma.o
    0x080011d6   0x080011d6   0x00000002   PAD
    0x080011d8   0x080011d8   0x000000b0   Code   RO         1716    i.HAL_DMA_Abort_IT  stm32f1xx_hal_dma.o
    0x08001288   0x08001288   0x0000019c   Code   RO         1720    i.HAL_DMA_IRQHandler  stm32f1xx_hal_dma.o
    0x08001424   0x08001424   0x00000068   Code   RO         1721    i.HAL_DMA_Init      stm32f1xx_hal_dma.o
    0x0800148c   0x0800148c   0x0000009c   Code   RO         1725    i.HAL_DMA_Start_IT  stm32f1xx_hal_dma.o
    0x08001528   0x08001528   0x00000104   Code   RO         4580    i.HAL_GPIO_EXTI_Callback  drv_encoder.o
    0x0800162c   0x0800162c   0x0000001c   Code   RO         1650    i.HAL_GPIO_EXTI_IRQHandler  stm32f1xx_hal_gpio.o
    0x08001648   0x08001648   0x00000320   Code   RO         1651    i.HAL_GPIO_Init     stm32f1xx_hal_gpio.o
    0x08001968   0x08001968   0x00000010   Code   RO         1653    i.HAL_GPIO_ReadPin  stm32f1xx_hal_gpio.o
    0x08001978   0x08001978   0x0000000c   Code   RO         1340    i.HAL_GetTick       stm32f1xx_hal.o
    0x08001984   0x08001984   0x00000018   Code   RO         1346    i.HAL_IncTick       stm32f1xx_hal.o
    0x0800199c   0x0800199c   0x00000028   Code   RO         1347    i.HAL_Init          stm32f1xx_hal.o
    0x080019c4   0x080019c4   0x0000004c   Code   RO         1348    i.HAL_InitTick      stm32f1xx_hal.o
    0x08001a10   0x08001a10   0x00000054   Code   RO          459    i.HAL_MspInit       stm32f1xx_hal_msp.o
    0x08001a64   0x08001a64   0x00000020   Code   RO         1811    i.HAL_NVIC_EnableIRQ  stm32f1xx_hal_cortex.o
    0x08001a84   0x08001a84   0x0000007c   Code   RO         1817    i.HAL_NVIC_SetPriority  stm32f1xx_hal_cortex.o
    0x08001b00   0x08001b00   0x00000028   Code   RO         1818    i.HAL_NVIC_SetPriorityGrouping  stm32f1xx_hal_cortex.o
    0x08001b28   0x08001b28   0x0000018c   Code   RO         1504    i.HAL_RCC_ClockConfig  stm32f1xx_hal_rcc.o
    0x08001cb4   0x08001cb4   0x0000000c   Code   RO         1509    i.HAL_RCC_GetHCLKFreq  stm32f1xx_hal_rcc.o
    0x08001cc0   0x08001cc0   0x00000020   Code   RO         1511    i.HAL_RCC_GetPCLK1Freq  stm32f1xx_hal_rcc.o
    0x08001ce0   0x08001ce0   0x00000020   Code   RO         1512    i.HAL_RCC_GetPCLK2Freq  stm32f1xx_hal_rcc.o
    0x08001d00   0x08001d00   0x00000074   Code   RO         1513    i.HAL_RCC_GetSysClockFreq  stm32f1xx_hal_rcc.o
    0x08001d74   0x08001d74   0x00000464   Code   RO         1516    i.HAL_RCC_OscConfig  stm32f1xx_hal_rcc.o
    0x080021d8   0x080021d8   0x000000be   Code   RO          573    i.HAL_SPI_Init      stm32f1xx_hal_spi.o
    0x08002296   0x08002296   0x00000002   PAD
    0x08002298   0x08002298   0x000000bc   Code   RO         4616    i.HAL_SPI_MspInit   drv_ws2812b.o
    0x08002354   0x08002354   0x000001bc   Code   RO          581    i.HAL_SPI_Transmit  stm32f1xx_hal_spi.o
    0x08002510   0x08002510   0x00000240   Code   RO          582    i.HAL_SPI_TransmitReceive  stm32f1xx_hal_spi.o
    0x08002750   0x08002750   0x00000028   Code   RO         1820    i.HAL_SYSTICK_CLKSourceConfig  stm32f1xx_hal_cortex.o
    0x08002778   0x08002778   0x00000034   Code   RO         1822    i.HAL_SYSTICK_Config  stm32f1xx_hal_cortex.o
    0x080027ac   0x080027ac   0x00000002   Code   RO          968    i.HAL_UARTEx_RxEventCallback  stm32f1xx_hal_uart.o
    0x080027ae   0x080027ae   0x00000002   Code   RO          982    i.HAL_UART_ErrorCallback  stm32f1xx_hal_uart.o
    0x080027b0   0x080027b0   0x000002e4   Code   RO          985    i.HAL_UART_IRQHandler  stm32f1xx_hal_uart.o
    0x08002a94   0x08002a94   0x00000076   Code   RO          986    i.HAL_UART_Init     stm32f1xx_hal_uart.o
    0x08002b0a   0x08002b0a   0x00000002   PAD
    0x08002b0c   0x08002b0c   0x00000180   Code   RO          271    i.HAL_UART_MspInit  usart.o
    0x08002c8c   0x08002c8c   0x000000bc   Code   RO          989    i.HAL_UART_Receive  stm32f1xx_hal_uart.o
    0x08002d48   0x08002d48   0x00000002   Code   RO          992    i.HAL_UART_RxCpltCallback  stm32f1xx_hal_uart.o
    0x08002d4a   0x08002d4a   0x000000b2   Code   RO          994    i.HAL_UART_Transmit  stm32f1xx_hal_uart.o
    0x08002dfc   0x08002dfc   0x00000002   Code   RO          997    i.HAL_UART_TxCpltCallback  stm32f1xx_hal_uart.o
    0x08002dfe   0x08002dfe   0x00000002   PAD
    0x08002e00   0x08002e00   0x00000158   Code   RO         4881    i.HID_Data_Handle   app_task_key.o
    0x08002f58   0x08002f58   0x00000004   Code   RO          371    i.HardFault_Handler  stm32f1xx_it.o
    0x08002f5c   0x08002f5c   0x00000044   Code   RO         4993    i.JoyStick_GiveNotifyFromISR  app_task_joystick.o
    0x08002fa0   0x08002fa0   0x0000001c   Code   RO         4882    i.KeyResetData      app_task_key.o
    0x08002fbc   0x08002fbc   0x00000028   Code   RO         4883    i.Key_CMP_Checksum  app_task_key.o
    0x08002fe4   0x08002fe4   0x00000050   Code   RO         4884    i.Key_Func_Exec     app_task_key.o
    0x08003034   0x08003034   0x00000044   Code   RO         4885    i.Key_GiveNotifyFromISR  app_task_key.o
    0x08003078   0x08003078   0x00000130   Code   RO         4886    i.Key_Protocol_Mode_RecData_Handle  app_task_key.o
    0x080031a8   0x080031a8   0x00000004   Code   RO         4887    i.Key_Trans_Mode_RecData_Handle  app_task_key.o
    0x080031ac   0x080031ac   0x00000074   Code   RO          486    i.MX_ADC1_Init      adc.o
    0x08003220   0x08003220   0x00000034   Code   RO          538    i.MX_DMA_Init       dma.o
    0x08003254   0x08003254   0x00000040   Code   RO          246    i.MX_GPIO_Init      gpio.o
    0x08003294   0x08003294   0x0000004c   Code   RO         4617    i.MX_SPI2_Init      drv_ws2812b.o
    0x080032e0   0x080032e0   0x00000048   Code   RO          272    i.MX_USART1_UART_Init  usart.o
    0x08003328   0x08003328   0x00000048   Code   RO          273    i.MX_USART2_UART_Init  usart.o
    0x08003370   0x08003370   0x00000048   Code   RO          274    i.MX_USART3_UART_Init  usart.o
    0x080033b8   0x080033b8   0x00000004   Code   RO          372    i.MemManage_Handler  stm32f1xx_it.o
    0x080033bc   0x080033bc   0x00000004   Code   RO          373    i.NMI_Handler       stm32f1xx_it.o
    0x080033c0   0x080033c0   0x00000028   Code   RO         1517    i.RCC_Delay         stm32f1xx_hal_rcc.o
    0x080033e8   0x080033e8   0x00000058   Code   RO         4462    i.REL_Mouse_Ctrl    drv_ch9329.o
    0x08003440   0x08003440   0x00000010   Code   RO          487    i.RegisterADC1ReceiveCallBack  adc.o
    0x08003450   0x08003450   0x00000010   Code   RO          275    i.RegisterUsart1ReceiveCallBack  usart.o
    0x08003460   0x08003460   0x00000010   Code   RO          276    i.RegisterUsart2ReceiveCallBack  usart.o
    0x08003470   0x08003470   0x00000070   Code   RO         4692    i.SPI1_Init         drv_w25q128.o
    0x080034e0   0x080034e0   0x00000020   Code   RO         4693    i.SPI1_Read_Write_Byte  drv_w25q128.o
    0x08003500   0x08003500   0x00000028   Code   RO          611    i.SPI_EndRxTxTransaction  stm32f1xx_hal_spi.o
    0x08003528   0x08003528   0x000000d8   Code   RO          616    i.SPI_WaitFlagStateUntilTimeout  stm32f1xx_hal_spi.o
    0x08003600   0x08003600   0x0000005c   Code   RO         4463    i.Send_HID_Data     drv_ch9329.o
    0x0800365c   0x0800365c   0x00000014   Code   RO         4047    i.SysTick_Handler   delay.o
    0x08003670   0x08003670   0x00000066   Code   RO           14    i.SystemClock_Config  main.o
    0x080036d6   0x080036d6   0x00000002   Code   RO         2614    i.SystemInit        system_stm32f1xx.o
    0x080036d8   0x080036d8   0x0000001c   Code   RO         4094    i.Task_Create       sys.o
    0x080036f4   0x080036f4   0x00000038   Code   RO         4817    i.Task_Finger_DataCTLCreate  app_task_finger.o
    0x0800372c   0x0800372c   0x00000034   Code   RO         4994    i.Task_JoyStick_DataCTLCreate  app_task_joystick.o
    0x08003760   0x08003760   0x00000034   Code   RO         4888    i.Task_Key_DataCTLCreate  app_task_key.o
    0x08003794   0x08003794   0x00000030   Code   RO         4957    i.Task_RGB_ProcessCreate  app_task_rgb.o
    0x080037c4   0x080037c4   0x00000014   Code   RO          999    i.UART_DMAAbortOnError  stm32f1xx_hal_uart.o
    0x080037d8   0x080037d8   0x0000006c   Code   RO         1009    i.UART_EndRxTransfer  stm32f1xx_hal_uart.o
    0x08003844   0x08003844   0x00000020   Code   RO         1010    i.UART_EndTransmit_IT  stm32f1xx_hal_uart.o
    0x08003864   0x08003864   0x000000fc   Code   RO         1012    i.UART_Receive_IT   stm32f1xx_hal_uart.o
    0x08003960   0x08003960   0x000000fc   Code   RO         1013    i.UART_SetConfig    stm32f1xx_hal_uart.o
    0x08003a5c   0x08003a5c   0x00000060   Code   RO         1016    i.UART_Transmit_IT  stm32f1xx_hal_uart.o
    0x08003abc   0x08003abc   0x00000092   Code   RO         1017    i.UART_WaitOnFlagUntilTimeout  stm32f1xx_hal_uart.o
    0x08003b4e   0x08003b4e   0x00000002   PAD
    0x08003b50   0x08003b50   0x00000044   Code   RO          374    i.USART1_IRQHandler  stm32f1xx_it.o
    0x08003b94   0x08003b94   0x00000044   Code   RO          375    i.USART2_IRQHandler  stm32f1xx_it.o
    0x08003bd8   0x08003bd8   0x00000004   Code   RO          376    i.UsageFault_Handler  stm32f1xx_it.o
    0x08003bdc   0x08003bdc   0x00000058   Code   RO         4618    i.WS25812B_write    drv_ws2812b.o
    0x08003c34   0x08003c34   0x00000108   Code   RO         4619    i.WS2812B_Write_One_Frame  drv_ws2812b.o
    0x08003d3c   0x08003d3c   0x00000020   Code   RO         5137    i.__0printf$3       mc_w.l(printf3.o)
    0x08003d5c   0x08003d5c   0x00000010   Code   RO         1824    i.__NVIC_GetPriorityGrouping  stm32f1xx_hal_cortex.o
    0x08003d6c   0x08003d6c   0x00000028   Code   RO         1825    i.__NVIC_SetPriority  stm32f1xx_hal_cortex.o
    0x08003d94   0x08003d94   0x0000000e   Code   RO         5348    i.__scatterload_copy  mc_w.l(handlers.o)
    0x08003da2   0x08003da2   0x00000002   Code   RO         5349    i.__scatterload_null  mc_w.l(handlers.o)
    0x08003da4   0x08003da4   0x0000000e   Code   RO         5350    i.__scatterload_zeroinit  mc_w.l(handlers.o)
    0x08003db2   0x08003db2   0x00000002   PAD
    0x08003db4   0x08003db4   0x000001b8   Code   RO         5144    i._printf_core      mc_w.l(printf3.o)
    0x08003f6c   0x08003f6c   0x00000050   Code   RO         4048    i.delay_init        delay.o
    0x08003fbc   0x08003fbc   0x00000018   Code   RO         4049    i.delay_ms          delay.o
    0x08003fd4   0x08003fd4   0x00000048   Code   RO         4050    i.delay_us          delay.o
    0x0800401c   0x0800401c   0x0000001c   Code   RO          280    i.fputc             usart.o
    0x08004038   0x08004038   0x000000c4   Code   RO           15    i.main              main.o
    0x080040fc   0x080040fc   0x000000cc   Code   RO         3292    i.prvAddCurrentTaskToDelayedList  tasks.o
    0x080041c8   0x080041c8   0x000000ec   Code   RO         3293    i.prvAddNewTaskToReadyList  tasks.o
    0x080042b4   0x080042b4   0x00000064   Code   RO         3717    i.prvCheckForValidListAndQueue  timers.o
    0x08004318   0x08004318   0x00000048   Code   RO         3294    i.prvCheckTasksWaitingTermination  tasks.o
    0x08004360   0x08004360   0x0000002a   Code   RO         2852    i.prvCopyDataFromQueue  queue.o
    0x0800438a   0x0800438a   0x0000007e   Code   RO         2853    i.prvCopyDataToQueue  queue.o
    0x08004408   0x08004408   0x00000012   Code   RO         3295    i.prvDeleteTCB      tasks.o
    0x0800441a   0x0800441a   0x00000002   PAD
    0x0800441c   0x0800441c   0x00000028   Code   RO         3718    i.prvGetNextExpireTime  timers.o
    0x08004444   0x08004444   0x0000007c   Code   RO         3891    i.prvHeapInit       heap_4.o
    0x080044c0   0x080044c0   0x00000028   Code   RO         3296    i.prvIdleTask       tasks.o
    0x080044e8   0x080044e8   0x0000002e   Code   RO         2856    i.prvInitialiseNewQueue  queue.o
    0x08004516   0x08004516   0x00000002   PAD
    0x08004518   0x08004518   0x000000f4   Code   RO         3297    i.prvInitialiseNewTask  tasks.o
    0x0800460c   0x0800460c   0x00000068   Code   RO         3298    i.prvInitialiseTaskLists  tasks.o
    0x08004674   0x08004674   0x00000068   Code   RO         3892    i.prvInsertBlockIntoFreeList  heap_4.o
    0x080046dc   0x080046dc   0x00000058   Code   RO         3720    i.prvInsertTimerInActiveList  timers.o
    0x08004734   0x08004734   0x0000001a   Code   RO         2857    i.prvIsQueueEmpty   queue.o
    0x0800474e   0x0800474e   0x00000002   PAD
    0x08004750   0x08004750   0x000000b4   Code   RO         2859    i.prvNotifyQueueSetContainer  queue.o
    0x08004804   0x08004804   0x00000044   Code   RO         3721    i.prvProcessExpiredTimer  timers.o
    0x08004848   0x08004848   0x00000160   Code   RO         3722    i.prvProcessReceivedCommands  timers.o
    0x080049a8   0x080049a8   0x00000074   Code   RO         3723    i.prvProcessTimerOrBlockTask  timers.o
    0x08004a1c   0x08004a1c   0x00000028   Code   RO         3724    i.prvReloadTimer    timers.o
    0x08004a44   0x08004a44   0x00000030   Code   RO         3300    i.prvResetNextTaskUnblockTime  tasks.o
    0x08004a74   0x08004a74   0x0000002c   Code   RO         3725    i.prvSampleTimeNow  timers.o
    0x08004aa0   0x08004aa0   0x00000044   Code   RO         3726    i.prvSwitchTimerLists  timers.o
    0x08004ae4   0x08004ae4   0x00000070   Code   RO         3959    i.prvTaskExitError  port.o
    0x08004b54   0x08004b54   0x0000001a   Code   RO         3727    i.prvTimerTask      timers.o
    0x08004b6e   0x08004b6e   0x00000090   Code   RO         2860    i.prvUnlockQueue    queue.o
    0x08004bfe   0x08004bfe   0x00000002   PAD
    0x08004c00   0x08004c00   0x00000180   Code   RO         3893    i.pvPortMalloc      heap_4.o
    0x08004d80   0x08004d80   0x00000024   Code   RO         3960    i.pxPortInitialiseStack  port.o
    0x08004da4   0x08004da4   0x00000028   Code   RO         2800    i.uxListRemove      list.o
    0x08004dcc   0x08004dcc   0x0000001a   Code   RO         2801    i.vListInitialise   list.o
    0x08004de6   0x08004de6   0x00000006   Code   RO         2802    i.vListInitialiseItem  list.o
    0x08004dec   0x08004dec   0x00000034   Code   RO         2803    i.vListInsert       list.o
    0x08004e20   0x08004e20   0x00000088   Code   RO         3962    i.vPortEnterCritical  port.o
    0x08004ea8   0x08004ea8   0x00000070   Code   RO         3963    i.vPortExitCritical  port.o
    0x08004f18   0x08004f18   0x000000c8   Code   RO         3894    i.vPortFree         heap_4.o
    0x08004fe0   0x08004fe0   0x0000002c   Code   RO         3964    i.vPortSetupTimerInterrupt  port.o
    0x0800500c   0x0800500c   0x000000a0   Code   RO         3965    i.vPortValidateInterruptPriority  port.o
    0x080050ac   0x080050ac   0x0000007c   Code   RO         2866    i.vQueueAddToRegistry  queue.o
    0x08005128   0x08005128   0x0000004a   Code   RO         2870    i.vQueueWaitForMessageRestricted  queue.o
    0x08005172   0x08005172   0x00000002   PAD
    0x08005174   0x08005174   0x00000074   Code   RO         3315    i.vTaskDelay        tasks.o
    0x080051e8   0x080051e8   0x00000050   Code   RO         4818    i.vTaskFingerProcessing  app_task_finger.o
    0x08005238   0x08005238   0x00000018   Code   RO         3320    i.vTaskInternalSetTimeOutState  tasks.o
    0x08005250   0x08005250   0x00000104   Code   RO         4995    i.vTaskJoyStickProcessing  app_task_joystick.o
    0x08005354   0x08005354   0x00000084   Code   RO         4889    i.vTaskKeyProcessing  app_task_key.o
    0x080053d8   0x080053d8   0x0000000c   Code   RO         3322    i.vTaskMissedYield  tasks.o
    0x080053e4   0x080053e4   0x00000054   Code   RO         3323    i.vTaskPlaceOnEventList  tasks.o
    0x08005438   0x08005438   0x0000007c   Code   RO         3324    i.vTaskPlaceOnEventListRestricted  tasks.o
    0x080054b4   0x080054b4   0x00000098   Code   RO         4958    i.vTaskRGBProcessing  app_task_rgb.o
    0x0800554c   0x0800554c   0x00000120   Code   RO         3328    i.vTaskRemoveFromUnorderedEventList  tasks.o
    0x0800566c   0x0800566c   0x000000b4   Code   RO         3332    i.vTaskStartScheduler  tasks.o
    0x08005720   0x08005720   0x00000010   Code   RO         3334    i.vTaskSuspendAll   tasks.o
    0x08005730   0x08005730   0x000000a8   Code   RO         3335    i.vTaskSwitchContext  tasks.o
    0x080057d8   0x080057d8   0x00000074   Code   RO         2677    i.xEventGroupClearBits  event_groups.o
    0x0800584c   0x0800584c   0x0000001a   Code   RO         2679    i.xEventGroupCreate  event_groups.o
    0x08005866   0x08005866   0x00000002   PAD
    0x08005868   0x08005868   0x000000e8   Code   RO         2681    i.xEventGroupSetBits  event_groups.o
    0x08005950   0x08005950   0x00000140   Code   RO         3966    i.xPortStartScheduler  port.o
    0x08005a90   0x08005a90   0x00000034   Code   RO         3967    i.xPortSysTickHandler  port.o
    0x08005ac4   0x08005ac4   0x00000080   Code   RO         2875    i.xQueueGenericCreate  queue.o
    0x08005b44   0x08005b44   0x000000ec   Code   RO         2876    i.xQueueGenericReset  queue.o
    0x08005c30   0x08005c30   0x00000134   Code   RO         2878    i.xQueueGenericSendFromISR  queue.o
    0x08005d64   0x08005d64   0x00000170   Code   RO         2885    i.xQueueReceive     queue.o
    0x08005ed4   0x08005ed4   0x000000bc   Code   RO         3338    i.xTaskCheckForTimeOut  tasks.o
    0x08005f90   0x08005f90   0x00000060   Code   RO         3339    i.xTaskCreate       tasks.o
    0x08005ff0   0x08005ff0   0x00000020   Code   RO         3348    i.xTaskGetSchedulerState  tasks.o
    0x08006010   0x08006010   0x0000000c   Code   RO         3349    i.xTaskGetTickCount  tasks.o
    0x0800601c   0x0800601c   0x000001d4   Code   RO         3351    i.xTaskIncrementTick  tasks.o
    0x080061f0   0x080061f0   0x00000100   Code   RO         3352    i.xTaskPriorityDisinherit  tasks.o
    0x080062f0   0x080062f0   0x0000013c   Code   RO         3354    i.xTaskRemoveFromEventList  tasks.o
    0x0800642c   0x0800642c   0x00000190   Code   RO         3355    i.xTaskResumeAll    tasks.o
    0x080065bc   0x080065bc   0x00000074   Code   RO         3735    i.xTimerCreateTimerTask  timers.o
    0x08006630   0x08006630   0x00000012   Data   RO         1518    .constdata          stm32f1xx_hal_rcc.o
    0x08006642   0x08006642   0x00000018   Data   RO         2615    .constdata          system_stm32f1xx.o
    0x0800665a   0x0800665a   0x00000067   Data   RO         4195    .constdata          drv_fpm383.o
    0x080066c1   0x080066c1   0x00000003   PAD
    0x080066c4   0x080066c4   0x00000020   Data   RO         5346    Region$$Table       anon$$obj.o


    Execution Region RW_IRAM1 (Exec base: 0x20000000, Load base: 0x080066e4, Size: 0x00004988, Max: 0x00005000, ABSOLUTE)

    Exec Addr    Load Addr    Size         Type   Attr      Idx    E Section Name        Object

    0x20000000   0x080066e4   0x0000000c   Data   RW          282    .data               usart.o
    0x2000000c   0x080066f0   0x00000008   Data   RW          489    .data               adc.o
    0x20000014   0x080066f8   0x00000009   Data   RW         1354    .data               stm32f1xx_hal.o
    0x2000001d   0x08006701   0x00000003   PAD
    0x20000020   0x08006704   0x00000004   Data   RW         2616    .data               system_stm32f1xx.o
    0x20000024   0x08006708   0x00000040   Data   RW         3358    .data               tasks.o
    0x20000064   0x08006748   0x00000014   Data   RW         3744    .data               timers.o
    0x20000078   0x0800675c   0x00000020   Data   RW         3900    .data               heap_4.o
    0x20000098   0x0800677c   0x0000000c   Data   RW         3968    .data               port.o
    0x200000a4   0x08006788   0x00000002   Data   RW         4051    .data               delay.o
    0x200000a6   0x0800678a   0x0000000c   Data   RW         4196    .data               drv_fpm383.o
    0x200000b2   0x08006796   0x00000002   Data   RW         4581    .data               drv_encoder.o
    0x200000b4   0x08006798   0x00000010   Data   RW         4820    .data               app_task_finger.o
    0x200000c4   0x080067a8   0x00000008   Data   RW         4891    .data               app_task_key.o
    0x200000cc   0x080067b0   0x00000004   Data   RW         4960    .data               app_task_rgb.o
    0x200000d0   0x080067b4   0x00000008   Data   RW         4996    .data               app_task_joystick.o
    0x200000d8        -       0x000000d8   Zero   RW          281    .bss                usart.o
    0x200001b0        -       0x00000074   Zero   RW          488    .bss                adc.o
    0x20000224        -       0x00000040   Zero   RW         2892    .bss                queue.o
    0x20000264        -       0x000002e4   Zero   RW         3357    .bss                tasks.o
    0x20000548        -       0x00000028   Zero   RW         3743    .bss                timers.o
    0x20000570        -       0x00002800   Zero   RW         3899    .bss                heap_4.o
    0x20002d70        -       0x00000149   Zero   RW         4194    .bss                drv_fpm383.o
    0x20002eb9        -       0x000000ab   Zero   RW         4464    .bss                drv_ch9329.o
    0x20002f64        -       0x00000058   Zero   RW         4622    .bss                drv_ws2812b.o
    0x20002fbc        -       0x0000109c   Zero   RW         4694    .bss                drv_w25q128.o
    0x20004058        -       0x000000be   Zero   RW         4819    .bss                app_task_finger.o
    0x20004116   0x080067bc   0x00000002   PAD
    0x20004118        -       0x00000053   Zero   RW         4890    .bss                app_task_key.o
    0x2000416b   0x080067bc   0x00000001   PAD
    0x2000416c        -       0x00000418   Zero   RW         4959    .bss                app_task_rgb.o
    0x20004584   0x080067bc   0x00000004   PAD
    0x20004588        -       0x00000400   Zero   RW            1    STACK               startup_stm32f103xb.o


==============================================================================

Image component sizes


      Code (inc. data)   RO Data    RW Data    ZI Data      Debug   Object Name

       420         48          0          8        116       3243   adc.o
      1084        128          0         16        190       7827   app_task_finger.o
       380         62          0          8          0       2674   app_task_joystick.o
      1052        108          0          8         83       9350   app_task_key.o
       200         30          0          4       1048       1859   app_task_rgb.o
       196         10          0          2          0       2357   delay.o
        52          4          0          0          0        742   dma.o
       208         20          0          0        171      12338   drv_ch9329.o
       424         36          0          2          0       2012   drv_encoder.o
       688         94        103         12        329      16646   drv_fpm383.o
       324         40          0          0       4252       2945   drv_w25q128.o
       616         38          0          0         88       3536   drv_ws2812b.o
       374         90          0          0          0      18048   event_groups.o
        64          6          0          0          0        783   gpio.o
       812        186          0         32      10240       3959   heap_4.o
       124          0          0          0          0       2585   list.o
       304         54          0          0          0     442324   main.o
      1122        380          0         12          0      10221   port.o
      1802        236          0          0         64      13570   queue.o
        36          8        236          0       1024        804   startup_stm32f103xb.o
       152         32          0          9          0       5293   stm32f1xx_hal.o
      1426         56          0          0          0       7827   stm32f1xx_hal_adc.o
       344         22          0          0          0      30029   stm32f1xx_hal_cortex.o
       978         12          0          0          0       4874   stm32f1xx_hal_dma.o
       844         38          0          0          0       3302   stm32f1xx_hal_gpio.o
        84          8          0          0          0        894   stm32f1xx_hal_msp.o
      1752        102         18          0          0       5984   stm32f1xx_hal_rcc.o
      1466          6          0          0          0       5748   stm32f1xx_hal_spi.o
      2138          8          0          0          0      12203   stm32f1xx_hal_uart.o
       258         30          0          0          0       5595   stm32f1xx_it.o
        28          0          0          0          0        462   sys.o
         2          0         24          4          0       1127   system_stm32f1xx.o
      3746        812          0         64        740      32656   tasks.o
      1058        190          0         20         40      10716   timers.o
       660         70          0         12        216       6490   usart.o

    ----------------------------------------------------------------------
     25248       2964        416        216      18608     691023   Object Totals
         0          0         32          0          0          0   (incl. Generated)
        30          0          3          3          7          0   (incl. Padding)

    ----------------------------------------------------------------------

      Code (inc. data)   RO Data    RW Data    ZI Data      Debug   Library Member Name

         0          0          0          0          0          0   entry.o
         0          0          0          0          0          0   entry10a.o
         0          0          0          0          0          0   entry11a.o
         8          4          0          0          0          0   entry2.o
         4          0          0          0          0          0   entry5.o
         0          0          0          0          0          0   entry7b.o
         0          0          0          0          0          0   entry8b.o
         8          4          0          0          0          0   entry9a.o
        30          0          0          0          0          0   handlers.o
        36          8          0          0          0         68   init.o
        36          0          0          0          0         68   memcpya.o
        36          0          0          0          0        108   memseta.o
       472         14          0          0          0        184   printf3.o
        44          0          0          0          0         80   uidiv.o

    ----------------------------------------------------------------------
       676         30          0          0          0        508   Library Totals
         2          0          0          0          0          0   (incl. Padding)

    ----------------------------------------------------------------------

      Code (inc. data)   RO Data    RW Data    ZI Data      Debug   Library Name

       674         30          0          0          0        508   mc_w.l

    ----------------------------------------------------------------------
       676         30          0          0          0        508   Library Totals

    ----------------------------------------------------------------------

==============================================================================


      Code (inc. data)   RO Data    RW Data    ZI Data      Debug   

     25924       2994        416        216      18608     681335   Grand Totals
     25924       2994        416        216      18608     681335   ELF Image Totals
     25924       2994        416        216          0          0   ROM Totals

==============================================================================

    Total RO  Size (Code + RO Data)                26340 (  25.72kB)
    Total RW  Size (RW Data + ZI Data)             18824 (  18.38kB)
    Total ROM Size (Code + RO Data + RW Data)      26556 (  25.93kB)

==============================================================================

