<html>
<body>
<pre>
<h1>礦ision Build Log</h1>
<h2>Tool Versions:</h2>
IDE-Version: μVision V5.26.2.0
Copyright (C) 2018 ARM Ltd and ARM Germany GmbH. All rights reserved.
License Information: sdf asdf, df, LIC=X96CK-ZG9AK-RASDM-XQQTP-GJ9CM-9W69D
 
Tool Versions:
Toolchain:       MDK-ARM Plus  Version: 5.26.2.0
Toolchain Path:  E:\SOFTWARE\Environment\Keil\ARM\ARMCC\Bin
C Compiler:      Armcc.exe V5.06 update 6 (build 750)
Assembler:       Armasm.exe V5.06 update 6 (build 750)
Linker/Locator:  ArmLink.exe V5.06 update 6 (build 750)
Library Manager: ArmAr.exe V5.06 update 6 (build 750)
Hex Converter:   FromElf.exe V5.06 update 6 (build 750)
CPU DLL:         SARMCM3.DLL V5.26.2.0
Dialog DLL:      DCM.DLL V1.17.2.0
Target DLL:      STLink\ST-LINKIII-KEIL_SWO.dll V3.0.5.0
Dialog DLL:      TCM.DLL V1.36.1.0
 
<h2>Project:</h2>
E:\WORK\PersonalProject\HelloKey\root\HelloKey\MDK-ARM\HelloKey.uvprojx
Project File Date:  02/25/2023

<h2>Output:</h2>
*** Using Compiler 'V5.06 update 6 (build 750)', folder: 'E:\SOFTWARE\Environment\Keil\ARM\ARMCC\Bin'
Build target 'HelloKey'
compiling msgHandler.c...
..\Core\Src\msgHandler.c(60): warning:  #546-D: transfer of control bypasses initialization of:
            variable "cmdLen"  (declared at line 69)
  		switch (cmd){
  		^
..\Core\Src\msgHandler.c(8): warning:  #550-D: variable "g_running_mode"  was set but never used
  static uint8_t g_running_mode = 0;		//系统当前运行模式	0:协议传输	1:透传
..\Core\Src\msgHandler.c: 2 warnings, 0 errors
compiling kmfunc.c...
compiling main.c...
../Core/Inc/message.h(12): warning:  #1-D: last line of file ends without a newline
  #endif
..\Hardware\KEY\key.h(6): warning:  #1-D: last line of file ends without a newline
  #endif
../Core/Inc/iic.h(60): warning:  #1-D: last line of file ends without a newline
  #endif
..\Hardware\AT24C02\24c02.h(16): warning:  #1-D: last line of file ends without a newline
  #endif
../Core/Src/main.c: 4 warnings, 0 errors
compiling func.c...
..\Hardware\CH9329\func.c(158): warning:  #177-D: variable "result"  was declared but never referenced
  	uint8_t result=0;
..\Hardware\CH9329\func.c(365): warning:  #940-D: missing return statement at end of non-void function "Con_WriteNotepad" 
  }
..\Hardware\CH9329\func.c(397): warning:  #940-D: missing return statement at end of non-void function "Con_ReadNotepad" 
  }
..\Hardware\CH9329\func.c(415): warning:  #940-D: missing return statement at end of non-void function "Con_DeleteChar" 
  }
..\Hardware\CH9329\func.c: 4 warnings, 0 errors
compiling CH9329.c...
..\Hardware\CH9329\CH9329.c(469): warning:  #177-D: variable "config"  was declared but never referenced
  	Para_Cfg config;
..\Hardware\CH9329\CH9329.c: 1 warning, 0 errors
linking...
Program Size: Code=9700 RO-data=308 RW-data=276 ZI-data=2644  
FromELF: creating hex file...
"HelloKey\HelloKey.axf" - 0 Error(s), 11 Warning(s).

<h2>Software Packages used:</h2>

Package Vendor: ARM
                http://www.keil.com/pack/ARM.CMSIS.5.4.0.pack
                ARM.CMSIS.5.4.0
                CMSIS (Cortex Microcontroller Software Interface Standard)
   * Component: CORE Version: 5.1.2

Package Vendor: Keil
                http://www.keil.com/pack/Keil.STM32F1xx_DFP.2.1.0.pack
                Keil.STM32F1xx_DFP.2.1.0
                STMicroelectronics STM32F1 Series Device Support, Drivers and Examples

<h2>Collection of Component include folders:</h2>
  .\RTE\_HelloKey
  E:\SOFTWARE\Environment\Keil\ARM\PACK\ARM\CMSIS\5.4.0\CMSIS\Core\Include
  E:\SOFTWARE\Environment\Keil\ARM\PACK\Keil\STM32F1xx_DFP\2.1.0\Device\Include

<h2>Collection of Component Files used:</h2>

   * Component: ARM::CMSIS:CORE:5.1.2
Build Time Elapsed:  00:00:03
</pre>
</body>
</html>
