Component: ARM Compiler 5.06 update 6 (build 750) Tool: armlink [4d35ed]

==============================================================================

Section Cross References

    startup_stm32f103xb.o(STACK) refers (Special) to heapauxi.o(.text) for __use_two_region_memory
    startup_stm32f103xb.o(HEAP) refers (Special) to heapauxi.o(.text) for __use_two_region_memory
    startup_stm32f103xb.o(RESET) refers (Special) to heapauxi.o(.text) for __use_two_region_memory
    startup_stm32f103xb.o(RESET) refers to startup_stm32f103xb.o(STACK) for __initial_sp
    startup_stm32f103xb.o(RESET) refers to startup_stm32f103xb.o(.text) for Reset_Handler
    startup_stm32f103xb.o(RESET) refers to stm32f1xx_it.o(i.NMI_Handler) for NMI_Handler
    startup_stm32f103xb.o(RESET) refers to stm32f1xx_it.o(i.HardFault_Handler) for HardFault_Handler
    startup_stm32f103xb.o(RESET) refers to stm32f1xx_it.o(i.MemManage_Handler) for MemManage_Handler
    startup_stm32f103xb.o(RESET) refers to stm32f1xx_it.o(i.BusFault_Handler) for BusFault_Handler
    startup_stm32f103xb.o(RESET) refers to stm32f1xx_it.o(i.UsageFault_Handler) for UsageFault_Handler
    startup_stm32f103xb.o(RESET) refers to stm32f1xx_it.o(i.SVC_Handler) for SVC_Handler
    startup_stm32f103xb.o(RESET) refers to stm32f1xx_it.o(i.DebugMon_Handler) for DebugMon_Handler
    startup_stm32f103xb.o(RESET) refers to stm32f1xx_it.o(i.PendSV_Handler) for PendSV_Handler
    startup_stm32f103xb.o(RESET) refers to stm32f1xx_it.o(i.SysTick_Handler) for SysTick_Handler
    startup_stm32f103xb.o(RESET) refers to stm32f1xx_it.o(i.EXTI4_IRQHandler) for EXTI4_IRQHandler
    startup_stm32f103xb.o(RESET) refers to stm32f1xx_it.o(i.DMA1_Channel4_IRQHandler) for DMA1_Channel4_IRQHandler
    startup_stm32f103xb.o(RESET) refers to stm32f1xx_it.o(i.DMA1_Channel7_IRQHandler) for DMA1_Channel7_IRQHandler
    startup_stm32f103xb.o(RESET) refers to stm32f1xx_it.o(i.USART1_IRQHandler) for USART1_IRQHandler
    startup_stm32f103xb.o(RESET) refers to stm32f1xx_it.o(i.USART2_IRQHandler) for USART2_IRQHandler
    startup_stm32f103xb.o(.text) refers (Special) to heapauxi.o(.text) for __use_two_region_memory
    startup_stm32f103xb.o(.text) refers to system_stm32f1xx.o(i.SystemInit) for SystemInit
    startup_stm32f103xb.o(.text) refers to __main.o(!!!main) for __main
    startup_stm32f103xb.o(.text) refers to startup_stm32f103xb.o(HEAP) for Heap_Mem
    startup_stm32f103xb.o(.text) refers to startup_stm32f103xb.o(STACK) for Stack_Mem
    zw800.o(i.CMD_AutoCaiSensor) refers to zw800.o(i.Check_Sum_Div) for Check_Sum_Div
    zw800.o(i.CMD_AutoCaiSensor) refers to zw800.o(.data) for .data
    zw800.o(i.CMD_AutoCaiSensor) refers to zw800.o(.bss) for .bss
    zw800.o(i.CMD_AutoEnroll) refers to zw800.o(i.Check_Sum_Div) for Check_Sum_Div
    zw800.o(i.CMD_AutoEnroll) refers to zw800.o(.data) for .data
    zw800.o(i.CMD_AutoEnroll) refers to zw800.o(.bss) for .bss
    zw800.o(i.CMD_AutoIdentify) refers to zw800.o(i.Check_Sum_Div) for Check_Sum_Div
    zw800.o(i.CMD_AutoIdentify) refers to zw800.o(.data) for .data
    zw800.o(i.CMD_AutoIdentify) refers to zw800.o(.bss) for .bss
    zw800.o(i.CMD_Cancel) refers to zw800.o(i.Check_Sum_Div) for Check_Sum_Div
    zw800.o(i.CMD_Cancel) refers to zw800.o(.data) for .data
    zw800.o(i.CMD_Cancel) refers to zw800.o(.bss) for .bss
    zw800.o(i.CMD_CheckSensor) refers to zw800.o(i.Check_Sum_Div) for Check_Sum_Div
    zw800.o(i.CMD_CheckSensor) refers to zw800.o(.data) for .data
    zw800.o(i.CMD_CheckSensor) refers to zw800.o(.bss) for .bss
    zw800.o(i.CMD_ControlBLN) refers to zw800.o(i.Check_Sum_Div) for Check_Sum_Div
    zw800.o(i.CMD_ControlBLN) refers to zw800.o(.data) for .data
    zw800.o(i.CMD_ControlBLN) refers to zw800.o(.bss) for .bss
    zw800.o(i.CMD_DeletChar) refers to zw800.o(i.Check_Sum_Div) for Check_Sum_Div
    zw800.o(i.CMD_DeletChar) refers to zw800.o(.data) for .data
    zw800.o(i.CMD_DeletChar) refers to zw800.o(.bss) for .bss
    zw800.o(i.CMD_GetChipEcho) refers to zw800.o(i.Check_Sum_Div) for Check_Sum_Div
    zw800.o(i.CMD_GetChipEcho) refers to zw800.o(.data) for .data
    zw800.o(i.CMD_GetChipEcho) refers to zw800.o(.bss) for .bss
    zw800.o(i.CMD_GetChipSN) refers to zw800.o(i.Check_Sum_Div) for Check_Sum_Div
    zw800.o(i.CMD_GetChipSN) refers to zw800.o(.data) for .data
    zw800.o(i.CMD_GetChipSN) refers to zw800.o(.bss) for .bss
    zw800.o(i.CMD_GetDummyTempleteNo) refers to zw800.o(i.Check_Sum_Div) for Check_Sum_Div
    zw800.o(i.CMD_GetDummyTempleteNo) refers to zw800.o(.data) for .data
    zw800.o(i.CMD_GetDummyTempleteNo) refers to zw800.o(.bss) for .bss
    zw800.o(i.CMD_HandShake) refers to zw800.o(i.Check_Sum_Div) for Check_Sum_Div
    zw800.o(i.CMD_HandShake) refers to zw800.o(.data) for .data
    zw800.o(i.CMD_HandShake) refers to zw800.o(.bss) for .bss
    zw800.o(i.CMD_ReadIndexTable) refers to zw800.o(i.Check_Sum_Div) for Check_Sum_Div
    zw800.o(i.CMD_ReadIndexTable) refers to zw800.o(.data) for .data
[...]
    i.MemManage_Handler                      0x08001d2c   Section        0  stm32f1xx_it.o(i.MemManage_Handler)
    i.NMI_Handler                            0x08001d2e   Section        0  stm32f1xx_it.o(i.NMI_Handler)
    i.PendSV_Handler                         0x08001d30   Section        0  stm32f1xx_it.o(i.PendSV_Handler)
    i.SVC_Handler                            0x08001d32   Section        0  stm32f1xx_it.o(i.SVC_Handler)
    i.SendCommand                            0x08001d34   Section        0  ch9329.o(i.SendCommand)
    i.Sendtest                               0x08001d68   Section        0  kmfunc.o(i.Sendtest)
    i.SysTick_Handler                        0x08001d9c   Section        0  stm32f1xx_it.o(i.SysTick_Handler)
    i.SystemClock_Config                     0x08001da0   Section        0  main.o(i.SystemClock_Config)
    i.SystemInit                             0x08001dfe   Section        0  system_stm32f1xx.o(i.SystemInit)
    i.UART_DMAAbortOnError                   0x08001e00   Section        0  stm32f1xx_hal_uart.o(i.UART_DMAAbortOnError)
    UART_DMAAbortOnError                     0x08001e01   Thumb Code    16  stm32f1xx_hal_uart.o(i.UART_DMAAbortOnError)
    i.UART_EndRxTransfer                     0x08001e10   Section        0  stm32f1xx_hal_uart.o(i.UART_EndRxTransfer)
    UART_EndRxTransfer                       0x08001e11   Thumb Code    48  stm32f1xx_hal_uart.o(i.UART_EndRxTransfer)
    i.UART_Receive_IT                        0x08001e40   Section        0  stm32f1xx_hal_uart.o(i.UART_Receive_IT)
    UART_Receive_IT                          0x08001e41   Thumb Code   182  stm32f1xx_hal_uart.o(i.UART_Receive_IT)
    i.UART_SetConfig                         0x08001ef8   Section        0  stm32f1xx_hal_uart.o(i.UART_SetConfig)
    UART_SetConfig                           0x08001ef9   Thumb Code   178  stm32f1xx_hal_uart.o(i.UART_SetConfig)
    i.UART_Start_Receive_IT                  0x08001fb0   Section        0  stm32f1xx_hal_uart.o(i.UART_Start_Receive_IT)
    i.UART_WaitOnFlagUntilTimeout            0x08001fe6   Section        0  stm32f1xx_hal_uart.o(i.UART_WaitOnFlagUntilTimeout)
    UART_WaitOnFlagUntilTimeout              0x08001fe7   Thumb Code   100  stm32f1xx_hal_uart.o(i.UART_WaitOnFlagUntilTimeout)
    i.USART1_IRQHandler                      0x0800204c   Section        0  stm32f1xx_it.o(i.USART1_IRQHandler)
    i.USART2_IRQHandler                      0x0800206c   Section        0  stm32f1xx_it.o(i.USART2_IRQHandler)
    i.UnLock                                 0x0800208c   Section        0  kmfunc.o(i.UnLock)
    i.UsageFault_Handler                     0x080020e4   Section        0  stm32f1xx_it.o(i.UsageFault_Handler)
    i.__NVIC_SetPriority                     0x080020e6   Section        0  stm32f1xx_hal_cortex.o(i.__NVIC_SetPriority)
    __NVIC_SetPriority                       0x080020e7   Thumb Code    32  stm32f1xx_hal_cortex.o(i.__NVIC_SetPriority)
    i.main                                   0x08002108   Section        0  main.o(i.main)
    i.toASCLL                                0x08002200   Section        0  ch9329.o(i.toASCLL)
    .constdata                               0x08002238   Section       16  system_stm32f1xx.o(.constdata)
    .constdata                               0x08002248   Section        8  system_stm32f1xx.o(.constdata)
    .data                                    0x20000000   Section       74  zw800.o(.data)
    .data                                    0x2000004c   Section        4  delay.o(.data)
    fac_us                                   0x2000004c   Data           4  delay.o(.data)
    .data                                    0x20000050   Section       10  func.o(.data)
    .data                                    0x2000005a   Section       35  ch9329.o(.data)
    CB                                       0x20000061   Data           8  ch9329.o(.data)
    .data                                    0x2000007d   Section        8  ch9329.o(.data)
    .data                                    0x20000085   Section        8  ch9329.o(.data)
    .data                                    0x2000008d   Section        8  ch9329.o(.data)
    .data                                    0x20000095   Section        8  ch9329.o(.data)
    .data                                    0x2000009d   Section        8  ch9329.o(.data)
    .data                                    0x200000a5   Section        8  ch9329.o(.data)
    .data                                    0x200000ad   Section        8  ch9329.o(.data)
    .data                                    0x200000b5   Section        8  ch9329.o(.data)
    .data                                    0x200000bd   Section        8  ch9329.o(.data)
    .data                                    0x200000c5   Section        8  ch9329.o(.data)
    .data                                    0x200000cd   Section        8  ch9329.o(.data)
    .data                                    0x200000d5   Section        8  ch9329.o(.data)
    .data                                    0x200000dd   Section        8  ch9329.o(.data)
    .data                                    0x200000e5   Section        8  ch9329.o(.data)
    .data                                    0x200000ed   Section        8  ch9329.o(.data)
    .data                                    0x200000f5   Section        8  ch9329.o(.data)
    .data                                    0x200000fd   Section        8  ch9329.o(.data)
    .data                                    0x20000105   Section        8  ch9329.o(.data)
    .data                                    0x2000010d   Section        8  ch9329.o(.data)
    .data                                    0x20000115   Section        8  ch9329.o(.data)
    .data                                    0x2000011d   Section        8  ch9329.o(.data)
    .data                                    0x20000125   Section        8  ch9329.o(.data)
    .data                                    0x2000012d   Section        8  ch9329.o(.data)
    .data                                    0x20000135   Section        8  ch9329.o(.data)
    .data                                    0x2000013d   Section        8  ch9329.o(.data)
    .data                                    0x20000145   Section        8  ch9329.o(.data)
    .data                                    0x2000014d   Section        8  ch9329.o(.data)
    .data                                    0x20000155   Section        8  ch9329.o(.data)
    .data                                    0x2000015d   Section        8  ch9329.o(.data)
    .data                                    0x20000165   Section        8  ch9329.o(.data)
    .data                                    0x2000016d   Section        8  ch9329.o(.data)
    .data                                    0x20000175   Section        8  ch9329.o(.data)
    .data                                    0x2000017d   Section        8  ch9329.o(.data)
    .data                                    0x20000185   Section        8  ch9329.o(.data)
    .data                                    0x2000018d   Section        8  ch9329.o(.data)
    .data                                    0x20000195   Section        8  ch9329.o(.data)
    .data                                    0x2000019d   Section        8  ch9329.o(.data)
    .data                                    0x200001a5   Section        8  ch9329.o(.data)
    .data                                    0x200001ad   Section        8  ch9329.o(.data)
    .data                                    0x200001b5   Section        8  ch9329.o(.data)
    .data                                    0x200001bd   Section        8  ch9329.o(.data)
    .data                                    0x200001c5   Section        8  ch9329.o(.data)
    .data                                    0x200001cd   Section        8  ch9329.o(.data)
    .data                                    0x200001d5   Section        8  ch9329.o(.data)
    .data                                    0x200001dd   Section        8  ch9329.o(.data)
    .data                                    0x200001e5   Section        8  ch9329.o(.data)
    .data                                    0x200001ed   Section        8  ch9329.o(.data)
    .data                                    0x200001f5   Section        8  ch9329.o(.data)
    .data                                    0x200001fd   Section        8  ch9329.o(.data)
    .data                                    0x20000205   Section        8  ch9329.o(.data)
    .data                                    0x2000020d   Section        8  ch9329.o(.data)
    .data                                    0x20000215   Section        8  ch9329.o(.data)
    .data                                    0x2000021d   Section        8  ch9329.o(.data)
    .data                                    0x20000225   Section        8  ch9329.o(.data)
    .data                                    0x2000022d   Section        8  ch9329.o(.data)
    .data                                    0x20000235   Section        8  ch9329.o(.data)
    .data                                    0x2000023d   Section        8  ch9329.o(.data)
    .data                                    0x20000245   Section        8  ch9329.o(.data)
    .data                                    0x2000024d   Section        8  ch9329.o(.data)
    .data                                    0x20000255   Section        8  ch9329.o(.data)
    .data                                    0x2000025d   Section        8  ch9329.o(.data)
    .data                                    0x20000265   Section        8  ch9329.o(.data)
    .data                                    0x2000026d   Section        8  ch9329.o(.data)
    .data                                    0x20000275   Section        8  ch9329.o(.data)
    .data                                    0x2000027d   Section        8  ch9329.o(.data)
    .data                                    0x20000285   Section        8  ch9329.o(.data)
    .data                                    0x2000028d   Section        8  ch9329.o(.data)
    .data                                    0x20000295   Section        8  ch9329.o(.data)
    .data                                    0x2000029d   Section        8  ch9329.o(.data)
    .data                                    0x200002a5   Section        8  ch9329.o(.data)
    .data                                    0x200002ad   Section        8  ch9329.o(.data)
    .data                                    0x200002b5   Section        8  ch9329.o(.data)
    .data                                    0x200002bd   Section        8  ch9329.o(.data)
    .data                                    0x200002c5   Section        8  ch9329.o(.data)
    .data                                    0x200002cd   Section        8  ch9329.o(.data)
    .data                                    0x200002d5   Section        8  ch9329.o(.data)
    .data                                    0x200002dd   Section        8  ch9329.o(.data)
    .data                                    0x200002e5   Section        8  ch9329.o(.data)
    .data                                    0x200002ed   Section        8  ch9329.o(.data)
    .data                                    0x200002f5   Section        8  ch9329.o(.data)
    .data                                    0x200002fd   Section        8  ch9329.o(.data)
    .data                                    0x20000305   Section        8  ch9329.o(.data)
    .data                                    0x2000030d   Section        8  ch9329.o(.data)
    .data                                    0x20000315   Section        8  ch9329.o(.data)
    .data                                    0x2000031d   Section        8  ch9329.o(.data)
    .data                                    0x20000325   Section        8  ch9329.o(.data)
    .data                                    0x2000032d   Section        8  ch9329.o(.data)
    .data                                    0x20000335   Section        8  ch9329.o(.data)
    .data                                    0x2000033d   Section        8  ch9329.o(.data)
    .data                                    0x20000345   Section        8  ch9329.o(.data)
    .data                                    0x2000034d   Section        8  ch9329.o(.data)
    .data                                    0x20000355   Section        8  ch9329.o(.data)
    .data                                    0x2000035d   Section        8  ch9329.o(.data)
    .data                                    0x20000365   Section        8  ch9329.o(.data)
    .data                                    0x2000036d   Section        8  ch9329.o(.data)
    .data                                    0x20000378   Section      508  ch9329.o(.data)
    .data                                    0x20000574   Section       52  kmfunc.o(.data)
    .data                                    0x200005a8   Section       28  mouse.o(.data)
    .data                                    0x200005c4   Section       17  mouse.o(.data)
    .data                                    0x200005d5   Section       17  mouse.o(.data)
    .data                                    0x200005e6   Section       45  main.o(.data)
    .data                                    0x20000614   Section       12  usart.o(.data)
    .data                                    0x20000620   Section       12  stm32f1xx_hal.o(.data)
    .data                                    0x2000062c   Section        4  system_stm32f1xx.o(.data)
    .bss                                     0x20000630   Section      294  zw800.o(.bss)
    .bss                                     0x20000756   Section       78  func.o(.bss)
    .bss                                     0x200007a4   Section      123  ch9329.o(.bss)
    .bss                                     0x20000820   Section      472  usart.o(.bss)
    .bss                                     0x200009f8   Section       20  msghandler.o(.bss)
    cmd                                      0x200009f8   Data          20  msghandler.o(.bss)
    .bss                                     0x20000a0c   Section       96  libspace.o(.bss)
    HEAP                                     0x20000a70   Section      512  startup_stm32f103xb.o(HEAP)
    Heap_Mem                                 0x20000a70   Data         512  startup_stm32f103xb.o(HEAP)
    STACK                                    0x20000c70   Section     1024  startup_stm32f103xb.o(STACK)
    Stack_Mem                                0x20000c70   Data        1024  startup_stm32f103xb.o(STACK)
    __initial_sp                             0x20001070   Data           0  startup_stm32f103xb.o(STACK)

    Global Symbols

    Symbol Name                              Value     Ov Type        Size  Object(Section)

    BuildAttributes$$THM_ISAv4$P$D$K$B$S$PE$A:L22UL41UL21$X:L11$S22US41US21$IEEE1$IW$USESV6$~STKCKD$USESV7$~SHL$OSPACE$ROPI$EBA8$UX$STANDARDLIB$REQ8$PRES8$EABIv2 0x00000000   Number         0  anon$$obj.o ABSOLUTE
    __ARM_use_no_argv                        0x00000000   Number         0  main.o ABSOLUTE
    __ARM_exceptions_init                     - Undefined Weak Reference
    __alloca_initialize                       - Undefined Weak Reference
    __arm_preinit_                            - Undefined Weak Reference
    __cpp_initialize__aeabi_                  - Undefined Weak Reference
    __cxa_finalize                            - Undefined Weak Reference
    __rt_locale                               - Undefined Weak Reference
    __sigvec_lookup                           - Undefined Weak Reference
    _atexit_init                              - Undefined Weak Reference
    _call_atexit_fns                          - Undefined Weak Reference
    _clock_init                               - Undefined Weak Reference
    _fp_trap_init                             - Undefined Weak Reference
    _fp_trap_shutdown                         - Undefined Weak Reference
    _get_lc_collate                           - Undefined Weak Reference
    _get_lc_ctype                             - Undefined Weak Reference
    _get_lc_monetary                          - Undefined Weak Reference
    _get_lc_numeric                           - Undefined Weak Reference
    _get_lc_time                              - Undefined Weak Reference
    _getenv_init                              - Undefined Weak Reference
    _handle_redirection                       - Undefined Weak Reference
    _init_alloc                               - Undefined Weak Reference
    _init_user_alloc                          - Undefined Weak Reference
    _initio                                   - Undefined Weak Reference
    _rand_init                                - Undefined Weak Reference
    _signal_finish                            - Undefined Weak Reference
    _signal_init                              - Undefined Weak Reference
    _terminate_alloc                          - Undefined Weak Reference
    _terminate_user_alloc                     - Undefined Weak Reference
    _terminateio                              - Undefined Weak Reference
    __Vectors_Size                           0x000000ec   Number         0  startup_stm32f103xb.o ABSOLUTE
    __Vectors                                0x08000000   Data           4  startup_stm32f103xb.o(RESET)
    __Vectors_End                            0x080000ec   Data           0  startup_stm32f103xb.o(RESET)
    __main                                   0x080000ed   Thumb Code     8  __main.o(!!!main)
    __scatterload                            0x080000f5   Thumb Code     0  __scatter.o(!!!scatter)
    __scatterload_rt2                        0x080000f5   Thumb Code    44  __scatter.o(!!!scatter)
    __scatterload_rt2_thumb_only             0x080000f5   Thumb Code     0  __scatter.o(!!!scatter)
    __scatterload_null                       0x08000103   Thumb Code     0  __scatter.o(!!!scatter)
    __decompress                             0x08000129   Thumb Code    90  __dczerorl2.o(!!dczerorl2)
    __decompress1                            0x08000129   Thumb Code     0  __dczerorl2.o(!!dczerorl2)
    __scatterload_zeroinit                   0x08000185   Thumb Code    28  __scatter_zi.o(!!handler_zi)
    __rt_lib_init                            0x080001a1   Thumb Code     0  libinit.o(.ARM.Collect$$libinit$$00000000)
    __rt_lib_init_alloca_1                   0x080001a3   Thumb Code     0  libinit2.o(.ARM.Collect$$libinit$$0000002E)
    __rt_lib_init_argv_1                     0x080001a3   Thumb Code     0  libinit2.o(.ARM.Collect$$libinit$$0000002C)
    __rt_lib_init_atexit_1                   0x080001a3   Thumb Code     0  libinit2.o(.ARM.Collect$$libinit$$0000001B)
    __rt_lib_init_clock_1                    0x080001a3   Thumb Code     0  libinit2.o(.ARM.Collect$$libinit$$00000021)
    __rt_lib_init_cpp_1                      0x080001a3   Thumb Code     0  libinit2.o(.ARM.Collect$$libinit$$00000032)
    __rt_lib_init_exceptions_1               0x080001a3   Thumb Code     0  libinit2.o(.ARM.Collect$$libinit$$00000030)
    __rt_lib_init_fp_1                       0x080001a3   Thumb Code     0  libinit2.o(.ARM.Collect$$libinit$$00000002)
    __rt_lib_init_fp_trap_1                  0x080001a3   Thumb Code     0  libinit2.o(.ARM.Collect$$libinit$$0000001F)
    __rt_lib_init_getenv_1                   0x080001a3   Thumb Code     0  libinit2.o(.ARM.Collect$$libinit$$00000023)
    __rt_lib_init_heap_1                     0x080001a3   Thumb Code     0  libinit2.o(.ARM.Collect$$libinit$$0000000A)
    __rt_lib_init_lc_collate_1               0x080001a3   Thumb Code     0  libinit2.o(.ARM.Collect$$libinit$$00000011)
    __rt_lib_init_lc_ctype_1                 0x080001a3   Thumb Code     0  libinit2.o(.ARM.Collect$$libinit$$00000013)
    __rt_lib_init_lc_monetary_1              0x080001a3   Thumb Code     0  libinit2.o(.ARM.Collect$$libinit$$00000015)
    __rt_lib_init_lc_numeric_1               0x080001a3   Thumb Code     0  libinit2.o(.ARM.Collect$$libinit$$00000017)
    __rt_lib_init_lc_time_1                  0x080001a3   Thumb Code     0  libinit2.o(.ARM.Collect$$libinit$$00000019)
    __rt_lib_init_preinit_1                  0x080001a3   Thumb Code     0  libinit2.o(.ARM.Collect$$libinit$$00000004)
    __rt_lib_init_rand_1                     0x080001a3   Thumb Code     0  libinit2.o(.ARM.Collect$$libinit$$0000000E)
    __rt_lib_init_return                     0x080001a3   Thumb Code     0  libinit2.o(.ARM.Collect$$libinit$$00000033)
    __rt_lib_init_signal_1                   0x080001a3   Thumb Code     0  libinit2.o(.ARM.Collect$$libinit$$0000001D)
    __rt_lib_init_stdio_1                    0x080001a3   Thumb Code     0  libinit2.o(.ARM.Collect$$libinit$$00000025)
    __rt_lib_init_user_alloc_1               0x080001a3   Thumb Code     0  libinit2.o(.ARM.Collect$$libinit$$0000000C)
    __rt_lib_shutdown                        0x080001a5   Thumb Code     0  libshutdown.o(.ARM.Collect$$libshutdown$$00000000)
    __rt_lib_shutdown_cpp_1                  0x080001a7   Thumb Code     0  libshutdown2.o(.ARM.Collect$$libshutdown$$00000002)
    __rt_lib_shutdown_fp_trap_1              0x080001a7   Thumb Code     0  libshutdown2.o(.ARM.Collect$$libshutdown$$00000007)
    __rt_lib_shutdown_heap_1                 0x080001a7   Thumb Code     0  libshutdown2.o(.ARM.Collect$$libshutdown$$0000000F)
    __rt_lib_shutdown_return                 0x080001a7   Thumb Code     0  libshutdown2.o(.ARM.Collect$$libshutdown$$00000010)
    __rt_lib_shutdown_signal_1               0x080001a7   Thumb Code     0  libshutdown2.o(.ARM.Collect$$libshutdown$$0000000A)
    __rt_lib_shutdown_stdio_1                0x080001a7   Thumb Code     0  libshutdown2.o(.ARM.Collect$$libshutdown$$00000004)
    __rt_lib_shutdown_user_alloc_1           0x080001a7   Thumb Code     0  libshutdown2.o(.ARM.Collect$$libshutdown$$0000000C)
    __rt_entry                               0x080001a9   Thumb Code     0  __rtentry.o(.ARM.Collect$$rtentry$$00000000)
    __rt_entry_presh_1                       0x080001a9   Thumb Code     0  __rtentry2.o(.ARM.Collect$$rtentry$$00000002)
    __rt_entry_sh                            0x080001a9   Thumb Code     0  __rtentry4.o(.ARM.Collect$$rtentry$$00000004)
    __rt_entry_li                            0x080001af   Thumb Code     0  __rtentry2.o(.ARM.Collect$$rtentry$$0000000A)
    __rt_entry_postsh_1                      0x080001af   Thumb Code     0  __rtentry2.o(.ARM.Collect$$rtentry$$00000009)
    __rt_entry_main                          0x080001b3   Thumb Code     0  __rtentry2.o(.ARM.Collect$$rtentry$$0000000D)
    __rt_entry_postli_1                      0x080001b3   Thumb Code     0  __rtentry2.o(.ARM.Collect$$rtentry$$0000000C)
    __rt_exit                                0x080001bb   Thumb Code     0  rtexit.o(.ARM.Collect$$rtexit$$00000000)
    __rt_exit_ls                             0x080001bd   Thumb Code     0  rtexit2.o(.ARM.Collect$$rtexit$$00000003)
    __rt_exit_prels_1                        0x080001bd   Thumb Code     0  rtexit2.o(.ARM.Collect$$rtexit$$00000002)
    __rt_exit_exit                           0x080001c1   Thumb Code     0  rtexit2.o(.ARM.Collect$$rtexit$$00000004)
    Reset_Handler                            0x080001c9   Thumb Code     8  startup_stm32f103xb.o(.text)
    ADC1_2_IRQHandler                        0x080001e3   Thumb Code     0  startup_stm32f103xb.o(.text)
    CAN1_RX1_IRQHandler                      0x080001e3   Thumb Code     0  startup_stm32f103xb.o(.text)
    CAN1_SCE_IRQHandler                      0x080001e3   Thumb Code     0  startup_stm32f103xb.o(.text)
    DMA1_Channel1_IRQHandler                 0x080001e3   Thumb Code     0  startup_stm32f103xb.o(.text)
    DMA1_Channel2_IRQHandler                 0x080001e3   Thumb Code     0  startup_stm32f103xb.o(.text)
    DMA1_Channel3_IRQHandler                 0x080001e3   Thumb Code     0  startup_stm32f103xb.o(.text)
    DMA1_Channel5_IRQHandler                 0x080001e3   Thumb Code     0  startup_stm32f103xb.o(.text)
    DMA1_Channel6_IRQHandler                 0x080001e3   Thumb Code     0  startup_stm32f103xb.o(.text)
    EXTI0_IRQHandler                         0x080001e3   Thumb Code     0  startup_stm32f103xb.o(.text)
    EXTI15_10_IRQHandler                     0x080001e3   Thumb Code     0  startup_stm32f103xb.o(.text)
    EXTI1_IRQHandler                         0x080001e3   Thumb Code     0  startup_stm32f103xb.o(.text)
    EXTI2_IRQHandler                         0x080001e3   Thumb Code     0  startup_stm32f103xb.o(.text)
    EXTI3_IRQHandler                         0x080001e3   Thumb Code     0  startup_stm32f103xb.o(.text)
    EXTI9_5_IRQHandler                       0x080001e3   Thumb Code     0  startup_stm32f103xb.o(.text)
    FLASH_IRQHandler                         0x080001e3   Thumb Code     0  startup_stm32f103xb.o(.text)
    I2C1_ER_IRQHandler                       0x080001e3   Thumb Code     0  startup_stm32f103xb.o(.text)
    I2C1_EV_IRQHandler                       0x080001e3   Thumb Code     0  startup_stm32f103xb.o(.text)
    I2C2_ER_IRQHandler                       0x080001e3   Thumb Code     0  startup_stm32f103xb.o(.text)
    I2C2_EV_IRQHandler                       0x080001e3   Thumb Code     0  startup_stm32f103xb.o(.text)
    PVD_IRQHandler                           0x080001e3   Thumb Code     0  startup_stm32f103xb.o(.text)
    RCC_IRQHandler                           0x080001e3   Thumb Code     0  startup_stm32f103xb.o(.text)
    RTC_Alarm_IRQHandler                     0x080001e3   Thumb Code     0  startup_stm32f103xb.o(.text)
    RTC_IRQHandler                           0x080001e3   Thumb Code     0  startup_stm32f103xb.o(.text)
    SPI1_IRQHandler                          0x080001e3   Thumb Code     0  startup_stm32f103xb.o(.text)
    SPI2_IRQHandler                          0x080001e3   Thumb Code     0  startup_stm32f103xb.o(.text)
    TAMPER_IRQHandler                        0x080001e3   Thumb Code     0  startup_stm32f103xb.o(.text)
    TIM1_BRK_IRQHandler                      0x080001e3   Thumb Code     0  startup_stm32f103xb.o(.text)
    TIM1_CC_IRQHandler                       0x080001e3   Thumb Code     0  startup_stm32f103xb.o(.text)
    TIM1_TRG_COM_IRQHandler                  0x080001e3   Thumb Code     0  startup_stm32f103xb.o(.text)
    TIM1_UP_IRQHandler                       0x080001e3   Thumb Code     0  startup_stm32f103xb.o(.text)
    TIM2_IRQHandler                          0x080001e3   Thumb Code     0  startup_stm32f103xb.o(.text)
    TIM3_IRQHandler                          0x080001e3   Thumb Code     0  startup_stm32f103xb.o(.text)
    TIM4_IRQHandler                          0x080001e3   Thumb Code     0  startup_stm32f103xb.o(.text)
    USART3_IRQHandler                        0x080001e3   Thumb Code     0  startup_stm32f103xb.o(.text)
    USBWakeUp_IRQHandler                     0x080001e3   Thumb Code     0  startup_stm32f103xb.o(.text)
    USB_HP_CAN1_TX_IRQHandler                0x080001e3   Thumb Code     0  startup_stm32f103xb.o(.text)
    USB_LP_CAN1_RX0_IRQHandler               0x080001e3   Thumb Code     0  startup_stm32f103xb.o(.text)
    WWDG_IRQHandler                          0x080001e3   Thumb Code     0  startup_stm32f103xb.o(.text)
    __user_initial_stackheap                 0x080001e5   Thumb Code     0  startup_stm32f103xb.o(.text)
    strlen                                   0x08000209   Thumb Code    62  strlen.o(.text)
    __aeabi_memclr4                          0x08000247   Thumb Code     0  rt_memclr_w.o(.text)
    __aeabi_memclr8                          0x08000247   Thumb Code     0  rt_memclr_w.o(.text)
    __rt_memclr_w                            0x08000247   Thumb Code    78  rt_memclr_w.o(.text)
    _memset_w                                0x0800024b   Thumb Code     0  rt_memclr_w.o(.text)
    __use_two_region_memory                  0x08000295   Thumb Code     2  heapauxi.o(.text)
    __rt_heap_escrow$2region                 0x08000297   Thumb Code     2  heapauxi.o(.text)
    __rt_heap_expand$2region                 0x08000299   Thumb Code     2  heapauxi.o(.text)
    __user_setup_stackheap                   0x0800029b   Thumb Code    74  sys_stackheap_outer.o(.text)
    exit                                     0x080002e5   Thumb Code    18  exit.o(.text)
    __user_libspace                          0x080002f9   Thumb Code     8  libspace.o(.text)
    __user_perproc_libspace                  0x080002f9   Thumb Code     0  libspace.o(.text)
    __user_perthread_libspace                0x080002f9   Thumb Code     0  libspace.o(.text)
    _sys_exit                                0x08000301   Thumb Code     8  sys_exit.o(.text)
    __I$use$semihosting                      0x0800030d   Thumb Code     0  use_no_semi.o(.text)
    __use_no_semihosting_swi                 0x0800030d   Thumb Code     2  use_no_semi.o(.text)
    BusFault_Handler                         0x0800030f   Thumb Code     2  stm32f1xx_it.o(i.BusFault_Handler)
    __semihosting_library_function           0x0800030f   Thumb Code     0  indicate_semi.o(.text)
    CMD_AutoIdentify                         0x08000311   Thumb Code   104  zw800.o(i.CMD_AutoIdentify)
    CMD_CheckSensor                          0x08000381   Thumb Code    82  zw800.o(i.CMD_CheckSensor)
    CMD_ControlBLN                           0x080003dd   Thumb Code    98  zw800.o(i.CMD_ControlBLN)
    CMD_GetChipSN                            0x08000449   Thumb Code    88  zw800.o(i.CMD_GetChipSN)
    CMD_GetDummyTempleteNo                   0x080004a9   Thumb Code    82  zw800.o(i.CMD_GetDummyTempleteNo)
    CMD_HandShake                            0x08000505   Thumb Code    82  zw800.o(i.CMD_HandShake)
    CMD_ReadIndexTable                       0x08000561   Thumb Code    88  zw800.o(i.CMD_ReadIndexTable)
    CMD_Sleep                                0x080005c1   Thumb Code    84  zw800.o(i.CMD_Sleep)
    Cal                                      0x0800061d   Thumb Code    66  mouse.o(i.Cal)
    Calc_Checksum                            0x08000665   Thumb Code    28  msghandler.o(i.Calc_Checksum)
    Check_Sum_Div                            0x08000681   Thumb Code    10  zw800.o(i.Check_Sum_Div)
    CmdConnect                               0x08000691   Thumb Code    52  zw800.o(i.CmdConnect)
    Cmp_Checksum                             0x080006c9   Thumb Code    40  msghandler.o(i.Cmp_Checksum)
    Combine                                  0x080006f1   Thumb Code    84  ch9329.o(i.Combine)
    Con_AutoIdentify                         0x08000751   Thumb Code    80  func.o(i.Con_AutoIdentify)
    Con_CheckSensor                          0x080007b5   Thumb Code    48  func.o(i.Con_CheckSensor)
    Con_ControlBLN                           0x080007f5   Thumb Code    52  func.o(i.Con_ControlBLN)
    Con_GetChipSN                            0x08000839   Thumb Code    62  func.o(i.Con_GetChipSN)
    Con_GetDummyTempleteNo                   0x0800088d   Thumb Code    64  func.o(i.Con_GetDummyTempleteNo)
    Con_HandShake                            0x080008e1   Thumb Code    52  func.o(i.Con_HandShake)
    Con_Sleep                                0x08000925   Thumb Code    52  func.o(i.Con_Sleep)
    DATA_Compare                             0x08000969   Thumb Code    28  kmfunc.o(i.DATA_Compare)
    DATA_Judge                               0x08000985   Thumb Code    72  kmfunc.o(i.DATA_Judge)
    DMA1_Channel4_IRQHandler                 0x080009d1   Thumb Code     6  stm32f1xx_it.o(i.DMA1_Channel4_IRQHandler)
    DMA1_Channel7_IRQHandler                 0x080009dd   Thumb Code     6  stm32f1xx_it.o(i.DMA1_Channel7_IRQHandler)
    DebugMon_Handler                         0x080009e9   Thumb Code     2  stm32f1xx_it.o(i.DebugMon_Handler)
    Delay_Init                               0x080009ed   Thumb Code    16  delay.o(i.Delay_Init)
    Delay_ms                                 0x08000a01   Thumb Code    26  delay.o(i.Delay_ms)
    Delay_us                                 0x08000a1d   Thumb Code    48  delay.o(i.Delay_us)
    EXTI4_IRQHandler                         0x08000a51   Thumb Code     6  stm32f1xx_it.o(i.EXTI4_IRQHandler)
    Error_Handler                            0x08000a57   Thumb Code     4  main.o(i.Error_Handler)
    GenerateCmd                              0x08000a5d   Thumb Code    44  msghandler.o(i.GenerateCmd)
    GetTableState                            0x08000a8d   Thumb Code    56  func.o(i.GetTableState)
    HAL_DMA_Abort                            0x08000ad9   Thumb Code    70  stm32f1xx_hal_dma.o(i.HAL_DMA_Abort)
    HAL_DMA_Abort_IT                         0x08000b21   Thumb Code   148  stm32f1xx_hal_dma.o(i.HAL_DMA_Abort_IT)
    HAL_DMA_IRQHandler                       0x08000bb9   Thumb Code   316  stm32f1xx_hal_dma.o(i.HAL_DMA_IRQHandler)
    HAL_DMA_Init                             0x08000d0d   Thumb Code    84  stm32f1xx_hal_dma.o(i.HAL_DMA_Init)
    HAL_GPIO_EXTI_Callback                   0x08000d69   Thumb Code    32  gpio.o(i.HAL_GPIO_EXTI_Callback)
    HAL_GPIO_EXTI_IRQHandler                 0x08000d91   Thumb Code    18  stm32f1xx_hal_gpio.o(i.HAL_GPIO_EXTI_IRQHandler)
    HAL_GPIO_Init                            0x08000da9   Thumb Code   446  stm32f1xx_hal_gpio.o(i.HAL_GPIO_Init)
    HAL_GPIO_ReadPin                         0x08000f89   Thumb Code    10  stm32f1xx_hal_gpio.o(i.HAL_GPIO_ReadPin)
    HAL_GPIO_TogglePin                       0x08000f93   Thumb Code    16  stm32f1xx_hal_gpio.o(i.HAL_GPIO_TogglePin)
    HAL_GPIO_WritePin                        0x08000fa3   Thumb Code    10  stm32f1xx_hal_gpio.o(i.HAL_GPIO_WritePin)
    HAL_GetTick                              0x08000fad   Thumb Code     6  stm32f1xx_hal.o(i.HAL_GetTick)
    HAL_IncTick                              0x08000fb9   Thumb Code    12  stm32f1xx_hal.o(i.HAL_IncTick)
    HAL_Init                                 0x08000fc9   Thumb Code    32  stm32f1xx_hal.o(i.HAL_Init)
    HAL_InitTick                             0x08000fed   Thumb Code    54  stm32f1xx_hal.o(i.HAL_InitTick)
    HAL_MspInit                              0x0800102d   Thumb Code    44  stm32f1xx_hal_msp.o(i.HAL_MspInit)
    HAL_NVIC_EnableIRQ                       0x0800105d   Thumb Code    26  stm32f1xx_hal_cortex.o(i.HAL_NVIC_EnableIRQ)
    HAL_NVIC_SetPriority                     0x08001079   Thumb Code    60  stm32f1xx_hal_cortex.o(i.HAL_NVIC_SetPriority)
    HAL_NVIC_SetPriorityGrouping             0x080010b9   Thumb Code    26  stm32f1xx_hal_cortex.o(i.HAL_NVIC_SetPriorityGrouping)
    HAL_RCC_ClockConfig                      0x080010dd   Thumb Code   280  stm32f1xx_hal_rcc.o(i.HAL_RCC_ClockConfig)
    HAL_RCC_GetPCLK1Freq                     0x08001209   Thumb Code    20  stm32f1xx_hal_rcc.o(i.HAL_RCC_GetPCLK1Freq)
    HAL_RCC_GetPCLK2Freq                     0x08001229   Thumb Code    20  stm32f1xx_hal_rcc.o(i.HAL_RCC_GetPCLK2Freq)
    HAL_RCC_GetSysClockFreq                  0x08001249   Thumb Code    74  stm32f1xx_hal_rcc.o(i.HAL_RCC_GetSysClockFreq)
    HAL_RCC_OscConfig                        0x080012b5   Thumb Code   778  stm32f1xx_hal_rcc.o(i.HAL_RCC_OscConfig)
    HAL_SYSTICK_CLKSourceConfig              0x080015d5   Thumb Code    24  stm32f1xx_hal_cortex.o(i.HAL_SYSTICK_CLKSourceConfig)
    HAL_SYSTICK_Config                       0x080015ed   Thumb Code    40  stm32f1xx_hal_cortex.o(i.HAL_SYSTICK_Config)
    HAL_UARTEx_RxEventCallback               0x08001615   Thumb Code     2  stm32f1xx_hal_uart.o(i.HAL_UARTEx_RxEventCallback)
    HAL_UART_ErrorCallback                   0x08001617   Thumb Code     2  stm32f1xx_hal_uart.o(i.HAL_UART_ErrorCallback)
    HAL_UART_IRQHandler                      0x08001619   Thumb Code   520  stm32f1xx_hal_uart.o(i.HAL_UART_IRQHandler)
    HAL_UART_Init                            0x08001825   Thumb Code    98  stm32f1xx_hal_uart.o(i.HAL_UART_Init)
    HAL_UART_MspInit                         0x08001889   Thumb Code   292  usart.o(i.HAL_UART_MspInit)
    HAL_UART_Receive_IT                      0x080019c5   Thumb Code    42  stm32f1xx_hal_uart.o(i.HAL_UART_Receive_IT)
    HAL_UART_RxCpltCallback                  0x080019f1   Thumb Code   136  usart.o(i.HAL_UART_RxCpltCallback)
    HAL_UART_Transmit                        0x08001a89   Thumb Code   178  stm32f1xx_hal_uart.o(i.HAL_UART_Transmit)
    HAL_UART_TxCpltCallback                  0x08001b3b   Thumb Code     2  stm32f1xx_hal_uart.o(i.HAL_UART_TxCpltCallback)
    Handler                                  0x08001b3d   Thumb Code    62  msghandler.o(i.Handler)
    HardFault_Handler                        0x08001b85   Thumb Code     2  stm32f1xx_it.o(i.HardFault_Handler)
    LED_Init                                 0x08001b89   Thumb Code    62  led.o(i.LED_Init)
    MX_DMA_Init                              0x08001bd1   Thumb Code    56  dma.o(i.MX_DMA_Init)
    MX_GPIO_Init                             0x08001c0d   Thumb Code   136  gpio.o(i.MX_GPIO_Init)
    MX_USART1_UART_Init                      0x08001ca5   Thumb Code    54  usart.o(i.MX_USART1_UART_Init)
    MX_USART2_UART_Init                      0x08001ce9   Thumb Code    54  usart.o(i.MX_USART2_UART_Init)
    MemManage_Handler                        0x08001d2d   Thumb Code     2  stm32f1xx_it.o(i.MemManage_Handler)
    NMI_Handler                              0x08001d2f   Thumb Code     2  stm32f1xx_it.o(i.NMI_Handler)
    PendSV_Handler                           0x08001d31   Thumb Code     2  stm32f1xx_it.o(i.PendSV_Handler)
    SVC_Handler                              0x08001d33   Thumb Code     2  stm32f1xx_it.o(i.SVC_Handler)
    SendCommand                              0x08001d35   Thumb Code    42  ch9329.o(i.SendCommand)
    Sendtest                                 0x08001d69   Thumb Code    40  kmfunc.o(i.Sendtest)
    SysTick_Handler                          0x08001d9d   Thumb Code     4  stm32f1xx_it.o(i.SysTick_Handler)
    SystemClock_Config                       0x08001da1   Thumb Code    94  main.o(i.SystemClock_Config)
    SystemInit                               0x08001dff   Thumb Code     2  system_stm32f1xx.o(i.SystemInit)
    UART_Start_Receive_IT                    0x08001fb1   Thumb Code    54  stm32f1xx_hal_uart.o(i.UART_Start_Receive_IT)
    USART1_IRQHandler                        0x0800204d   Thumb Code    22  stm32f1xx_it.o(i.USART1_IRQHandler)
    USART2_IRQHandler                        0x0800206d   Thumb Code    22  stm32f1xx_it.o(i.USART2_IRQHandler)
    UnLock                                   0x0800208d   Thumb Code    62  kmfunc.o(i.UnLock)
    UsageFault_Handler                       0x080020e5   Thumb Code     2  stm32f1xx_it.o(i.UsageFault_Handler)
    main                                     0x08002109   Thumb Code   222  main.o(i.main)
    toASCLL                                  0x08002201   Thumb Code    48  ch9329.o(i.toASCLL)
    AHBPrescTable                            0x08002238   Data          16  system_stm32f1xx.o(.constdata)
    APBPrescTable                            0x08002248   Data           8  system_stm32f1xx.o(.constdata)
    Region$$Table$$Base                      0x08002250   Number         0  anon$$obj.o(Region$$Table)
    Region$$Table$$Limit                     0x08002270   Number         0  anon$$obj.o(Region$$Table)
    LEN                                      0x20000000   Data           1  zw800.o(.data)
    IDCMD                                    0x20000001   Data           1  zw800.o(.data)
    AutoEnroll                               0x20000002   Data           1  zw800.o(.data)
    AutoIdentify                             0x20000003   Data           1  zw800.o(.data)
    DeletChar                                0x20000004   Data           1  zw800.o(.data)
    Cancel                                   0x20000005   Data           1  zw800.o(.data)
    Sleep                                    0x20000006   Data           1  zw800.o(.data)
    ValidTempleteNum                         0x20000007   Data           1  zw800.o(.data)
    ReadIndexTable                           0x20000008   Data           1  zw800.o(.data)
    SetPwd                                   0x20000009   Data           1  zw800.o(.data)
    VfyPwd                                   0x2000000a   Data           1  zw800.o(.data)
    GetChipEcho                              0x2000000b   Data           1  zw800.o(.data)
    AutoCaiSensor                            0x2000000c   Data           1  zw800.o(.data)
    ControlBLN                               0x2000000d   Data           1  zw800.o(.data)
    GetDummyTempleteNo                       0x2000000e   Data           1  zw800.o(.data)
    GetChipSN                                0x2000000f   Data           1  zw800.o(.data)
    HandShake                                0x20000010   Data           1  zw800.o(.data)
    CheckSenser                              0x20000011   Data           1  zw800.o(.data)
    SetChipAddr                              0x20000012   Data           1  zw800.o(.data)
    WriteNotepad                             0x20000013   Data           1  zw800.o(.data)
    ReadNotepad                              0x20000014   Data           1  zw800.o(.data)
    HEAD                                     0x20000015   Data           2  zw800.o(.data)
    AutoEnrollLen                            0x20000017   Data           2  zw800.o(.data)
    AutoIdentifyLen                          0x20000019   Data           2  zw800.o(.data)
    DeletCharLen                             0x2000001b   Data           2  zw800.o(.data)
    CancelLen                                0x2000001d   Data           2  zw800.o(.data)
    SleepLen                                 0x2000001f   Data           2  zw800.o(.data)
    ValidTempleteNumLen                      0x20000021   Data           2  zw800.o(.data)
    ReadIndexTableLen                        0x20000023   Data           2  zw800.o(.data)
    SetPwdLen                                0x20000025   Data           2  zw800.o(.data)
    VfyPwdLen                                0x20000027   Data           2  zw800.o(.data)
    GetChipEchoLen                           0x20000029   Data           2  zw800.o(.data)
    AutoCaiSensorLen                         0x2000002b   Data           2  zw800.o(.data)
    ControlBLNLen                            0x2000002d   Data           2  zw800.o(.data)
    GetDummyTempleteNoLen                    0x2000002f   Data           2  zw800.o(.data)
    GetChipSNLen                             0x20000031   Data           2  zw800.o(.data)
    HandShakeLen                             0x20000033   Data           2  zw800.o(.data)
    CheckSenserLen                           0x20000035   Data           2  zw800.o(.data)
    SetChipAddrLen                           0x20000037   Data           2  zw800.o(.data)
    WriteNotepadLen                          0x20000039   Data           2  zw800.o(.data)
    ReadNotepadLen                           0x2000003b   Data           2  zw800.o(.data)
    SUM                                      0x2000003d   Data           2  zw800.o(.data)
    ADDR                                     0x2000003f   Data           4  zw800.o(.data)
    CMD                                      0x20000043   Data           7  zw800.o(.data)
    blanknum                                 0x20000050   Data           2  func.o(.data)
    RX_TableState                            0x20000052   Data           8  func.o(.data)
    CHECK                                    0x2000005a   Data           1  ch9329.o(.data)
    len                                      0x2000005b   Data           1  ch9329.o(.data)
    FIXED_HEAD                               0x2000005c   Data           5  ch9329.o(.data)
    KeyUP                                    0x20000069   Data          20  ch9329.o(.data)
    Pie                                      0x2000007d   Data           8  ch9329.o(.data)
    One                                      0x20000085   Data           8  ch9329.o(.data)
    Two                                      0x2000008d   Data           8  ch9329.o(.data)
    Three                                    0x20000095   Data           8  ch9329.o(.data)
    Four                                     0x2000009d   Data           8  ch9329.o(.data)
    Five                                     0x200000a5   Data           8  ch9329.o(.data)
    Six                                      0x200000ad   Data           8  ch9329.o(.data)
    Seven                                    0x200000b5   Data           8  ch9329.o(.data)
    Eight                                    0x200000bd   Data           8  ch9329.o(.data)
    Nine                                     0x200000c5   Data           8  ch9329.o(.data)
    Zero                                     0x200000cd   Data           8  ch9329.o(.data)
    Line                                     0x200000d5   Data           8  ch9329.o(.data)
    Equal                                    0x200000dd   Data           8  ch9329.o(.data)
    q                                        0x200000e5   Data           8  ch9329.o(.data)
    w                                        0x200000ed   Data           8  ch9329.o(.data)
    e                                        0x200000f5   Data           8  ch9329.o(.data)
    r                                        0x200000fd   Data           8  ch9329.o(.data)
    t                                        0x20000105   Data           8  ch9329.o(.data)
    y                                        0x2000010d   Data           8  ch9329.o(.data)
    u                                        0x20000115   Data           8  ch9329.o(.data)
    i                                        0x2000011d   Data           8  ch9329.o(.data)
    o                                        0x20000125   Data           8  ch9329.o(.data)
    p                                        0x2000012d   Data           8  ch9329.o(.data)
    LeftSquareBrackets                       0x20000135   Data           8  ch9329.o(.data)
    RightSquareBrackets                      0x2000013d   Data           8  ch9329.o(.data)
    Backlash                                 0x20000145   Data           8  ch9329.o(.data)
    a                                        0x2000014d   Data           8  ch9329.o(.data)
    s                                        0x20000155   Data           8  ch9329.o(.data)
    d                                        0x2000015d   Data           8  ch9329.o(.data)
    f                                        0x20000165   Data           8  ch9329.o(.data)
    g                                        0x2000016d   Data           8  ch9329.o(.data)
    h                                        0x20000175   Data           8  ch9329.o(.data)
    j                                        0x2000017d   Data           8  ch9329.o(.data)
    k                                        0x20000185   Data           8  ch9329.o(.data)
    l                                        0x2000018d   Data           8  ch9329.o(.data)
    Semicolon                                0x20000195   Data           8  ch9329.o(.data)
    SingleQuotes                             0x2000019d   Data           8  ch9329.o(.data)
    LeftEnter                                0x200001a5   Data           8  ch9329.o(.data)
    z                                        0x200001ad   Data           8  ch9329.o(.data)
    x                                        0x200001b5   Data           8  ch9329.o(.data)
    c                                        0x200001bd   Data           8  ch9329.o(.data)
    v                                        0x200001c5   Data           8  ch9329.o(.data)
    b                                        0x200001cd   Data           8  ch9329.o(.data)
    n                                        0x200001d5   Data           8  ch9329.o(.data)
    m                                        0x200001dd   Data           8  ch9329.o(.data)
    Comma                                    0x200001e5   Data           8  ch9329.o(.data)
    Point                                    0x200001ed   Data           8  ch9329.o(.data)
    ObliqueLine                              0x200001f5   Data           8  ch9329.o(.data)
    Wave                                     0x200001fd   Data           8  ch9329.o(.data)
    Exclamation                              0x20000205   Data           8  ch9329.o(.data)
    At                                       0x2000020d   Data           8  ch9329.o(.data)
    Well                                     0x20000215   Data           8  ch9329.o(.data)
    Dollar                                   0x2000021d   Data           8  ch9329.o(.data)
    Percent                                  0x20000225   Data           8  ch9329.o(.data)
    UpAngleBrackets                          0x2000022d   Data           8  ch9329.o(.data)
    And                                      0x20000235   Data           8  ch9329.o(.data)
    Star                                     0x2000023d   Data           8  ch9329.o(.data)
    LeftParenthesis                          0x20000245   Data           8  ch9329.o(.data)
    RightParenthesis                         0x2000024d   Data           8  ch9329.o(.data)
    DownLine                                 0x20000255   Data           8  ch9329.o(.data)
    Plus                                     0x2000025d   Data           8  ch9329.o(.data)
    Q                                        0x20000265   Data           8  ch9329.o(.data)
    W                                        0x2000026d   Data           8  ch9329.o(.data)
    E                                        0x20000275   Data           8  ch9329.o(.data)
    R                                        0x2000027d   Data           8  ch9329.o(.data)
    T                                        0x20000285   Data           8  ch9329.o(.data)
    Y                                        0x2000028d   Data           8  ch9329.o(.data)
    U                                        0x20000295   Data           8  ch9329.o(.data)
    I                                        0x2000029d   Data           8  ch9329.o(.data)
    O                                        0x200002a5   Data           8  ch9329.o(.data)
    P                                        0x200002ad   Data           8  ch9329.o(.data)
    Leftbrace                                0x200002b5   Data           8  ch9329.o(.data)
    Rightbrace                               0x200002bd   Data           8  ch9329.o(.data)
    PerpendicularLine                        0x200002c5   Data           8  ch9329.o(.data)
    A                                        0x200002cd   Data           8  ch9329.o(.data)
    S                                        0x200002d5   Data           8  ch9329.o(.data)
    D                                        0x200002dd   Data           8  ch9329.o(.data)
    F                                        0x200002e5   Data           8  ch9329.o(.data)
    G                                        0x200002ed   Data           8  ch9329.o(.data)
    H                                        0x200002f5   Data           8  ch9329.o(.data)
    J                                        0x200002fd   Data           8  ch9329.o(.data)
    K                                        0x20000305   Data           8  ch9329.o(.data)
    L                                        0x2000030d   Data           8  ch9329.o(.data)
    Colon                                    0x20000315   Data           8  ch9329.o(.data)
    DoubleQuotationMarks                     0x2000031d   Data           8  ch9329.o(.data)
    Z                                        0x20000325   Data           8  ch9329.o(.data)
    X                                        0x2000032d   Data           8  ch9329.o(.data)
    C                                        0x20000335   Data           8  ch9329.o(.data)
    V                                        0x2000033d   Data           8  ch9329.o(.data)
    B                                        0x20000345   Data           8  ch9329.o(.data)
    N                                        0x2000034d   Data           8  ch9329.o(.data)
    M                                        0x20000355   Data           8  ch9329.o(.data)
    LeftAngleBracket                         0x2000035d   Data           8  ch9329.o(.data)
    RightAngleBracket                        0x20000365   Data           8  ch9329.o(.data)
    QuestionMark                             0x2000036d   Data           8  ch9329.o(.data)
    ascll                                    0x20000378   Data         508  ch9329.o(.data)
    nums                                     0x20000574   Data           1  kmfunc.o(.data)
    CpStatus                                 0x20000575   Data           1  kmfunc.o(.data)
    CpNumLock                                0x20000576   Data           1  kmfunc.o(.data)
    CpCapsLock                               0x20000577   Data           1  kmfunc.o(.data)
    TIMES                                    0x20000578   Data           2  kmfunc.o(.data)
    autoidentify                             0x2000057a   Data           6  kmfunc.o(.data)
    getdummytempleteno                       0x20000580   Data           6  kmfunc.o(.data)
    gettablestate                            0x20000586   Data           6  kmfunc.o(.data)
    Parameter                                0x2000058c   Data           9  kmfunc.o(.data)
    Reset                                    0x20000595   Data           9  kmfunc.o(.data)
    tests                                    0x2000059e   Data          10  kmfunc.o(.data)
    DX_H                                     0x200005a8   Data           1  mouse.o(.data)
    DX_L                                     0x200005a9   Data           1  mouse.o(.data)
    DY_H                                     0x200005aa   Data           1  mouse.o(.data)
    DY_L                                     0x200005ab   Data           1  mouse.o(.data)
    X_MAX                                    0x200005ac   Data           2  mouse.o(.data)
    Y_MAX                                    0x200005ae   Data           2  mouse.o(.data)
    CX                                       0x200005b0   Data           2  mouse.o(.data)
    CY                                       0x200005b2   Data           2  mouse.o(.data)
    Move2Center                              0x200005b4   Data          16  mouse.o(.data)
    PressLeft                                0x200005c4   Data          17  mouse.o(.data)
    PressRelease                             0x200005d5   Data          17  mouse.o(.data)
    HandShake_ERROR                          0x200005e6   Data           9  main.o(.data)
    GetChipSN_ERROR                          0x200005ef   Data           9  main.o(.data)
    CheckSensor_ERROR                        0x200005f8   Data           9  main.o(.data)
    ControlBLN_ERROR                         0x20000601   Data           9  main.o(.data)
    Sleep_ERROR                              0x2000060a   Data           9  main.o(.data)
    dataLength                               0x20000614   Data           1  usart.o(.data)
    rxstate                                  0x20000615   Data           1  usart.o(.data)
    RxBuffer1                                0x20000616   Data           1  usart.o(.data)
    RxBuffer2                                0x20000617   Data           1  usart.o(.data)
    USART1_RX_STA                            0x20000618   Data           2  usart.o(.data)
    USART2_RX_STA                            0x2000061a   Data           2  usart.o(.data)
    cmdlength                                0x2000061c   Data           4  usart.o(.data)
    uwTickFreq                               0x20000620   Data           1  stm32f1xx_hal.o(.data)
    uwTickPrio                               0x20000624   Data           4  stm32f1xx_hal.o(.data)
    uwTick                                   0x20000628   Data           4  stm32f1xx_hal.o(.data)
    SystemCoreClock                          0x2000062c   Data           4  system_stm32f1xx.o(.data)
    PS_AutoIdentify                          0x20000630   Data          17  zw800.o(.bss)
    PS_AutoEnroll                            0x20000641   Data          17  zw800.o(.bss)
    PS_DeletChar                             0x20000652   Data          16  zw800.o(.bss)
    PS_Cancel                                0x20000662   Data          12  zw800.o(.bss)
    PS_Sleep                                 0x2000066e   Data          12  zw800.o(.bss)
    PS_ValidTempleteNum                      0x2000067a   Data          12  zw800.o(.bss)
    PS_ReadIndexTable                        0x20000686   Data          13  zw800.o(.bss)
    PS_SetPwd                                0x20000693   Data          16  zw800.o(.bss)
    PS_VfyPwd                                0x200006a3   Data          16  zw800.o(.bss)
    PS_GetChipEcho                           0x200006b3   Data          12  zw800.o(.bss)
    PS_AutoCaiSensor                         0x200006bf   Data          12  zw800.o(.bss)
    PS_ControlBLN                            0x200006cb   Data          16  zw800.o(.bss)
    PS_GetDummyTempleteNo                    0x200006db   Data          12  zw800.o(.bss)
    PS_GetChipSN                             0x200006e7   Data          13  zw800.o(.bss)
    PS_HandShake                             0x200006f4   Data          12  zw800.o(.bss)
    PS_CheckSensor                           0x20000700   Data          12  zw800.o(.bss)
    PS_SetChipAddr                           0x2000070c   Data          16  zw800.o(.bss)
    PS_WriteNotepad                          0x2000071c   Data          45  zw800.o(.bss)
    PS_ReadNotepad                           0x20000749   Data          13  zw800.o(.bss)
    RX_GetDummyTempleteNoData                0x20000756   Data          14  func.o(.bss)
    RX_GetChipSN                             0x20000764   Data          32  func.o(.bss)
    RX_ReadNotepad                           0x20000784   Data          32  func.o(.bss)
    FIXED                                    0x200007a4   Data          20  ch9329.o(.bss)
    result                                   0x200007b8   Data         103  ch9329.o(.bss)
    RxData1                                  0x20000820   Data         100  usart.o(.bss)
    RxData2                                  0x20000884   Data         100  usart.o(.bss)
    huart1                                   0x200008e8   Data          68  usart.o(.bss)
    huart2                                   0x2000092c   Data          68  usart.o(.bss)
    hdma_usart1_tx                           0x20000970   Data          68  usart.o(.bss)
    hdma_usart2_tx                           0x200009b4   Data          68  usart.o(.bss)
    __libspace_start                         0x20000a0c   Data          96  libspace.o(.bss)
    __temporary_stack_top$libspace           0x20000a6c   Data           0  libspace.o(.bss)



==============================================================================

Memory Map of the image

  Image Entry point : 0x080000ed

  Load Region LR_IROM1 (Base: 0x08000000, Size: 0x000028a0, Max: 0x00010000, ABSOLUTE, COMPRESSED[0x00002514])

    Execution Region ER_IROM1 (Exec base: 0x08000000, Load base: 0x08000000, Size: 0x00002270, Max: 0x00010000, ABSOLUTE)

    Exec Addr    Load Addr    Size         Type   Attr      Idx    E Section Name        Object

    0x08000000   0x08000000   0x000000ec   Data   RO            3    RESET               startup_stm32f103xb.o
    0x080000ec   0x080000ec   0x00000008   Code   RO         2626  * !!!main             c_w.l(__main.o)
    0x080000f4   0x080000f4   0x00000034   Code   RO         2785    !!!scatter          c_w.l(__scatter.o)
    0x08000128   0x08000128   0x0000005a   Code   RO         2783    !!dczerorl2         c_w.l(__dczerorl2.o)
    0x08000182   0x08000182   0x00000002   PAD
    0x08000184   0x08000184   0x0000001c   Code   RO         2787    !!handler_zi        c_w.l(__scatter_zi.o)
    0x080001a0   0x080001a0   0x00000002   Code   RO         2653    .ARM.Collect$$libinit$$00000000  c_w.l(libinit.o)
    0x080001a2   0x080001a2   0x00000000   Code   RO         2660    .ARM.Collect$$libinit$$00000002  c_w.l(libinit2.o)
    0x080001a2   0x080001a2   0x00000000   Code   RO         2662    .ARM.Collect$$libinit$$00000004  c_w.l(libinit2.o)
    0x080001a2   0x080001a2   0x00000000   Code   RO         2665    .ARM.Collect$$libinit$$0000000A  c_w.l(libinit2.o)
    0x080001a2   0x080001a2   0x00000000   Code   RO         2667    .ARM.Collect$$libinit$$0000000C  c_w.l(libinit2.o)
    0x080001a2   0x080001a2   0x00000000   Code   RO         2669    .ARM.Collect$$libinit$$0000000E  c_w.l(libinit2.o)
    0x080001a2   0x080001a2   0x00000000   Code   RO         2672    .ARM.Collect$$libinit$$00000011  c_w.l(libinit2.o)
    0x080001a2   0x080001a2   0x00000000   Code   RO         2674    .ARM.Collect$$libinit$$00000013  c_w.l(libinit2.o)
    0x080001a2   0x080001a2   0x00000000   Code   RO         2676    .ARM.Collect$$libinit$$00000015  c_w.l(libinit2.o)
    0x080001a2   0x080001a2   0x00000000   Code   RO         2678    .ARM.Collect$$libinit$$00000017  c_w.l(libinit2.o)
    0x080001a2   0x080001a2   0x00000000   Code   RO         2680    .ARM.Collect$$libinit$$00000019  c_w.l(libinit2.o)
    0x080001a2   0x080001a2   0x00000000   Code   RO         2682    .ARM.Collect$$libinit$$0000001B  c_w.l(libinit2.o)
    0x080001a2   0x080001a2   0x00000000   Code   RO         2684    .ARM.Collect$$libinit$$0000001D  c_w.l(libinit2.o)
    0x080001a2   0x080001a2   0x00000000   Code   RO         2686    .ARM.Collect$$libinit$$0000001F  c_w.l(libinit2.o)
    0x080001a2   0x080001a2   0x00000000   Code   RO         2688    .ARM.Collect$$libinit$$00000021  c_w.l(libinit2.o)
    0x080001a2   0x080001a2   0x00000000   Code   RO         2690    .ARM.Collect$$libinit$$00000023  c_w.l(libinit2.o)
    0x080001a2   0x080001a2   0x00000000   Code   RO         2692    .ARM.Collect$$libinit$$00000025  c_w.l(libinit2.o)
    0x080001a2   0x080001a2   0x00000000   Code   RO         2696    .ARM.Collect$$libinit$$0000002C  c_w.l(libinit2.o)
    0x080001a2   0x080001a2   0x00000000   Code   RO         2698    .ARM.Collect$$libinit$$0000002E  c_w.l(libinit2.o)
    0x080001a2   0x080001a2   0x00000000   Code   RO         2700    .ARM.Collect$$libinit$$00000030  c_w.l(libinit2.o)
    0x080001a2   0x080001a2   0x00000000   Code   RO         2702    .ARM.Collect$$libinit$$00000032  c_w.l(libinit2.o)
    0x080001a2   0x080001a2   0x00000002   Code   RO         2703    .ARM.Collect$$libinit$$00000033  c_w.l(libinit2.o)
    0x080001a4   0x080001a4   0x00000002   Code   RO         2723    .ARM.Collect$$libshutdown$$00000000  c_w.l(libshutdown.o)
    0x080001a6   0x080001a6   0x00000000   Code   RO         2736    .ARM.Collect$$libshutdown$$00000002  c_w.l(libshutdown2.o)
    0x080001a6   0x080001a6   0x00000000   Code   RO         2738    .ARM.Collect$$libshutdown$$00000004  c_w.l(libshutdown2.o)
    0x080001a6   0x080001a6   0x00000000   Code   RO         2741    .ARM.Collect$$libshutdown$$00000007  c_w.l(libshutdown2.o)
    0x080001a6   0x080001a6   0x00000000   Code   RO         2744    .ARM.Collect$$libshutdown$$0000000A  c_w.l(libshutdown2.o)
    0x080001a6   0x080001a6   0x00000000   Code   RO         2746    .ARM.Collect$$libshutdown$$0000000C  c_w.l(libshutdown2.o)
    0x080001a6   0x080001a6   0x00000000   Code   RO         2749    .ARM.Collect$$libshutdown$$0000000F  c_w.l(libshutdown2.o)
    0x080001a6   0x080001a6   0x00000002   Code   RO         2750    .ARM.Collect$$libshutdown$$00000010  c_w.l(libshutdown2.o)
    0x080001a8   0x080001a8   0x00000000   Code   RO         2628    .ARM.Collect$$rtentry$$00000000  c_w.l(__rtentry.o)
    0x080001a8   0x080001a8   0x00000000   Code   RO         2630    .ARM.Collect$$rtentry$$00000002  c_w.l(__rtentry2.o)
    0x080001a8   0x080001a8   0x00000006   Code   RO         2642    .ARM.Collect$$rtentry$$00000004  c_w.l(__rtentry4.o)
    0x080001ae   0x080001ae   0x00000000   Code   RO         2632    .ARM.Collect$$rtentry$$00000009  c_w.l(__rtentry2.o)
    0x080001ae   0x080001ae   0x00000004   Code   RO         2633    .ARM.Collect$$rtentry$$0000000A  c_w.l(__rtentry2.o)
    0x080001b2   0x080001b2   0x00000000   Code   RO         2635    .ARM.Collect$$rtentry$$0000000C  c_w.l(__rtentry2.o)
    0x080001b2   0x080001b2   0x00000008   Code   RO         2636    .ARM.Collect$$rtentry$$0000000D  c_w.l(__rtentry2.o)
    0x080001ba   0x080001ba   0x00000002   Code   RO         2657    .ARM.Collect$$rtexit$$00000000  c_w.l(rtexit.o)
    0x080001bc   0x080001bc   0x00000000   Code   RO         2705    .ARM.Collect$$rtexit$$00000002  c_w.l(rtexit2.o)
    0x080001bc   0x080001bc   0x00000004   Code   RO         2706    .ARM.Collect$$rtexit$$00000003  c_w.l(rtexit2.o)
    0x080001c0   0x080001c0   0x00000006   Code   RO         2707    .ARM.Collect$$rtexit$$00000004  c_w.l(rtexit2.o)
    0x080001c6   0x080001c6   0x00000002   PAD
    0x080001c8   0x080001c8   0x00000040   Code   RO            4    .text               startup_stm32f103xb.o
    0x08000208   0x08000208   0x0000003e   Code   RO         2620    .text               c_w.l(strlen.o)
    0x08000246   0x08000246   0x0000004e   Code   RO         2622    .text               c_w.l(rt_memclr_w.o)
    0x08000294   0x08000294   0x00000006   Code   RO         2624    .text               c_w.l(heapauxi.o)
    0x0800029a   0x0800029a   0x0000004a   Code   RO         2644    .text               c_w.l(sys_stackheap_outer.o)
    0x080002e4   0x080002e4   0x00000012   Code   RO         2646    .text               c_w.l(exit.o)
    0x080002f6   0x080002f6   0x00000002   PAD
    0x080002f8   0x080002f8   0x00000008   Code   RO         2654    .text               c_w.l(libspace.o)
    0x08000300   0x08000300   0x0000000c   Code   RO         2715    .text               c_w.l(sys_exit.o)
    0x0800030c   0x0800030c   0x00000002   Code   RO         2726    .text               c_w.l(use_no_semi.o)
    0x0800030e   0x0800030e   0x00000000   Code   RO         2728    .text               c_w.l(indicate_semi.o)
    0x0800030e   0x0800030e   0x00000002   Code   RO         1001    i.BusFault_Handler  stm32f1xx_it.o
    0x08000310   0x08000310   0x00000070   Code   RO           15    i.CMD_AutoIdentify  zw800.o
    0x08000380   0x08000380   0x0000005c   Code   RO           17    i.CMD_CheckSensor   zw800.o
    0x080003dc   0x080003dc   0x0000006c   Code   RO           18    i.CMD_ControlBLN    zw800.o
    0x08000448   0x08000448   0x00000060   Code   RO           21    i.CMD_GetChipSN     zw800.o
    0x080004a8   0x080004a8   0x0000005c   Code   RO           22    i.CMD_GetDummyTempleteNo  zw800.o
    0x08000504   0x08000504   0x0000005c   Code   RO           23    i.CMD_HandShake     zw800.o
    0x08000560   0x08000560   0x00000060   Code   RO           25    i.CMD_ReadIndexTable  zw800.o
    0x080005c0   0x080005c0   0x0000005c   Code   RO           29    i.CMD_Sleep         zw800.o
    0x0800061c   0x0800061c   0x00000048   Code   RO          789    i.Cal               mouse.o
    0x08000664   0x08000664   0x0000001c   Code   RO         1135    i.Calc_Checksum     msghandler.o
    0x08000680   0x08000680   0x00000010   Code   RO           33    i.Check_Sum_Div     zw800.o
    0x08000690   0x08000690   0x00000038   Code   RO           34    i.CmdConnect        zw800.o
    0x080006c8   0x080006c8   0x00000028   Code   RO         1136    i.Cmp_Checksum      msghandler.o
    0x080006f0   0x080006f0   0x00000060   Code   RO          481    i.Combine           ch9329.o
    0x08000750   0x08000750   0x00000064   Code   RO          351    i.Con_AutoIdentify  func.o
    0x080007b4   0x080007b4   0x00000040   Code   RO          352    i.Con_CheckSensor   func.o
    0x080007f4   0x080007f4   0x00000044   Code   RO          353    i.Con_ControlBLN    func.o
    0x08000838   0x08000838   0x00000054   Code   RO          354    i.Con_GetChipSN     func.o
    0x0800088c   0x0800088c   0x00000054   Code   RO          355    i.Con_GetDummyTempleteNo  func.o
    0x080008e0   0x080008e0   0x00000044   Code   RO          356    i.Con_HandShake     func.o
    0x08000924   0x08000924   0x00000044   Code   RO          360    i.Con_Sleep         func.o
    0x08000968   0x08000968   0x0000001c   Code   RO          715    i.DATA_Compare      kmfunc.o
    0x08000984   0x08000984   0x0000004c   Code   RO          716    i.DATA_Judge        kmfunc.o
    0x080009d0   0x080009d0   0x0000000c   Code   RO         1002    i.DMA1_Channel4_IRQHandler  stm32f1xx_it.o
    0x080009dc   0x080009dc   0x0000000c   Code   RO         1003    i.DMA1_Channel7_IRQHandler  stm32f1xx_it.o
    0x080009e8   0x080009e8   0x00000002   Code   RO         1004    i.DebugMon_Handler  stm32f1xx_it.o
    0x080009ea   0x080009ea   0x00000002   PAD
    0x080009ec   0x080009ec   0x00000014   Code   RO          282    i.Delay_Init        delay.o
    0x08000a00   0x08000a00   0x0000001a   Code   RO          283    i.Delay_ms          delay.o
    0x08000a1a   0x08000a1a   0x00000002   PAD
    0x08000a1c   0x08000a1c   0x00000034   Code   RO          284    i.Delay_us          delay.o
    0x08000a50   0x08000a50   0x00000006   Code   RO         1005    i.EXTI4_IRQHandler  stm32f1xx_it.o
    0x08000a56   0x08000a56   0x00000004   Code   RO          826    i.Error_Handler     main.o
    0x08000a5a   0x08000a5a   0x00000002   PAD
    0x08000a5c   0x08000a5c   0x00000030   Code   RO         1137    i.GenerateCmd       msghandler.o
    0x08000a8c   0x08000a8c   0x0000004c   Code   RO          363    i.GetTableState     func.o
    0x08000ad8   0x08000ad8   0x00000046   Code   RO         1985    i.HAL_DMA_Abort     stm32f1xx_hal_dma.o
    0x08000b1e   0x08000b1e   0x00000002   PAD
    0x08000b20   0x08000b20   0x00000098   Code   RO         1986    i.HAL_DMA_Abort_IT  stm32f1xx_hal_dma.o
    0x08000bb8   0x08000bb8   0x00000154   Code   RO         1990    i.HAL_DMA_IRQHandler  stm32f1xx_hal_dma.o
    0x08000d0c   0x08000d0c   0x0000005c   Code   RO         1991    i.HAL_DMA_Init      stm32f1xx_hal_dma.o
    0x08000d68   0x08000d68   0x00000028   Code   RO          887    i.HAL_GPIO_EXTI_Callback  gpio.o
    0x08000d90   0x08000d90   0x00000018   Code   RO         1920    i.HAL_GPIO_EXTI_IRQHandler  stm32f1xx_hal_gpio.o
    0x08000da8   0x08000da8   0x000001e0   Code   RO         1921    i.HAL_GPIO_Init     stm32f1xx_hal_gpio.o
    0x08000f88   0x08000f88   0x0000000a   Code   RO         1923    i.HAL_GPIO_ReadPin  stm32f1xx_hal_gpio.o
    0x08000f92   0x08000f92   0x00000010   Code   RO         1924    i.HAL_GPIO_TogglePin  stm32f1xx_hal_gpio.o
    0x08000fa2   0x08000fa2   0x0000000a   Code   RO         1925    i.HAL_GPIO_WritePin  stm32f1xx_hal_gpio.o
    0x08000fac   0x08000fac   0x0000000c   Code   RO         1617    i.HAL_GetTick       stm32f1xx_hal.o
    0x08000fb8   0x08000fb8   0x00000010   Code   RO         1623    i.HAL_IncTick       stm32f1xx_hal.o
    0x08000fc8   0x08000fc8   0x00000024   Code   RO         1624    i.HAL_Init          stm32f1xx_hal.o
    0x08000fec   0x08000fec   0x00000040   Code   RO         1625    i.HAL_InitTick      stm32f1xx_hal.o
    0x0800102c   0x0800102c   0x00000030   Code   RO         1111    i.HAL_MspInit       stm32f1xx_hal_msp.o
    0x0800105c   0x0800105c   0x0000001a   Code   RO         2081    i.HAL_NVIC_EnableIRQ  stm32f1xx_hal_cortex.o
    0x08001076   0x08001076   0x00000002   PAD
    0x08001078   0x08001078   0x00000040   Code   RO         2087    i.HAL_NVIC_SetPriority  stm32f1xx_hal_cortex.o
    0x080010b8   0x080010b8   0x00000024   Code   RO         2088    i.HAL_NVIC_SetPriorityGrouping  stm32f1xx_hal_cortex.o
    0x080010dc   0x080010dc   0x0000012c   Code   RO         1781    i.HAL_RCC_ClockConfig  stm32f1xx_hal_rcc.o
    0x08001208   0x08001208   0x00000020   Code   RO         1788    i.HAL_RCC_GetPCLK1Freq  stm32f1xx_hal_rcc.o
    0x08001228   0x08001228   0x00000020   Code   RO         1789    i.HAL_RCC_GetPCLK2Freq  stm32f1xx_hal_rcc.o
    0x08001248   0x08001248   0x0000006c   Code   RO         1790    i.HAL_RCC_GetSysClockFreq  stm32f1xx_hal_rcc.o
    0x080012b4   0x080012b4   0x00000320   Code   RO         1793    i.HAL_RCC_OscConfig  stm32f1xx_hal_rcc.o
    0x080015d4   0x080015d4   0x00000018   Code   RO         2090    i.HAL_SYSTICK_CLKSourceConfig  stm32f1xx_hal_cortex.o
    0x080015ec   0x080015ec   0x00000028   Code   RO         2092    i.HAL_SYSTICK_Config  stm32f1xx_hal_cortex.o
    0x08001614   0x08001614   0x00000002   Code   RO         1260    i.HAL_UARTEx_RxEventCallback  stm32f1xx_hal_uart.o
    0x08001616   0x08001616   0x00000002   Code   RO         1274    i.HAL_UART_ErrorCallback  stm32f1xx_hal_uart.o
    0x08001618   0x08001618   0x0000020c   Code   RO         1277    i.HAL_UART_IRQHandler  stm32f1xx_hal_uart.o
    0x08001824   0x08001824   0x00000062   Code   RO         1278    i.HAL_UART_Init     stm32f1xx_hal_uart.o
    0x08001886   0x08001886   0x00000002   PAD
    0x08001888   0x08001888   0x0000013c   Code   RO          942    i.HAL_UART_MspInit  usart.o
    0x080019c4   0x080019c4   0x0000002a   Code   RO         1283    i.HAL_UART_Receive_IT  stm32f1xx_hal_uart.o
    0x080019ee   0x080019ee   0x00000002   PAD
    0x080019f0   0x080019f0   0x00000098   Code   RO          943    i.HAL_UART_RxCpltCallback  usart.o
    0x08001a88   0x08001a88   0x000000b2   Code   RO         1286    i.HAL_UART_Transmit  stm32f1xx_hal_uart.o
    0x08001b3a   0x08001b3a   0x00000002   Code   RO         1289    i.HAL_UART_TxCpltCallback  stm32f1xx_hal_uart.o
    0x08001b3c   0x08001b3c   0x00000048   Code   RO         1138    i.Handler           msghandler.o
    0x08001b84   0x08001b84   0x00000002   Code   RO         1006    i.HardFault_Handler  stm32f1xx_it.o
    0x08001b86   0x08001b86   0x00000002   PAD
    0x08001b88   0x08001b88   0x00000048   Code   RO          323    i.LED_Init          led.o
    0x08001bd0   0x08001bd0   0x0000003c   Code   RO          917    i.MX_DMA_Init       dma.o
    0x08001c0c   0x08001c0c   0x00000098   Code   RO          888    i.MX_GPIO_Init      gpio.o
    0x08001ca4   0x08001ca4   0x00000044   Code   RO          944    i.MX_USART1_UART_Init  usart.o
    0x08001ce8   0x08001ce8   0x00000044   Code   RO          945    i.MX_USART2_UART_Init  usart.o
    0x08001d2c   0x08001d2c   0x00000002   Code   RO         1007    i.MemManage_Handler  stm32f1xx_it.o
    0x08001d2e   0x08001d2e   0x00000002   Code   RO         1008    i.NMI_Handler       stm32f1xx_it.o
    0x08001d30   0x08001d30   0x00000002   Code   RO         1009    i.PendSV_Handler    stm32f1xx_it.o
    0x08001d32   0x08001d32   0x00000002   Code   RO         1010    i.SVC_Handler       stm32f1xx_it.o
    0x08001d34   0x08001d34   0x00000034   Code   RO          482    i.SendCommand       ch9329.o
    0x08001d68   0x08001d68   0x00000034   Code   RO          717    i.Sendtest          kmfunc.o
    0x08001d9c   0x08001d9c   0x00000004   Code   RO         1011    i.SysTick_Handler   stm32f1xx_it.o
    0x08001da0   0x08001da0   0x0000005e   Code   RO          827    i.SystemClock_Config  main.o
    0x08001dfe   0x08001dfe   0x00000002   Code   RO         2582    i.SystemInit        system_stm32f1xx.o
    0x08001e00   0x08001e00   0x00000010   Code   RO         1291    i.UART_DMAAbortOnError  stm32f1xx_hal_uart.o
    0x08001e10   0x08001e10   0x00000030   Code   RO         1301    i.UART_EndRxTransfer  stm32f1xx_hal_uart.o
    0x08001e40   0x08001e40   0x000000b6   Code   RO         1303    i.UART_Receive_IT   stm32f1xx_hal_uart.o
    0x08001ef6   0x08001ef6   0x00000002   PAD
    0x08001ef8   0x08001ef8   0x000000b8   Code   RO         1304    i.UART_SetConfig    stm32f1xx_hal_uart.o
    0x08001fb0   0x08001fb0   0x00000036   Code   RO         1306    i.UART_Start_Receive_IT  stm32f1xx_hal_uart.o
    0x08001fe6   0x08001fe6   0x00000064   Code   RO         1307    i.UART_WaitOnFlagUntilTimeout  stm32f1xx_hal_uart.o
    0x0800204a   0x0800204a   0x00000002   PAD
    0x0800204c   0x0800204c   0x00000020   Code   RO         1012    i.USART1_IRQHandler  stm32f1xx_it.o
    0x0800206c   0x0800206c   0x00000020   Code   RO         1013    i.USART2_IRQHandler  stm32f1xx_it.o
    0x0800208c   0x0800208c   0x00000058   Code   RO          718    i.UnLock            kmfunc.o
    0x080020e4   0x080020e4   0x00000002   Code   RO         1014    i.UsageFault_Handler  stm32f1xx_it.o
    0x080020e6   0x080020e6   0x00000020   Code   RO         2094    i.__NVIC_SetPriority  stm32f1xx_hal_cortex.o
    0x08002106   0x08002106   0x00000002   PAD
    0x08002108   0x08002108   0x000000f8   Code   RO          828    i.main              main.o
    0x08002200   0x08002200   0x00000038   Code   RO          483    i.toASCLL           ch9329.o
    0x08002238   0x08002238   0x00000010   Data   RO         2583    .constdata          system_stm32f1xx.o
    0x08002248   0x08002248   0x00000008   Data   RO         2584    .constdata          system_stm32f1xx.o
    0x08002250   0x08002250   0x00000020   Data   RO         2781    Region$$Table       anon$$obj.o


    Execution Region RW_IRAM1 (Exec base: 0x20000000, Load base: 0x08002270, Size: 0x00001070, Max: 0x00005000, ABSOLUTE, COMPRESSED[0x000002a4])

    Exec Addr    Load Addr    Size         Type   Attr      Idx    E Section Name        Object

    0x20000000   COMPRESSED   0x0000004a   Data   RW           36    .data               zw800.o
    0x2000004a   COMPRESSED   0x00000002   PAD
    0x2000004c   COMPRESSED   0x00000004   Data   RW          285    .data               delay.o
    0x20000050   COMPRESSED   0x0000000a   Data   RW          371    .data               func.o
    0x2000005a   COMPRESSED   0x00000023   Data   RW          485    .data               ch9329.o
    0x2000007d   COMPRESSED   0x00000008   Data   RW          496    .data               ch9329.o
    0x20000085   COMPRESSED   0x00000008   Data   RW          497    .data               ch9329.o
    0x2000008d   COMPRESSED   0x00000008   Data   RW          498    .data               ch9329.o
    0x20000095   COMPRESSED   0x00000008   Data   RW          499    .data               ch9329.o
    0x2000009d   COMPRESSED   0x00000008   Data   RW          500    .data               ch9329.o
    0x200000a5   COMPRESSED   0x00000008   Data   RW          501    .data               ch9329.o
    0x200000ad   COMPRESSED   0x00000008   Data   RW          502    .data               ch9329.o
    0x200000b5   COMPRESSED   0x00000008   Data   RW          503    .data               ch9329.o
    0x200000bd   COMPRESSED   0x00000008   Data   RW          504    .data               ch9329.o
    0x200000c5   COMPRESSED   0x00000008   Data   RW          505    .data               ch9329.o
    0x200000cd   COMPRESSED   0x00000008   Data   RW          506    .data               ch9329.o
    0x200000d5   COMPRESSED   0x00000008   Data   RW          507    .data               ch9329.o
    0x200000dd   COMPRESSED   0x00000008   Data   RW          508    .data               ch9329.o
    0x200000e5   COMPRESSED   0x00000008   Data   RW          512    .data               ch9329.o
    0x200000ed   COMPRESSED   0x00000008   Data   RW          513    .data               ch9329.o
    0x200000f5   COMPRESSED   0x00000008   Data   RW          514    .data               ch9329.o
    0x200000fd   COMPRESSED   0x00000008   Data   RW          515    .data               ch9329.o
    0x20000105   COMPRESSED   0x00000008   Data   RW          516    .data               ch9329.o
    0x2000010d   COMPRESSED   0x00000008   Data   RW          517    .data               ch9329.o
    0x20000115   COMPRESSED   0x00000008   Data   RW          518    .data               ch9329.o
    0x2000011d   COMPRESSED   0x00000008   Data   RW          519    .data               ch9329.o
    0x20000125   COMPRESSED   0x00000008   Data   RW          520    .data               ch9329.o
    0x2000012d   COMPRESSED   0x00000008   Data   RW          521    .data               ch9329.o
    0x20000135   COMPRESSED   0x00000008   Data   RW          522    .data               ch9329.o
    0x2000013d   COMPRESSED   0x00000008   Data   RW          523    .data               ch9329.o
    0x20000145   COMPRESSED   0x00000008   Data   RW          524    .data               ch9329.o
    0x2000014d   COMPRESSED   0x00000008   Data   RW          526    .data               ch9329.o
    0x20000155   COMPRESSED   0x00000008   Data   RW          527    .data               ch9329.o
    0x2000015d   COMPRESSED   0x00000008   Data   RW          528    .data               ch9329.o
    0x20000165   COMPRESSED   0x00000008   Data   RW          529    .data               ch9329.o
    0x2000016d   COMPRESSED   0x00000008   Data   RW          530    .data               ch9329.o
    0x20000175   COMPRESSED   0x00000008   Data   RW          531    .data               ch9329.o
    0x2000017d   COMPRESSED   0x00000008   Data   RW          532    .data               ch9329.o
    0x20000185   COMPRESSED   0x00000008   Data   RW          533    .data               ch9329.o
    0x2000018d   COMPRESSED   0x00000008   Data   RW          534    .data               ch9329.o
    0x20000195   COMPRESSED   0x00000008   Data   RW          535    .data               ch9329.o
    0x2000019d   COMPRESSED   0x00000008   Data   RW          536    .data               ch9329.o
    0x200001a5   COMPRESSED   0x00000008   Data   RW          538    .data               ch9329.o
    0x200001ad   COMPRESSED   0x00000008   Data   RW          541    .data               ch9329.o
    0x200001b5   COMPRESSED   0x00000008   Data   RW          542    .data               ch9329.o
    0x200001bd   COMPRESSED   0x00000008   Data   RW          543    .data               ch9329.o
    0x200001c5   COMPRESSED   0x00000008   Data   RW          544    .data               ch9329.o
    0x200001cd   COMPRESSED   0x00000008   Data   RW          545    .data               ch9329.o
    0x200001d5   COMPRESSED   0x00000008   Data   RW          546    .data               ch9329.o
    0x200001dd   COMPRESSED   0x00000008   Data   RW          547    .data               ch9329.o
    0x200001e5   COMPRESSED   0x00000008   Data   RW          548    .data               ch9329.o
    0x200001ed   COMPRESSED   0x00000008   Data   RW          549    .data               ch9329.o
    0x200001f5   COMPRESSED   0x00000008   Data   RW          550    .data               ch9329.o
    0x200001fd   COMPRESSED   0x00000008   Data   RW          602    .data               ch9329.o
    0x20000205   COMPRESSED   0x00000008   Data   RW          603    .data               ch9329.o
    0x2000020d   COMPRESSED   0x00000008   Data   RW          604    .data               ch9329.o
    0x20000215   COMPRESSED   0x00000008   Data   RW          605    .data               ch9329.o
    0x2000021d   COMPRESSED   0x00000008   Data   RW          606    .data               ch9329.o
    0x20000225   COMPRESSED   0x00000008   Data   RW          607    .data               ch9329.o
    0x2000022d   COMPRESSED   0x00000008   Data   RW          608    .data               ch9329.o
    0x20000235   COMPRESSED   0x00000008   Data   RW          609    .data               ch9329.o
    0x2000023d   COMPRESSED   0x00000008   Data   RW          610    .data               ch9329.o
    0x20000245   COMPRESSED   0x00000008   Data   RW          611    .data               ch9329.o
    0x2000024d   COMPRESSED   0x00000008   Data   RW          612    .data               ch9329.o
    0x20000255   COMPRESSED   0x00000008   Data   RW          613    .data               ch9329.o
    0x2000025d   COMPRESSED   0x00000008   Data   RW          614    .data               ch9329.o
    0x20000265   COMPRESSED   0x00000008   Data   RW          615    .data               ch9329.o
    0x2000026d   COMPRESSED   0x00000008   Data   RW          616    .data               ch9329.o
    0x20000275   COMPRESSED   0x00000008   Data   RW          617    .data               ch9329.o
    0x2000027d   COMPRESSED   0x00000008   Data   RW          618    .data               ch9329.o
    0x20000285   COMPRESSED   0x00000008   Data   RW          619    .data               ch9329.o
    0x2000028d   COMPRESSED   0x00000008   Data   RW          620    .data               ch9329.o
    0x20000295   COMPRESSED   0x00000008   Data   RW          621    .data               ch9329.o
    0x2000029d   COMPRESSED   0x00000008   Data   RW          622    .data               ch9329.o
    0x200002a5   COMPRESSED   0x00000008   Data   RW          623    .data               ch9329.o
    0x200002ad   COMPRESSED   0x00000008   Data   RW          624    .data               ch9329.o
    0x200002b5   COMPRESSED   0x00000008   Data   RW          625    .data               ch9329.o
    0x200002bd   COMPRESSED   0x00000008   Data   RW          626    .data               ch9329.o
    0x200002c5   COMPRESSED   0x00000008   Data   RW          627    .data               ch9329.o
    0x200002cd   COMPRESSED   0x00000008   Data   RW          628    .data               ch9329.o
    0x200002d5   COMPRESSED   0x00000008   Data   RW          629    .data               ch9329.o
    0x200002dd   COMPRESSED   0x00000008   Data   RW          630    .data               ch9329.o
    0x200002e5   COMPRESSED   0x00000008   Data   RW          631    .data               ch9329.o
    0x200002ed   COMPRESSED   0x00000008   Data   RW          632    .data               ch9329.o
    0x200002f5   COMPRESSED   0x00000008   Data   RW          633    .data               ch9329.o
    0x200002fd   COMPRESSED   0x00000008   Data   RW          634    .data               ch9329.o
    0x20000305   COMPRESSED   0x00000008   Data   RW          635    .data               ch9329.o
    0x2000030d   COMPRESSED   0x00000008   Data   RW          636    .data               ch9329.o
    0x20000315   COMPRESSED   0x00000008   Data   RW          637    .data               ch9329.o
    0x2000031d   COMPRESSED   0x00000008   Data   RW          638    .data               ch9329.o
    0x20000325   COMPRESSED   0x00000008   Data   RW          639    .data               ch9329.o
    0x2000032d   COMPRESSED   0x00000008   Data   RW          640    .data               ch9329.o
    0x20000335   COMPRESSED   0x00000008   Data   RW          641    .data               ch9329.o
    0x2000033d   COMPRESSED   0x00000008   Data   RW          642    .data               ch9329.o
    0x20000345   COMPRESSED   0x00000008   Data   RW          643    .data               ch9329.o
    0x2000034d   COMPRESSED   0x00000008   Data   RW          644    .data               ch9329.o
    0x20000355   COMPRESSED   0x00000008   Data   RW          645    .data               ch9329.o
    0x2000035d   COMPRESSED   0x00000008   Data   RW          646    .data               ch9329.o
    0x20000365   COMPRESSED   0x00000008   Data   RW          647    .data               ch9329.o
    0x2000036d   COMPRESSED   0x00000008   Data   RW          648    .data               ch9329.o
    0x20000375   COMPRESSED   0x00000003   PAD
    0x20000378   COMPRESSED   0x000001fc   Data   RW          662    .data               ch9329.o
    0x20000574   COMPRESSED   0x00000034   Data   RW          720    .data               kmfunc.o
    0x200005a8   COMPRESSED   0x0000001c   Data   RW          790    .data               mouse.o
    0x200005c4   COMPRESSED   0x00000011   Data   RW          791    .data               mouse.o
    0x200005d5   COMPRESSED   0x00000011   Data   RW          794    .data               mouse.o
    0x200005e6   COMPRESSED   0x0000002d   Data   RW          830    .data               main.o
    0x20000613   COMPRESSED   0x00000001   PAD
    0x20000614   COMPRESSED   0x0000000c   Data   RW          947    .data               usart.o
    0x20000620   COMPRESSED   0x0000000c   Data   RW         1631    .data               stm32f1xx_hal.o
    0x2000062c   COMPRESSED   0x00000004   Data   RW         2585    .data               system_stm32f1xx.o
    0x20000630        -       0x00000126   Zero   RW           35    .bss                zw800.o
    0x20000756        -       0x0000004e   Zero   RW          369    .bss                func.o
    0x200007a4        -       0x0000007b   Zero   RW          484    .bss                ch9329.o
    0x2000081f   COMPRESSED   0x00000001   PAD
    0x20000820        -       0x000001d8   Zero   RW          946    .bss                usart.o
    0x200009f8        -       0x00000014   Zero   RW         1139    .bss                msghandler.o
    0x20000a0c        -       0x00000060   Zero   RW         2655    .bss                c_w.l(libspace.o)
    0x20000a6c   COMPRESSED   0x00000004   PAD
    0x20000a70        -       0x00000200   Zero   RW            2    HEAP                startup_stm32f103xb.o
    0x20000c70        -       0x00000400   Zero   RW            1    STACK               startup_stm32f103xb.o


==============================================================================

Image component sizes


      Code (inc. data)   RO Data    RW Data    ZI Data      Debug   Object Name

       204         30          0       1303        123       9687   ch9329.o
        98          8          0          4          0       1739   delay.o
        60          4          0          0          0        754   dma.o
       612        146          0         10         78       6718   func.o
       192         24          0          0          0       1520   gpio.o
       244         42          0         52          0       3452   kmfunc.o
        72         10          0          0          0        799   led.o
       346         26          0         45          0       3067   main.o
        72          6          0         62          0       1626   mouse.o
       188         14          0          0         20       3053   msghandler.o
        64         26        236          0       1536        804   startup_stm32f103xb.o
       128         24          0         12          0       5257   stm32f1xx_hal.o
       222         14          0          0          0      29525   stm32f1xx_hal_cortex.o
       654         36          0          0          0       3363   stm32f1xx_hal_dma.o
       540         40          0          0          0       4687   stm32f1xx_hal_gpio.o
        48          4          0          0          0        834   stm32f1xx_hal_msp.o
      1272        100          0          0          0       5164   stm32f1xx_hal_rcc.o
      1432         10          0          0          0      10452   stm32f1xx_hal_uart.o
       114         32          0          0          0       6095   stm32f1xx_it.o
         2          0         24          4          0       1103   system_stm32f1xx.o
       604         68          0         12        472       3617   usart.o
       852         82          0         74        294     404611   zw800.o

    ----------------------------------------------------------------------
      8042        746        292       1584       2524     507927   Object Totals
         0          0         32          0          0          0   (incl. Generated)
        22          0          0          6          1          0   (incl. Padding)

    ----------------------------------------------------------------------

      Code (inc. data)   RO Data    RW Data    ZI Data      Debug   Library Member Name

        90          0          0          0          0          0   __dczerorl2.o
         8          0          0          0          0         68   __main.o
         0          0          0          0          0          0   __rtentry.o
        12          0          0          0          0          0   __rtentry2.o
         6          0          0          0          0          0   __rtentry4.o
        52          8          0          0          0          0   __scatter.o
        28          0          0          0          0          0   __scatter_zi.o
        18          0          0          0          0         80   exit.o
         6          0          0          0          0        152   heapauxi.o
         0          0          0          0          0          0   indicate_semi.o
         2          0          0          0          0          0   libinit.o
         2          0          0          0          0          0   libinit2.o
         2          0          0          0          0          0   libshutdown.o
         2          0          0          0          0          0   libshutdown2.o
         8          4          0          0         96         68   libspace.o
        78          0          0          0          0         80   rt_memclr_w.o
         2          0          0          0          0          0   rtexit.o
        10          0          0          0          0          0   rtexit2.o
        62          0          0          0          0         76   strlen.o
        12          4          0          0          0         68   sys_exit.o
        74          0          0          0          0         80   sys_stackheap_outer.o
         2          0          0          0          0         68   use_no_semi.o

    ----------------------------------------------------------------------
       482         16          0          0        100        740   Library Totals
         6          0          0          0          4          0   (incl. Padding)

    ----------------------------------------------------------------------

      Code (inc. data)   RO Data    RW Data    ZI Data      Debug   Library Name

       476         16          0          0         96        740   c_w.l

    ----------------------------------------------------------------------
       482         16          0          0        100        740   Library Totals

    ----------------------------------------------------------------------

==============================================================================


      Code (inc. data)   RO Data    RW Data    ZI Data      Debug   

      8524        762        292       1584       2624     503567   Grand Totals
      8524        762        292        676       2624     503567   ELF Image Totals (compressed)
      8524        762        292        676          0          0   ROM Totals

==============================================================================

    Total RO  Size (Code + RO Data)                 8816 (   8.61kB)
    Total RW  Size (RW Data + ZI Data)              4208 (   4.11kB)
    Total ROM Size (Code + RO Data + RW Data)       9492 (   9.27kB)

==============================================================================

