<html>
<body>
<pre>
<h1>礦ision Build Log</h1>
<h2>Tool Versions:</h2>
IDE-Version: μVision V5.26.2.0
Copyright (C) 2018 ARM Ltd and ARM Germany GmbH. All rights reserved.
License Information: sdf asdf, df, LIC=X96CK-ZG9AK-RASDM-XQQTP-GJ9CM-9W69D
 
Tool Versions:
Toolchain:       MDK-ARM Plus  Version: 5.26.2.0
Toolchain Path:  E:\SOFTWARE\Environment\Keil\ARM\ARMCC\Bin
C Compiler:      Armcc.exe V5.06 update 6 (build 750)
Assembler:       Armasm.exe V5.06 update 6 (build 750)
Linker/Locator:  ArmLink.exe V5.06 update 6 (build 750)
Library Manager: ArmAr.exe V5.06 update 6 (build 750)
Hex Converter:   FromElf.exe V5.06 update 6 (build 750)
CPU DLL:         SARMCM3.DLL V5.26.2.0
Dialog DLL:      DCM.DLL V1.17.2.0
Target DLL:      STLink\ST-LINKIII-KEIL_SWO.dll V3.0.5.0
Dialog DLL:      TCM.DLL V1.36.1.0
 
<h2>Project:</h2>
E:\WORK\PersonalProject\HelloKey\root\Board\MDK-ARM\HelloFinger.uvprojx
Project File Date:  03/19/2023

<h2>Output:</h2>
*** Using Compiler 'V5.06 update 6 (build 750)', folder: 'E:\SOFTWARE\Environment\Keil\ARM\ARMCC\Bin'
Rebuild target 'HelloFinger'
assembling startup_stm32f103xb.s...
compiling gpio.c...
compiling adc.c...
compiling func_keyboard.c...
compiling msgHandler.c...
..\Core\Src\msgHandler.c(131): warning:  #177-D: variable "dev_addr"  was declared but never referenced
  	uint32_t dev_addr = data[2]<<24 | data[3]<<16 | data[4]<<8 | data[5];	//设备地址
..\Core\Src\msgHandler.c(132): warning:  #177-D: variable "pack_id"  was declared but never referenced
  	uint8_t pack_id = data[6];	//包标识
..\Core\Src\msgHandler.c(9): warning:  #550-D: variable "g_running_mode"  was set but never used
  static uint8_t g_running_mode = 0;		//系统当前运行模式	0:协议传输	1:透传
..\Core\Src\msgHandler.c: 3 warnings, 0 errors
compiling stm32f1xx_hal_msp.c...
compiling stm32f1xx_it.c...
compiling main.c...
compiling func_info.c...
compiling delay.c...
compiling usart.c...
compiling func_fingerprint.c...
compiling stm32f1xx_hal_gpio_ex.c...
compiling key.c...
compiling led.c...
compiling fpm383c.c...
compiling ch9329.c...
compiling stm32f1xx_hal.c...
compiling stm32f1xx_hal_rcc_ex.c...
compiling stm32f1xx_hal_adc_ex.c...
compiling stm32f1xx_hal_rcc.c...
compiling stm32f1xx_hal_gpio.c...
compiling stm32f1xx_hal_adc.c...
compiling stm32f1xx_hal_cortex.c...
compiling stm32f1xx_hal_dma.c...
compiling stm32f1xx_hal_tim.c...
compiling stm32f1xx_hal_pwr.c...
compiling stm32f1xx_hal_tim_ex.c...
compiling stm32f1xx_hal_exti.c...
compiling stm32f1xx_hal_flash.c...
compiling system_stm32f1xx.c...
compiling stm32f1xx_hal_flash_ex.c...
compiling stm32f1xx_hal_uart.c...
linking...
Program Size: Code=8748 RO-data=308 RW-data=232 ZI-data=2552  
FromELF: creating hex file...
"HelloFinger\HelloFinger.axf" - 0 Error(s), 3 Warning(s).

<h2>Software Packages used:</h2>

Package Vendor: ARM
                http://www.keil.com/pack/ARM.CMSIS.5.4.0.pack
                ARM.CMSIS.5.4.0
                CMSIS (Cortex Microcontroller Software Interface Standard)
   * Component: CORE Version: 5.1.2

Package Vendor: Keil
                http://www.keil.com/pack/Keil.STM32F1xx_DFP.2.1.0.pack
                Keil.STM32F1xx_DFP.2.1.0
                STMicroelectronics STM32F1 Series Device Support, Drivers and Examples

<h2>Collection of Component include folders:</h2>
  .\RTE\_HelloFinger
  E:\SOFTWARE\Environment\Keil\ARM\PACK\ARM\CMSIS\5.4.0\CMSIS\Core\Include
  E:\SOFTWARE\Environment\Keil\ARM\PACK\Keil\STM32F1xx_DFP\2.1.0\Device\Include

<h2>Collection of Component Files used:</h2>

   * Component: ARM::CMSIS:CORE:5.1.2
Build Time Elapsed:  00:00:05
</pre>
</body>
</html>
