Component: ARM Compiler 5.06 update 6 (build 750) Tool: armlink [4d35ed]

==============================================================================

Section Cross References

    startup_stm32f103xb.o(STACK) refers (Special) to heapauxi.o(.text) for __use_two_region_memory
    startup_stm32f103xb.o(HEAP) refers (Special) to heapauxi.o(.text) for __use_two_region_memory
    startup_stm32f103xb.o(RESET) refers (Special) to heapauxi.o(.text) for __use_two_region_memory
    startup_stm32f103xb.o(RESET) refers to startup_stm32f103xb.o(STACK) for __initial_sp
    startup_stm32f103xb.o(RESET) refers to startup_stm32f103xb.o(.text) for Reset_Handler
    startup_stm32f103xb.o(RESET) refers to stm32f1xx_it.o(i.NMI_Handler) for NMI_Handler
    startup_stm32f103xb.o(RESET) refers to stm32f1xx_it.o(i.HardFault_Handler) for HardFault_Handler
    startup_stm32f103xb.o(RESET) refers to stm32f1xx_it.o(i.MemManage_Handler) for MemManage_Handler
    startup_stm32f103xb.o(RESET) refers to stm32f1xx_it.o(i.BusFault_Handler) for BusFault_Handler
    startup_stm32f103xb.o(RESET) refers to stm32f1xx_it.o(i.UsageFault_Handler) for UsageFault_Handler
    startup_stm32f103xb.o(RESET) refers to stm32f1xx_it.o(i.SVC_Handler) for SVC_Handler
    startup_stm32f103xb.o(RESET) refers to stm32f1xx_it.o(i.DebugMon_Handler) for DebugMon_Handler
    startup_stm32f103xb.o(RESET) refers to stm32f1xx_it.o(i.PendSV_Handler) for PendSV_Handler
    startup_stm32f103xb.o(RESET) refers to stm32f1xx_it.o(i.SysTick_Handler) for SysTick_Handler
    startup_stm32f103xb.o(RESET) refers to stm32f1xx_it.o(i.EXTI1_IRQHandler) for EXTI1_IRQHandler
    startup_stm32f103xb.o(RESET) refers to stm32f1xx_it.o(i.EXTI4_IRQHandler) for EXTI4_IRQHandler
    startup_stm32f103xb.o(RESET) refers to stm32f1xx_it.o(i.DMA1_Channel1_IRQHandler) for DMA1_Channel1_IRQHandler
    startup_stm32f103xb.o(RESET) refers to stm32f1xx_it.o(i.EXTI9_5_IRQHandler) for EXTI9_5_IRQHandler
    startup_stm32f103xb.o(RESET) refers to stm32f1xx_it.o(i.TIM1_UP_IRQHandler) for TIM1_UP_IRQHandler
    startup_stm32f103xb.o(RESET) refers to stm32f1xx_it.o(i.USART1_IRQHandler) for USART1_IRQHandler
    startup_stm32f103xb.o(RESET) refers to stm32f1xx_it.o(i.USART2_IRQHandler) for USART2_IRQHandler
    startup_stm32f103xb.o(.text) refers (Special) to heapauxi.o(.text) for __use_two_region_memory
    startup_stm32f103xb.o(.text) refers to system_stm32f1xx.o(i.SystemInit) for SystemInit
    startup_stm32f103xb.o(.text) refers to __main.o(!!!main) for __main
    startup_stm32f103xb.o(.text) refers to startup_stm32f103xb.o(HEAP) for Heap_Mem
    startup_stm32f103xb.o(.text) refers to startup_stm32f103xb.o(STACK) for Stack_Mem
    msghandler.o(i.FPM383_Handler) refers to func_fingerprint.o(i.Con_AutoIdentify) for Con_AutoIdentify
    msghandler.o(i.FPM383_Handler) refers to delay.o(i.Delay_ms) for Delay_ms
    msghandler.o(i.FPM383_Handler) refers to func_fingerprint.o(i.Con_Sleep) for Con_Sleep
    msghandler.o(i.GenerateCmd) refers to func_fingerprint.o(i.Calc_Checksum) for Calc_Checksum
    msghandler.o(i.GenerateCmd) refers to func_fingerprint.o(.bss) for USB_CMD
    msghandler.o(i.GenerateProtocolCMD) refers to ch9329.o(i.CH9329_GenerateCheckSum) for CH9329_GenerateCheckSum
    msghandler.o(i.GenerateProtocolCMD) refers to msghandler.o(.bss) for Protocol_CMD
    msghandler.o(i.USB_Handler) refers to func_fingerprint.o(i.Cmp_Checksum) for Cmp_Checksum
    msghandler.o(i.USB_Handler) refers to func_fingerprint.o(i.GetTableState) for GetTableState
    msghandler.o(i.USB_Handler) refers to msghandler.o(i.GenerateCmd) for GenerateCmd
    msghandler.o(i.USB_Handler) refers to msghandler.o(i.GenerateProtocolCMD) for GenerateProtocolCMD
    msghandler.o(i.USB_Handler) refers to delay.o(i.Delay_ms) for Delay_ms
    msghandler.o(i.USB_Handler) refers to stm32f1xx_hal_uart.o(i.HAL_UART_Transmit) for HAL_UART_Transmit
    msghandler.o(i.USB_Handler) refers to rt_memclr.o(.text) for __aeabi_memclr
    msghandler.o(i.USB_Handler) refers to func_fingerprint.o(i.Con_AutoEnroll) for Con_AutoEnroll
    msghandler.o(i.USB_Handler) refers to func_fingerprint.o(i.Con_DeleteChar) for Con_DeleteChar
    msghandler.o(i.USB_Handler) refers to rt_memcpy_v6.o(.text) for __aeabi_memcpy
    msghandler.o(i.USB_Handler) refers to stm32f1xx_hal_gpio.o(i.HAL_GPIO_WritePin) for HAL_GPIO_WritePin
    msghandler.o(i.USB_Handler) refers to ch9329.o(i.CH9329_WorkMode_Config) for CH9329_WorkMode_Config
    msghandler.o(i.USB_Handler) refers to ch9329.o(i.CH9329_SerialMode_Config) for CH9329_SerialMode_Config
    msghandler.o(i.USB_Handler) refers to ch9329.o(i.CH9329_Set_Cfg) for CH9329_Set_Cfg
    msghandler.o(i.USB_Handler) refers to func_info.o(i.Func_Store) for Func_Store
    msghandler.o(i.USB_Handler) refers to msghandler.o(.data) for g_running_mode
    msghandler.o(i.USB_Handler) refers to func_fingerprint.o(.data) for RX_TableState
    msghandler.o(i.USB_Handler) refers to func_fingerprint.o(.bss) for USB_CMD
[...]
    __rt_lib_init_lc_collate_1               0x080001a3   Thumb Code     0  libinit2.o(.ARM.Collect$$libinit$$00000011)
    __rt_lib_init_lc_ctype_1                 0x080001a3   Thumb Code     0  libinit2.o(.ARM.Collect$$libinit$$00000013)
    __rt_lib_init_lc_monetary_1              0x080001a3   Thumb Code     0  libinit2.o(.ARM.Collect$$libinit$$00000015)
    __rt_lib_init_lc_numeric_1               0x080001a3   Thumb Code     0  libinit2.o(.ARM.Collect$$libinit$$00000017)
    __rt_lib_init_lc_time_1                  0x080001a3   Thumb Code     0  libinit2.o(.ARM.Collect$$libinit$$00000019)
    __rt_lib_init_preinit_1                  0x080001a3   Thumb Code     0  libinit2.o(.ARM.Collect$$libinit$$00000004)
    __rt_lib_init_rand_1                     0x080001a3   Thumb Code     0  libinit2.o(.ARM.Collect$$libinit$$0000000E)
    __rt_lib_init_return                     0x080001a3   Thumb Code     0  libinit2.o(.ARM.Collect$$libinit$$00000033)
    __rt_lib_init_signal_1                   0x080001a3   Thumb Code     0  libinit2.o(.ARM.Collect$$libinit$$0000001D)
    __rt_lib_init_stdio_1                    0x080001a3   Thumb Code     0  libinit2.o(.ARM.Collect$$libinit$$00000025)
    __rt_lib_init_user_alloc_1               0x080001a3   Thumb Code     0  libinit2.o(.ARM.Collect$$libinit$$0000000C)
    __rt_lib_shutdown                        0x080001a5   Thumb Code     0  libshutdown.o(.ARM.Collect$$libshutdown$$00000000)
    __rt_lib_shutdown_cpp_1                  0x080001a7   Thumb Code     0  libshutdown2.o(.ARM.Collect$$libshutdown$$00000002)
    __rt_lib_shutdown_fp_trap_1              0x080001a7   Thumb Code     0  libshutdown2.o(.ARM.Collect$$libshutdown$$00000007)
    __rt_lib_shutdown_heap_1                 0x080001a7   Thumb Code     0  libshutdown2.o(.ARM.Collect$$libshutdown$$0000000F)
    __rt_lib_shutdown_return                 0x080001a7   Thumb Code     0  libshutdown2.o(.ARM.Collect$$libshutdown$$00000010)
    __rt_lib_shutdown_signal_1               0x080001a7   Thumb Code     0  libshutdown2.o(.ARM.Collect$$libshutdown$$0000000A)
    __rt_lib_shutdown_stdio_1                0x080001a7   Thumb Code     0  libshutdown2.o(.ARM.Collect$$libshutdown$$00000004)
    __rt_lib_shutdown_user_alloc_1           0x080001a7   Thumb Code     0  libshutdown2.o(.ARM.Collect$$libshutdown$$0000000C)
    __rt_entry                               0x080001a9   Thumb Code     0  __rtentry.o(.ARM.Collect$$rtentry$$00000000)
    __rt_entry_presh_1                       0x080001a9   Thumb Code     0  __rtentry2.o(.ARM.Collect$$rtentry$$00000002)
    __rt_entry_sh                            0x080001a9   Thumb Code     0  __rtentry4.o(.ARM.Collect$$rtentry$$00000004)
    __rt_entry_li                            0x080001af   Thumb Code     0  __rtentry2.o(.ARM.Collect$$rtentry$$0000000A)
    __rt_entry_postsh_1                      0x080001af   Thumb Code     0  __rtentry2.o(.ARM.Collect$$rtentry$$00000009)
    __rt_entry_main                          0x080001b3   Thumb Code     0  __rtentry2.o(.ARM.Collect$$rtentry$$0000000D)
    __rt_entry_postli_1                      0x080001b3   Thumb Code     0  __rtentry2.o(.ARM.Collect$$rtentry$$0000000C)
    __rt_exit                                0x080001bb   Thumb Code     0  rtexit.o(.ARM.Collect$$rtexit$$00000000)
    __rt_exit_ls                             0x080001bd   Thumb Code     0  rtexit2.o(.ARM.Collect$$rtexit$$00000003)
    __rt_exit_prels_1                        0x080001bd   Thumb Code     0  rtexit2.o(.ARM.Collect$$rtexit$$00000002)
    __rt_exit_exit                           0x080001c1   Thumb Code     0  rtexit2.o(.ARM.Collect$$rtexit$$00000004)
    Reset_Handler                            0x080001c9   Thumb Code     8  startup_stm32f103xb.o(.text)
    ADC1_2_IRQHandler                        0x080001e3   Thumb Code     0  startup_stm32f103xb.o(.text)
    CAN1_RX1_IRQHandler                      0x080001e3   Thumb Code     0  startup_stm32f103xb.o(.text)
    CAN1_SCE_IRQHandler                      0x080001e3   Thumb Code     0  startup_stm32f103xb.o(.text)
    DMA1_Channel2_IRQHandler                 0x080001e3   Thumb Code     0  startup_stm32f103xb.o(.text)
    DMA1_Channel3_IRQHandler                 0x080001e3   Thumb Code     0  startup_stm32f103xb.o(.text)
    DMA1_Channel4_IRQHandler                 0x080001e3   Thumb Code     0  startup_stm32f103xb.o(.text)
    DMA1_Channel5_IRQHandler                 0x080001e3   Thumb Code     0  startup_stm32f103xb.o(.text)
    DMA1_Channel6_IRQHandler                 0x080001e3   Thumb Code     0  startup_stm32f103xb.o(.text)
    DMA1_Channel7_IRQHandler                 0x080001e3   Thumb Code     0  startup_stm32f103xb.o(.text)
    EXTI0_IRQHandler                         0x080001e3   Thumb Code     0  startup_stm32f103xb.o(.text)
    EXTI15_10_IRQHandler                     0x080001e3   Thumb Code     0  startup_stm32f103xb.o(.text)
    EXTI2_IRQHandler                         0x080001e3   Thumb Code     0  startup_stm32f103xb.o(.text)
    EXTI3_IRQHandler                         0x080001e3   Thumb Code     0  startup_stm32f103xb.o(.text)
    FLASH_IRQHandler                         0x080001e3   Thumb Code     0  startup_stm32f103xb.o(.text)
    I2C1_ER_IRQHandler                       0x080001e3   Thumb Code     0  startup_stm32f103xb.o(.text)
    I2C1_EV_IRQHandler                       0x080001e3   Thumb Code     0  startup_stm32f103xb.o(.text)
    I2C2_ER_IRQHandler                       0x080001e3   Thumb Code     0  startup_stm32f103xb.o(.text)
    I2C2_EV_IRQHandler                       0x080001e3   Thumb Code     0  startup_stm32f103xb.o(.text)
    PVD_IRQHandler                           0x080001e3   Thumb Code     0  startup_stm32f103xb.o(.text)
    RCC_IRQHandler                           0x080001e3   Thumb Code     0  startup_stm32f103xb.o(.text)
    RTC_Alarm_IRQHandler                     0x080001e3   Thumb Code     0  startup_stm32f103xb.o(.text)
    RTC_IRQHandler                           0x080001e3   Thumb Code     0  startup_stm32f103xb.o(.text)
    SPI1_IRQHandler                          0x080001e3   Thumb Code     0  startup_stm32f103xb.o(.text)
    SPI2_IRQHandler                          0x080001e3   Thumb Code     0  startup_stm32f103xb.o(.text)
    TAMPER_IRQHandler                        0x080001e3   Thumb Code     0  startup_stm32f103xb.o(.text)
    TIM1_BRK_IRQHandler                      0x080001e3   Thumb Code     0  startup_stm32f103xb.o(.text)
    TIM1_CC_IRQHandler                       0x080001e3   Thumb Code     0  startup_stm32f103xb.o(.text)
    TIM1_TRG_COM_IRQHandler                  0x080001e3   Thumb Code     0  startup_stm32f103xb.o(.text)
    TIM2_IRQHandler                          0x080001e3   Thumb Code     0  startup_stm32f103xb.o(.text)
    TIM3_IRQHandler                          0x080001e3   Thumb Code     0  startup_stm32f103xb.o(.text)
    TIM4_IRQHandler                          0x080001e3   Thumb Code     0  startup_stm32f103xb.o(.text)
    USART3_IRQHandler                        0x080001e3   Thumb Code     0  startup_stm32f103xb.o(.text)
    USBWakeUp_IRQHandler                     0x080001e3   Thumb Code     0  startup_stm32f103xb.o(.text)
    USB_HP_CAN1_TX_IRQHandler                0x080001e3   Thumb Code     0  startup_stm32f103xb.o(.text)
    USB_LP_CAN1_RX0_IRQHandler               0x080001e3   Thumb Code     0  startup_stm32f103xb.o(.text)
    WWDG_IRQHandler                          0x080001e3   Thumb Code     0  startup_stm32f103xb.o(.text)
    __user_initial_stackheap                 0x080001e5   Thumb Code     0  startup_stm32f103xb.o(.text)
    __aeabi_memcpy                           0x08000209   Thumb Code     0  rt_memcpy_v6.o(.text)
    __rt_memcpy                              0x08000209   Thumb Code   138  rt_memcpy_v6.o(.text)
    _memcpy_lastbytes                        0x0800026f   Thumb Code     0  rt_memcpy_v6.o(.text)
    __aeabi_memclr                           0x08000293   Thumb Code     0  rt_memclr.o(.text)
    __rt_memclr                              0x08000293   Thumb Code    68  rt_memclr.o(.text)
    _memset                                  0x08000297   Thumb Code     0  rt_memclr.o(.text)
    __aeabi_memclr4                          0x080002d7   Thumb Code     0  rt_memclr_w.o(.text)
    __aeabi_memclr8                          0x080002d7   Thumb Code     0  rt_memclr_w.o(.text)
    __rt_memclr_w                            0x080002d7   Thumb Code    78  rt_memclr_w.o(.text)
    _memset_w                                0x080002db   Thumb Code     0  rt_memclr_w.o(.text)
    __use_two_region_memory                  0x08000325   Thumb Code     2  heapauxi.o(.text)
    __rt_heap_escrow                         0x08000327   Thumb Code     2  heapauxi.o(.text)
    __rt_heap_expand                         0x08000329   Thumb Code     2  heapauxi.o(.text)
    __aeabi_memcpy4                          0x0800032b   Thumb Code     0  rt_memcpy_w.o(.text)
    __aeabi_memcpy8                          0x0800032b   Thumb Code     0  rt_memcpy_w.o(.text)
    __rt_memcpy_w                            0x0800032b   Thumb Code   100  rt_memcpy_w.o(.text)
    _memcpy_lastbytes_aligned                0x08000373   Thumb Code     0  rt_memcpy_w.o(.text)
    __user_libspace                          0x08000391   Thumb Code     8  libspace.o(.text)
    __user_perproc_libspace                  0x08000391   Thumb Code     0  libspace.o(.text)
    __user_perthread_libspace                0x08000391   Thumb Code     0  libspace.o(.text)
    __I$use$semihosting                      0x08000399   Thumb Code     0  use_no_semi.o(.text)
    __use_no_semihosting_swi                 0x08000399   Thumb Code     2  use_no_semi.o(.text)
    __semihosting_library_function           0x0800039b   Thumb Code     0  indicate_semi.o(.text)
    __user_setup_stackheap                   0x0800039b   Thumb Code    74  sys_stackheap_outer.o(.text)
    exit                                     0x080003e5   Thumb Code    18  exit.o(.text)
    _sys_exit                                0x080003f9   Thumb Code     8  sys_exit.o(.text)
    ADC_ConversionStop_Disable               0x08000405   Thumb Code    92  stm32f1xx_hal_adc.o(i.ADC_ConversionStop_Disable)
    ADC_DMAConvCplt                          0x08000461   Thumb Code    82  stm32f1xx_hal_adc.o(i.ADC_DMAConvCplt)
    ADC_DMAError                             0x080004b3   Thumb Code    30  stm32f1xx_hal_adc.o(i.ADC_DMAError)
    ADC_DMAHalfConvCplt                      0x080004d1   Thumb Code    14  stm32f1xx_hal_adc.o(i.ADC_DMAHalfConvCplt)
    ADC_Enable                               0x080004e1   Thumb Code   134  stm32f1xx_hal_adc.o(i.ADC_Enable)
    AT24C64_Write                            0x08000571   Thumb Code    36  at24c64.o(i.AT24C64_Write)
    AT24C64_WriteOneByte                     0x08000595   Thumb Code    62  at24c64.o(i.AT24C64_WriteOneByte)
    BusFault_Handler                         0x080005d3   Thumb Code     4  stm32f1xx_it.o(i.BusFault_Handler)
    CH9329_GenerateCheckSum                  0x080005d7   Thumb Code    28  ch9329.o(i.CH9329_GenerateCheckSum)
    CH9329_Generate_Checksum                 0x080005f3   Thumb Code    28  ch9329.o(i.CH9329_Generate_Checksum)
    CH9329_Init                              0x08000611   Thumb Code   140  ch9329.o(i.CH9329_Init)
    CH9329_Reset                             0x080006a9   Thumb Code    34  ch9329.o(i.CH9329_Reset)
    CH9329_SerialMode_Config                 0x080006d1   Thumb Code     6  ch9329.o(i.CH9329_SerialMode_Config)
    CH9329_Set_Cfg                           0x080006dd   Thumb Code    86  ch9329.o(i.CH9329_Set_Cfg)
    CH9329_WorkMode_Config                   0x08000741   Thumb Code     6  ch9329.o(i.CH9329_WorkMode_Config)
    CMD_AutoEnroll                           0x0800074d   Thumb Code   162  fpm383c.o(i.CMD_AutoEnroll)
    CMD_AutoIdentify                         0x08000809   Thumb Code   162  fpm383c.o(i.CMD_AutoIdentify)
    CMD_Cancel                               0x080008c5   Thumb Code   116  fpm383c.o(i.CMD_Cancel)
    CMD_ControlBLN                           0x08000951   Thumb Code   162  fpm383c.o(i.CMD_ControlBLN)
    CMD_DeletChar                            0x08000a0d   Thumb Code   152  fpm383c.o(i.CMD_DeletChar)
    CMD_ReadIndexTable                       0x08000abd   Thumb Code   126  fpm383c.o(i.CMD_ReadIndexTable)
    CMD_Sleep                                0x08000b55   Thumb Code   132  fpm383c.o(i.CMD_Sleep)
    Calc_Checksum                            0x08000bf1   Thumb Code    30  func_fingerprint.o(i.Calc_Checksum)
    Check_Sum_Div                            0x08000c11   Thumb Code    10  fpm383c.o(i.Check_Sum_Div)
    CmdConnect                               0x08000c21   Thumb Code    50  fpm383c.o(i.CmdConnect)
    Cmp_Checksum                             0x08000c65   Thumb Code    42  func_fingerprint.o(i.Cmp_Checksum)
    Con_AutoEnroll                           0x08000c91   Thumb Code   404  func_fingerprint.o(i.Con_AutoEnroll)
    Con_AutoIdentify                         0x08000e41   Thumb Code    66  func_fingerprint.o(i.Con_AutoIdentify)
    Con_Cancel                               0x08000e91   Thumb Code    50  func_fingerprint.o(i.Con_Cancel)
    Con_ControlBLN                           0x08000ed1   Thumb Code    80  func_fingerprint.o(i.Con_ControlBLN)
    Con_DeleteChar                           0x08000f2d   Thumb Code    60  func_fingerprint.o(i.Con_DeleteChar)
    Con_Sleep                                0x08000f75   Thumb Code    52  func_fingerprint.o(i.Con_Sleep)
    DMA1_Channel1_IRQHandler                 0x08000fb5   Thumb Code    10  stm32f1xx_it.o(i.DMA1_Channel1_IRQHandler)
    DebugMon_Handler                         0x08000ff1   Thumb Code     2  stm32f1xx_it.o(i.DebugMon_Handler)
    Delay_Init                               0x08000ff5   Thumb Code    16  delay.o(i.Delay_Init)
    Delay_ms                                 0x08001009   Thumb Code    24  delay.o(i.Delay_ms)
    Delay_us                                 0x08001021   Thumb Code    70  delay.o(i.Delay_us)
    ENCODER_Init                             0x0800106d   Thumb Code   142  encoder.o(i.ENCODER_Init)
    EXTI1_IRQHandler                         0x08001111   Thumb Code    10  stm32f1xx_it.o(i.EXTI1_IRQHandler)
    EXTI4_IRQHandler                         0x0800111b   Thumb Code    10  stm32f1xx_it.o(i.EXTI4_IRQHandler)
    EXTI9_5_IRQHandler                       0x08001125   Thumb Code    60  stm32f1xx_it.o(i.EXTI9_5_IRQHandler)
    Error_Handler                            0x08001165   Thumb Code     6  main.o(i.Error_Handler)
    FPM383C_Init                             0x0800116d   Thumb Code    76  fpm383c.o(i.FPM383C_Init)
    FPM383_Handler                           0x080011c5   Thumb Code    52  msghandler.o(i.FPM383_Handler)
    Func_Store                               0x08001201   Thumb Code   136  func_info.o(i.Func_Store)
    Func_Store_Account_Password              0x08001289   Thumb Code    98  func_info.o(i.Func_Store_Account_Password)
    Func_Store_Password                      0x080012eb   Thumb Code    52  func_info.o(i.Func_Store_Password)
    Func_Store_Shortcut                      0x0800131f   Thumb Code    74  func_info.o(i.Func_Store_Shortcut)
    Func_Store_Win_Password                  0x08001369   Thumb Code    52  func_info.o(i.Func_Store_Win_Password)
    GenerateCmd                              0x0800139d   Thumb Code    58  msghandler.o(i.GenerateCmd)
    GenerateProtocolCMD                      0x080013dd   Thumb Code    70  msghandler.o(i.GenerateProtocolCMD)
    GetTableState                            0x08001429   Thumb Code    62  func_fingerprint.o(i.GetTableState)
    HAL_ADC_ConfigChannel                    0x08001479   Thumb Code   338  stm32f1xx_hal_adc.o(i.HAL_ADC_ConfigChannel)
    HAL_ADC_ConvCpltCallback                 0x080015d9   Thumb Code   116  adc.o(i.HAL_ADC_ConvCpltCallback)
    HAL_ADC_ConvHalfCpltCallback             0x08001651   Thumb Code     2  stm32f1xx_hal_adc.o(i.HAL_ADC_ConvHalfCpltCallback)
    HAL_ADC_ErrorCallback                    0x08001653   Thumb Code     2  stm32f1xx_hal_adc.o(i.HAL_ADC_ErrorCallback)
    HAL_ADC_Init                             0x08001655   Thumb Code   314  stm32f1xx_hal_adc.o(i.HAL_ADC_Init)
    HAL_ADC_MspInit                          0x08001799   Thumb Code   196  adc.o(i.HAL_ADC_MspInit)
    HAL_ADC_Start_DMA                        0x08001875   Thumb Code   362  stm32f1xx_hal_adc.o(i.HAL_ADC_Start_DMA)
    HAL_DMA_Abort                            0x080019f5   Thumb Code    86  stm32f1xx_hal_dma.o(i.HAL_DMA_Abort)
    HAL_DMA_Abort_IT                         0x08001a4d   Thumb Code   172  stm32f1xx_hal_dma.o(i.HAL_DMA_Abort_IT)
    HAL_DMA_IRQHandler                       0x08001afd   Thumb Code   408  stm32f1xx_hal_dma.o(i.HAL_DMA_IRQHandler)
    HAL_DMA_Init                             0x08001c99   Thumb Code   100  stm32f1xx_hal_dma.o(i.HAL_DMA_Init)
    HAL_DMA_Start_IT                         0x08001d01   Thumb Code   156  stm32f1xx_hal_dma.o(i.HAL_DMA_Start_IT)
    HAL_GPIO_DeInit                          0x08001d9d   Thumb Code   282  stm32f1xx_hal_gpio.o(i.HAL_GPIO_DeInit)
    HAL_GPIO_EXTI_Callback                   0x08001ed1   Thumb Code   242  encoder.o(i.HAL_GPIO_EXTI_Callback)
    HAL_GPIO_EXTI_IRQHandler                 0x08001fd5   Thumb Code    24  stm32f1xx_hal_gpio.o(i.HAL_GPIO_EXTI_IRQHandler)
    HAL_GPIO_Init                            0x08001ff1   Thumb Code   766  stm32f1xx_hal_gpio.o(i.HAL_GPIO_Init)
    HAL_GPIO_ReadPin                         0x08002311   Thumb Code    16  stm32f1xx_hal_gpio.o(i.HAL_GPIO_ReadPin)
    HAL_GPIO_WritePin                        0x08002321   Thumb Code    12  stm32f1xx_hal_gpio.o(i.HAL_GPIO_WritePin)
    HAL_GetTick                              0x0800232d   Thumb Code     6  stm32f1xx_hal.o(i.HAL_GetTick)
    HAL_IncTick                              0x08002339   Thumb Code    16  stm32f1xx_hal.o(i.HAL_IncTick)
    HAL_Init                                 0x08002351   Thumb Code    34  stm32f1xx_hal.o(i.HAL_Init)
    HAL_InitTick                             0x08002379   Thumb Code    64  stm32f1xx_hal.o(i.HAL_InitTick)
    HAL_MspInit                              0x080023c5   Thumb Code    82  stm32f1xx_hal_msp.o(i.HAL_MspInit)
    HAL_NVIC_DisableIRQ                      0x08002421   Thumb Code    62  stm32f1xx_hal_cortex.o(i.HAL_NVIC_DisableIRQ)
    HAL_NVIC_EnableIRQ                       0x08002465   Thumb Code    32  stm32f1xx_hal_cortex.o(i.HAL_NVIC_EnableIRQ)
    HAL_NVIC_SetPriority                     0x08002485   Thumb Code   124  stm32f1xx_hal_cortex.o(i.HAL_NVIC_SetPriority)
    HAL_NVIC_SetPriorityGrouping             0x08002501   Thumb Code    32  stm32f1xx_hal_cortex.o(i.HAL_NVIC_SetPriorityGrouping)
    HAL_RCCEx_PeriphCLKConfig                0x08002529   Thumb Code   290  stm32f1xx_hal_rcc_ex.o(i.HAL_RCCEx_PeriphCLKConfig)
    HAL_RCC_ClockConfig                      0x08002659   Thumb Code   376  stm32f1xx_hal_rcc.o(i.HAL_RCC_ClockConfig)
    HAL_RCC_GetHCLKFreq                      0x080027e5   Thumb Code     6  stm32f1xx_hal_rcc.o(i.HAL_RCC_GetHCLKFreq)
    HAL_RCC_GetPCLK1Freq                     0x080027f1   Thumb Code    22  stm32f1xx_hal_rcc.o(i.HAL_RCC_GetPCLK1Freq)
    HAL_RCC_GetPCLK2Freq                     0x08002811   Thumb Code    22  stm32f1xx_hal_rcc.o(i.HAL_RCC_GetPCLK2Freq)
    HAL_RCC_GetSysClockFreq                  0x08002831   Thumb Code   116  stm32f1xx_hal_rcc.o(i.HAL_RCC_GetSysClockFreq)
    HAL_RCC_OscConfig                        0x080028c9   Thumb Code  1114  stm32f1xx_hal_rcc.o(i.HAL_RCC_OscConfig)
    HAL_SPI_Init                             0x08002d2d   Thumb Code   190  stm32f1xx_hal_spi.o(i.HAL_SPI_Init)
    HAL_SPI_MspDeInit                        0x08002ded   Thumb Code    36  spi.o(i.HAL_SPI_MspDeInit)
    HAL_SPI_MspInit                          0x08002e1d   Thumb Code   104  spi.o(i.HAL_SPI_MspInit)
    HAL_SPI_Transmit                         0x08002e91   Thumb Code   430  stm32f1xx_hal_spi.o(i.HAL_SPI_Transmit)
    HAL_SYSTICK_CLKSourceConfig              0x0800303f   Thumb Code    40  stm32f1xx_hal_cortex.o(i.HAL_SYSTICK_CLKSourceConfig)
    HAL_SYSTICK_Config                       0x08003067   Thumb Code    52  stm32f1xx_hal_cortex.o(i.HAL_SYSTICK_Config)
    HAL_TIMEx_BreakCallback                  0x0800309b   Thumb Code     2  stm32f1xx_hal_tim_ex.o(i.HAL_TIMEx_BreakCallback)
    HAL_TIMEx_CommutCallback                 0x0800309d   Thumb Code     2  stm32f1xx_hal_tim_ex.o(i.HAL_TIMEx_CommutCallback)
    HAL_TIMEx_MasterConfigSynchronization    0x080030a1   Thumb Code   118  stm32f1xx_hal_tim_ex.o(i.HAL_TIMEx_MasterConfigSynchronization)
    HAL_TIM_Base_Init                        0x08003125   Thumb Code   102  stm32f1xx_hal_tim.o(i.HAL_TIM_Base_Init)
    HAL_TIM_Base_MspInit                     0x0800318d   Thumb Code    58  tim.o(i.HAL_TIM_Base_MspInit)
    HAL_TIM_Base_Start_IT                    0x080031d1   Thumb Code   106  stm32f1xx_hal_tim.o(i.HAL_TIM_Base_Start_IT)
    HAL_TIM_ConfigClockSource                0x08003249   Thumb Code   264  stm32f1xx_hal_tim.o(i.HAL_TIM_ConfigClockSource)
    HAL_TIM_IC_CaptureCallback               0x08003351   Thumb Code     2  stm32f1xx_hal_tim.o(i.HAL_TIM_IC_CaptureCallback)
    HAL_TIM_IRQHandler                       0x08003353   Thumb Code   406  stm32f1xx_hal_tim.o(i.HAL_TIM_IRQHandler)
    HAL_TIM_OC_DelayElapsedCallback          0x080034e9   Thumb Code     2  stm32f1xx_hal_tim.o(i.HAL_TIM_OC_DelayElapsedCallback)
    HAL_TIM_PWM_PulseFinishedCallback        0x080034eb   Thumb Code     2  stm32f1xx_hal_tim.o(i.HAL_TIM_PWM_PulseFinishedCallback)
    HAL_TIM_PeriodElapsedCallback            0x080034ed   Thumb Code    22  tim.o(i.HAL_TIM_PeriodElapsedCallback)
    HAL_TIM_TriggerCallback                  0x08003511   Thumb Code     2  stm32f1xx_hal_tim.o(i.HAL_TIM_TriggerCallback)
    HAL_UARTEx_RxEventCallback               0x08003513   Thumb Code     2  stm32f1xx_hal_uart.o(i.HAL_UARTEx_RxEventCallback)
    HAL_UART_ErrorCallback                   0x08003515   Thumb Code     2  stm32f1xx_hal_uart.o(i.HAL_UART_ErrorCallback)
    HAL_UART_IRQHandler                      0x08003519   Thumb Code   582  stm32f1xx_hal_uart.o(i.HAL_UART_IRQHandler)
    HAL_UART_Init                            0x08003765   Thumb Code   114  stm32f1xx_hal_uart.o(i.HAL_UART_Init)
    HAL_UART_MspInit                         0x080037d9   Thumb Code   256  usart.o(i.HAL_UART_MspInit)
    HAL_UART_Receive_IT                      0x080038e9   Thumb Code    66  stm32f1xx_hal_uart.o(i.HAL_UART_Receive_IT)
    HAL_UART_RxCpltCallback                  0x0800392d   Thumb Code   328  usart.o(i.HAL_UART_RxCpltCallback)
    HAL_UART_Transmit                        0x08003aa5   Thumb Code   210  stm32f1xx_hal_uart.o(i.HAL_UART_Transmit)
    HAL_UART_TxCpltCallback                  0x08003b77   Thumb Code     2  stm32f1xx_hal_uart.o(i.HAL_UART_TxCpltCallback)
    HardFault_Handler                        0x08003b79   Thumb Code     4  stm32f1xx_it.o(i.HardFault_Handler)
    IIC_Init                                 0x08003b7d   Thumb Code    70  soft_iic.o(i.IIC_Init)
    IIC_Send_Byte                            0x08003bd5   Thumb Code    90  soft_iic.o(i.IIC_Send_Byte)
    IIC_Start                                0x08003c3d   Thumb Code    64  soft_iic.o(i.IIC_Start)
    IIC_Stop                                 0x08003c89   Thumb Code    62  soft_iic.o(i.IIC_Stop)
    IIC_Wait_Ack                             0x08003cd5   Thumb Code    86  soft_iic.o(i.IIC_Wait_Ack)
    KEY_Init                                 0x08003d39   Thumb Code    62  key.o(i.KEY_Init)
    MX_ADC1_Init                             0x08003d85   Thumb Code   106  adc.o(i.MX_ADC1_Init)
    MX_DMA_Init                              0x08003df9   Thumb Code    48  dma.o(i.MX_DMA_Init)
    MX_GPIO_Init                             0x08003e2d   Thumb Code    84  gpio.o(i.MX_GPIO_Init)
    MX_SPI2_Init                             0x08003e85   Thumb Code    66  spi.o(i.MX_SPI2_Init)
    MX_TIM1_Init                             0x08003ed1   Thumb Code   110  tim.o(i.MX_TIM1_Init)
    MX_USART1_UART_Init                      0x08003f49   Thumb Code    56  usart.o(i.MX_USART1_UART_Init)
    MX_USART2_UART_Init                      0x08003f8d   Thumb Code    56  usart.o(i.MX_USART2_UART_Init)
    MemManage_Handler                        0x08003fd1   Thumb Code     4  stm32f1xx_it.o(i.MemManage_Handler)
    NMI_Handler                              0x08003fd5   Thumb Code     4  stm32f1xx_it.o(i.NMI_Handler)
    PendSV_Handler                           0x08003fd9   Thumb Code     2  stm32f1xx_it.o(i.PendSV_Handler)
    REL_Mouse_Ctrl                           0x08004005   Thumb Code    58  func_keyboard.o(i.REL_Mouse_Ctrl)
    SVC_Handler                              0x08004149   Thumb Code     2  stm32f1xx_it.o(i.SVC_Handler)
    SysTick_Handler                          0x0800414b   Thumb Code     8  stm32f1xx_it.o(i.SysTick_Handler)
    SystemClock_Config                       0x08004153   Thumb Code   132  main.o(i.SystemClock_Config)
    SystemInit                               0x080041d7   Thumb Code     2  system_stm32f1xx.o(i.SystemInit)
    TIM1_UP_IRQHandler                       0x080041d9   Thumb Code    10  stm32f1xx_it.o(i.TIM1_UP_IRQHandler)
    TIM_Base_SetConfig                       0x080041e9   Thumb Code   104  stm32f1xx_hal_tim.o(i.TIM_Base_SetConfig)
    TIM_ETR_SetConfig                        0x0800425d   Thumb Code    22  stm32f1xx_hal_tim.o(i.TIM_ETR_SetConfig)
    UART_Start_Receive_IT                    0x0800451d   Thumb Code    70  stm32f1xx_hal_uart.o(i.UART_Start_Receive_IT)
    USART1_IRQHandler                        0x08004631   Thumb Code    20  stm32f1xx_it.o(i.USART1_IRQHandler)
    USART2_IRQHandler                        0x0800464d   Thumb Code    20  stm32f1xx_it.o(i.USART2_IRQHandler)
    USB_Handler                              0x08004669   Thumb Code   584  msghandler.o(i.USB_Handler)
    UsageFault_Handler                       0x080048d9   Thumb Code     4  stm32f1xx_it.o(i.UsageFault_Handler)
    WaitForResponse                          0x080048dd   Thumb Code    50  func_fingerprint.o(i.WaitForResponse)
    main                                     0x08004a55   Thumb Code   176  main.o(i.main)
    ws2812b_init                             0x08004b1d   Thumb Code    40  ws2812b.o(i.ws2812b_init)
    ws2812b_interface_debug_print            0x08004b59   Thumb Code     2  ws2812b_interface.o(i.ws2812b_interface_debug_print)
    ws2812b_interface_delay_ms               0x08004b5b   Thumb Code    12  ws2812b_interface.o(i.ws2812b_interface_delay_ms)
    ws2812b_interface_spi_10mhz_init         0x08004b67   Thumb Code    10  ws2812b_interface.o(i.ws2812b_interface_spi_10mhz_init)
    ws2812b_interface_spi_deinit             0x08004b71   Thumb Code    12  ws2812b_interface.o(i.ws2812b_interface_spi_deinit)
    ws2812b_interface_spi_write_cmd          0x08004b81   Thumb Code    34  ws2812b_interface.o(i.ws2812b_interface_spi_write_cmd)
    ws2812b_write                            0x08004ba9   Thumb Code   192  ws2812b.o(i.ws2812b_write)
    AHBPrescTable                            0x08004d00   Data          16  system_stm32f1xx.o(.constdata)
    APBPrescTable                            0x08004d10   Data           8  system_stm32f1xx.o(.constdata)
    Region$$Table$$Base                      0x08004d18   Number         0  anon$$obj.o(Region$$Table)
    Region$$Table$$Limit                     0x08004d38   Number         0  anon$$obj.o(Region$$Table)
    protocol_vid                             0x20000002   Data           2  msghandler.o(.data)
    protocol_pid                             0x20000004   Data           2  msghandler.o(.data)
    transmission_vid                         0x20000006   Data           2  msghandler.o(.data)
    transmission_pid                         0x20000008   Data           2  msghandler.o(.data)
    value_X_Y                                0x2000000a   Data           4  adc.o(.data)
    RxBuffer1                                0x2000000e   Data           1  usart.o(.data)
    RxBuffer2                                0x2000000f   Data           1  usart.o(.data)
    USART1_RX_STA                            0x20000010   Data           2  usart.o(.data)
    USART2_RX_STA                            0x20000012   Data           2  usart.o(.data)
    RecState                                 0x20000014   Data           1  usart.o(.data)
    data_cnt1                                0x20000015   Data           1  usart.o(.data)
    data_cnt2                                0x20000016   Data           2  usart.o(.data)
    RxState                                  0x20000018   Data           1  usart.o(.data)
    tests                                    0x20000020   Data          10  func_keyboard.o(.data)
    Absolute_Mouse                           0x2000002a   Data          16  func_keyboard.o(.data)
    Relative_Mouse                           0x2000003a   Data          14  func_keyboard.o(.data)
    RX_TableState                            0x20000048   Data           8  func_fingerprint.o(.data)
    g_finger_rec_flag                        0x20000050   Data           1  func_fingerprint.o(.data)
    blanknum                                 0x20000052   Data           2  func_fingerprint.o(.data)
    CH9329_CONFIG                            0x20000054   Data          50  ch9329.o(.data)
    g_keystate                               0x20000086   Data           1  ch9329.o(.data)
    g_connectstate                           0x20000087   Data           1  ch9329.o(.data)
    FIXED_HEAD                               0x20000088   Data           5  ch9329.o(.data)
    INFO                                     0x2000008d   Data           9  ch9329.o(.data)
    KeyUP                                    0x20000096   Data          20  ch9329.o(.data)
    CHECK                                    0x200000aa   Data           1  ch9329.o(.data)
    g_key_value                              0x200000ab   Data           8  ch9329.o(.data)
    RWindows                                 0x200000b3   Data           8  ch9329.o(.data)
    RAlt                                     0x200000bb   Data           8  ch9329.o(.data)
    RShift                                   0x200000c3   Data           8  ch9329.o(.data)
    RCtrl                                    0x200000cb   Data           8  ch9329.o(.data)
    LWindows                                 0x200000d3   Data           8  ch9329.o(.data)
    LAlt                                     0x200000db   Data           8  ch9329.o(.data)
    LShift                                   0x200000e3   Data           8  ch9329.o(.data)
    LCtrl                                    0x200000eb   Data           8  ch9329.o(.data)
    Paste                                    0x200000f3   Data           8  ch9329.o(.data)
    Pie                                      0x200000fb   Data           8  ch9329.o(.data)
    One                                      0x20000103   Data           8  ch9329.o(.data)
    Two                                      0x2000010b   Data           8  ch9329.o(.data)
    Three                                    0x20000113   Data           8  ch9329.o(.data)
    Four                                     0x2000011b   Data           8  ch9329.o(.data)
    Five                                     0x20000123   Data           8  ch9329.o(.data)
    Six                                      0x2000012b   Data           8  ch9329.o(.data)
    Seven                                    0x20000133   Data           8  ch9329.o(.data)
    Eight                                    0x2000013b   Data           8  ch9329.o(.data)
    Nine                                     0x20000143   Data           8  ch9329.o(.data)
    Zero                                     0x2000014b   Data           8  ch9329.o(.data)
    Line                                     0x20000153   Data           8  ch9329.o(.data)
    Equal                                    0x2000015b   Data           8  ch9329.o(.data)
    Keycode14                                0x20000163   Data           8  ch9329.o(.data)
    BackSpace                                0x2000016b   Data           8  ch9329.o(.data)
    Tab                                      0x20000173   Data           8  ch9329.o(.data)
    q                                        0x2000017b   Data           8  ch9329.o(.data)
    w                                        0x20000183   Data           8  ch9329.o(.data)
    e                                        0x2000018b   Data           8  ch9329.o(.data)
    r                                        0x20000193   Data           8  ch9329.o(.data)
    t                                        0x2000019b   Data           8  ch9329.o(.data)
    y                                        0x200001a3   Data           8  ch9329.o(.data)
    u                                        0x200001ab   Data           8  ch9329.o(.data)
    i                                        0x200001b3   Data           8  ch9329.o(.data)
    o                                        0x200001bb   Data           8  ch9329.o(.data)
    p                                        0x200001c3   Data           8  ch9329.o(.data)
    LeftSquareBrackets                       0x200001cb   Data           8  ch9329.o(.data)
    RightSquareBrackets                      0x200001d3   Data           8  ch9329.o(.data)
    Backlash                                 0x200001db   Data           8  ch9329.o(.data)
    CapsLock                                 0x200001e3   Data           8  ch9329.o(.data)
    a                                        0x200001eb   Data           8  ch9329.o(.data)
    s                                        0x200001f3   Data           8  ch9329.o(.data)
    d                                        0x200001fb   Data           8  ch9329.o(.data)
    f                                        0x20000203   Data           8  ch9329.o(.data)
    g                                        0x2000020b   Data           8  ch9329.o(.data)
    h                                        0x20000213   Data           8  ch9329.o(.data)
    j                                        0x2000021b   Data           8  ch9329.o(.data)
    k                                        0x20000223   Data           8  ch9329.o(.data)
    l                                        0x2000022b   Data           8  ch9329.o(.data)
    Semicolon                                0x20000233   Data           8  ch9329.o(.data)
    SingleQuotes                             0x2000023b   Data           8  ch9329.o(.data)
    Keycode42                                0x20000243   Data           8  ch9329.o(.data)
    LeftEnter                                0x2000024b   Data           8  ch9329.o(.data)
    LeftShift                                0x20000253   Data           8  ch9329.o(.data)
    Keycode45                                0x2000025b   Data           8  ch9329.o(.data)
    z                                        0x20000263   Data           8  ch9329.o(.data)
    x                                        0x2000026b   Data           8  ch9329.o(.data)
    c                                        0x20000273   Data           8  ch9329.o(.data)
    v                                        0x2000027b   Data           8  ch9329.o(.data)
    b                                        0x20000283   Data           8  ch9329.o(.data)
    n                                        0x2000028b   Data           8  ch9329.o(.data)
    m                                        0x20000293   Data           8  ch9329.o(.data)
    Comma                                    0x2000029b   Data           8  ch9329.o(.data)
    Point                                    0x200002a3   Data           8  ch9329.o(.data)
    ObliqueLine                              0x200002ab   Data           8  ch9329.o(.data)
    Keycode56                                0x200002b3   Data           8  ch9329.o(.data)
    RightShift                               0x200002bb   Data           8  ch9329.o(.data)
    LeftCtrl                                 0x200002c3   Data           8  ch9329.o(.data)
    LeftAlt                                  0x200002cb   Data           8  ch9329.o(.data)
    Space                                    0x200002d3   Data           8  ch9329.o(.data)
    RightAlt                                 0x200002db   Data           8  ch9329.o(.data)
    RightCtrl                                0x200002e3   Data           8  ch9329.o(.data)
    Insert                                   0x200002eb   Data           8  ch9329.o(.data)
    Delete                                   0x200002f3   Data           8  ch9329.o(.data)
    LeftArrow                                0x200002fb   Data           8  ch9329.o(.data)
    Home                                     0x20000303   Data           8  ch9329.o(.data)
    End                                      0x2000030b   Data           8  ch9329.o(.data)
    UpArrow                                  0x20000313   Data           8  ch9329.o(.data)
    DownArrow                                0x2000031b   Data           8  ch9329.o(.data)
    PgUp                                     0x20000323   Data           8  ch9329.o(.data)
    PgDn                                     0x2000032b   Data           8  ch9329.o(.data)
    RightArrow                               0x20000333   Data           8  ch9329.o(.data)
    NumLock                                  0x2000033b   Data           8  ch9329.o(.data)
    sSeven                                   0x20000343   Data           8  ch9329.o(.data)
    sFour                                    0x2000034b   Data           8  ch9329.o(.data)
    sOne                                     0x20000353   Data           8  ch9329.o(.data)
    Divide                                   0x2000035b   Data           8  ch9329.o(.data)
    sEight                                   0x20000363   Data           8  ch9329.o(.data)
    sFive                                    0x2000036b   Data           8  ch9329.o(.data)
    sTwo                                     0x20000373   Data           8  ch9329.o(.data)
    sZero                                    0x2000037b   Data           8  ch9329.o(.data)
    sStar                                    0x20000383   Data           8  ch9329.o(.data)
    sNine                                    0x2000038b   Data           8  ch9329.o(.data)
    sSix                                     0x20000393   Data           8  ch9329.o(.data)
    sThree                                   0x2000039b   Data           8  ch9329.o(.data)
    sDot                                     0x200003a3   Data           8  ch9329.o(.data)
    sSub                                     0x200003ab   Data           8  ch9329.o(.data)
    sPlus                                    0x200003b3   Data           8  ch9329.o(.data)
    Keycode107                               0x200003bb   Data           8  ch9329.o(.data)
    RightEnter                               0x200003c3   Data           8  ch9329.o(.data)
    Esc                                      0x200003cb   Data           8  ch9329.o(.data)
    F1                                       0x200003d3   Data           8  ch9329.o(.data)
    F2                                       0x200003db   Data           8  ch9329.o(.data)
    F3                                       0x200003e3   Data           8  ch9329.o(.data)
    F4                                       0x200003eb   Data           8  ch9329.o(.data)
    F5                                       0x200003f3   Data           8  ch9329.o(.data)
    F6                                       0x200003fb   Data           8  ch9329.o(.data)
    F7                                       0x20000403   Data           8  ch9329.o(.data)
    F8                                       0x2000040b   Data           8  ch9329.o(.data)
    F9                                       0x20000413   Data           8  ch9329.o(.data)
    F10                                      0x2000041b   Data           8  ch9329.o(.data)
    F11                                      0x20000423   Data           8  ch9329.o(.data)
    F12                                      0x2000042b   Data           8  ch9329.o(.data)
    PrintScreen                              0x20000433   Data           8  ch9329.o(.data)
    ScrollLock                               0x2000043b   Data           8  ch9329.o(.data)
    Pause                                    0x20000443   Data           8  ch9329.o(.data)
    Wave                                     0x2000044b   Data           8  ch9329.o(.data)
    Exclamation                              0x20000453   Data           8  ch9329.o(.data)
    At                                       0x2000045b   Data           8  ch9329.o(.data)
    Well                                     0x20000463   Data           8  ch9329.o(.data)
    Dollar                                   0x2000046b   Data           8  ch9329.o(.data)
    Percent                                  0x20000473   Data           8  ch9329.o(.data)
    UpAngleBrackets                          0x2000047b   Data           8  ch9329.o(.data)
    And                                      0x20000483   Data           8  ch9329.o(.data)
    Star                                     0x2000048b   Data           8  ch9329.o(.data)
    LeftParenthesis                          0x20000493   Data           8  ch9329.o(.data)
    RightParenthesis                         0x2000049b   Data           8  ch9329.o(.data)
    DownLine                                 0x200004a3   Data           8  ch9329.o(.data)
    Plus                                     0x200004ab   Data           8  ch9329.o(.data)
    Q                                        0x200004b3   Data           8  ch9329.o(.data)
    W                                        0x200004bb   Data           8  ch9329.o(.data)
    E                                        0x200004c3   Data           8  ch9329.o(.data)
    R                                        0x200004cb   Data           8  ch9329.o(.data)
    T                                        0x200004d3   Data           8  ch9329.o(.data)
    Y                                        0x200004db   Data           8  ch9329.o(.data)
    U                                        0x200004e3   Data           8  ch9329.o(.data)
    I                                        0x200004eb   Data           8  ch9329.o(.data)
    O                                        0x200004f3   Data           8  ch9329.o(.data)
    P                                        0x200004fb   Data           8  ch9329.o(.data)
    Leftbrace                                0x20000503   Data           8  ch9329.o(.data)
    Rightbrace                               0x2000050b   Data           8  ch9329.o(.data)
    PerpendicularLine                        0x20000513   Data           8  ch9329.o(.data)
    A                                        0x2000051b   Data           8  ch9329.o(.data)
    S                                        0x20000523   Data           8  ch9329.o(.data)
    D                                        0x2000052b   Data           8  ch9329.o(.data)
    F                                        0x20000533   Data           8  ch9329.o(.data)
    G                                        0x2000053b   Data           8  ch9329.o(.data)
    H                                        0x20000543   Data           8  ch9329.o(.data)
    J                                        0x2000054b   Data           8  ch9329.o(.data)
    K                                        0x20000553   Data           8  ch9329.o(.data)
    L                                        0x2000055b   Data           8  ch9329.o(.data)
    Colon                                    0x20000563   Data           8  ch9329.o(.data)
    DoubleQuotationMarks                     0x2000056b   Data           8  ch9329.o(.data)
    Z                                        0x20000573   Data           8  ch9329.o(.data)
    X                                        0x2000057b   Data           8  ch9329.o(.data)
    C                                        0x20000583   Data           8  ch9329.o(.data)
    V                                        0x2000058b   Data           8  ch9329.o(.data)
    B                                        0x20000593   Data           8  ch9329.o(.data)
    N                                        0x2000059b   Data           8  ch9329.o(.data)
    M                                        0x200005a3   Data           8  ch9329.o(.data)
    LeftAngleBracket                         0x200005ab   Data           8  ch9329.o(.data)
    RightAngleBracket                        0x200005b3   Data           8  ch9329.o(.data)
    QuestionMark                             0x200005bb   Data           8  ch9329.o(.data)
    SLEEP                                    0x200005c3   Data          11  ch9329.o(.data)
    Power                                    0x200005ce   Data          11  ch9329.o(.data)
    WakeUp                                   0x200005d9   Data          11  ch9329.o(.data)
    up                                       0x200005e4   Data          11  ch9329.o(.data)
    VolumeDec                                0x200005ef   Data          13  ch9329.o(.data)
    VolumeInc                                0x200005fc   Data          13  ch9329.o(.data)
    Mute                                     0x20000609   Data          13  ch9329.o(.data)
    Calculator                               0x20000616   Data          13  ch9329.o(.data)
    EMail                                    0x20000623   Data          13  ch9329.o(.data)
    Search                                   0x20000630   Data          13  ch9329.o(.data)
    Explorer                                 0x2000063d   Data          13  ch9329.o(.data)
    ScreenSave                               0x2000064a   Data          13  ch9329.o(.data)
    KeyRelease                               0x20000657   Data          13  ch9329.o(.data)
    ascll                                    0x20000664   Data         508  ch9329.o(.data)
    CMD                                      0x20000860   Data           7  fpm383c.o(.data)
    SUM                                      0x20000867   Data           2  fpm383c.o(.data)
    LEN                                      0x20000869   Data           1  fpm383c.o(.data)
    HEAD                                     0x2000086a   Data           2  fpm383c.o(.data)
    ADDR                                     0x2000086c   Data           4  fpm383c.o(.data)
    IDCMD                                    0x20000870   Data           1  fpm383c.o(.data)
    IDDATA1                                  0x20000871   Data           1  fpm383c.o(.data)
    IDDATA2                                  0x20000872   Data           1  fpm383c.o(.data)
    AutoEnroll                               0x20000873   Data           1  fpm383c.o(.data)
    AutoEnrollLen                            0x20000874   Data           2  fpm383c.o(.data)
    AutoIdentify                             0x20000876   Data           1  fpm383c.o(.data)
    AutoIdentifyLen                          0x20000877   Data           2  fpm383c.o(.data)
    DeletChar                                0x20000879   Data           1  fpm383c.o(.data)
    DeletCharLen                             0x2000087a   Data           2  fpm383c.o(.data)
    Empty                                    0x2000087c   Data           1  fpm383c.o(.data)
    EmptyLen                                 0x2000087d   Data           2  fpm383c.o(.data)
    Cancel                                   0x2000087f   Data           1  fpm383c.o(.data)
    CancelLen                                0x20000880   Data           2  fpm383c.o(.data)
    Sleep                                    0x20000882   Data           1  fpm383c.o(.data)
    SleepLen                                 0x20000883   Data           2  fpm383c.o(.data)
    ValidTempleteNum                         0x20000885   Data           1  fpm383c.o(.data)
    ValidTempleteNumLen                      0x20000886   Data           2  fpm383c.o(.data)
    ReadIndexTable                           0x20000888   Data           1  fpm383c.o(.data)
    ReadIndexTableLen                        0x20000889   Data           2  fpm383c.o(.data)
    SetPwd                                   0x2000088b   Data           1  fpm383c.o(.data)
    SetPwdLen                                0x2000088c   Data           2  fpm383c.o(.data)
    VfyPwd                                   0x2000088e   Data           1  fpm383c.o(.data)
    VfyPwdLen                                0x2000088f   Data           2  fpm383c.o(.data)
    GetImage                                 0x20000891   Data           1  fpm383c.o(.data)
    GetImageLen                              0x20000892   Data           2  fpm383c.o(.data)
    GetRnrollImage                           0x20000894   Data           1  fpm383c.o(.data)
    GetRnrollImageLen                        0x20000895   Data           2  fpm383c.o(.data)
    GenChar                                  0x20000897   Data           1  fpm383c.o(.data)
    GenCharLen                               0x20000898   Data           2  fpm383c.o(.data)
    Match                                    0x2000089a   Data           1  fpm383c.o(.data)
    MatchLen                                 0x2000089b   Data           2  fpm383c.o(.data)
    RegMB                                    0x2000089d   Data           1  fpm383c.o(.data)
    RegMBLen                                 0x2000089e   Data           2  fpm383c.o(.data)
    StorMB                                   0x200008a0   Data           1  fpm383c.o(.data)
    StorMBLen                                0x200008a1   Data           2  fpm383c.o(.data)
    SearchMB                                 0x200008a3   Data           1  fpm383c.o(.data)
    SearchMBLen                              0x200008a4   Data           2  fpm383c.o(.data)
    GetChipUID                               0x200008a6   Data           1  fpm383c.o(.data)
    GetChipUIDLen                            0x200008a7   Data           2  fpm383c.o(.data)
    GetChipEcho                              0x200008a9   Data           1  fpm383c.o(.data)
    GetChipEchoLen                           0x200008aa   Data           2  fpm383c.o(.data)
    AutoCaiSensor                            0x200008ac   Data           1  fpm383c.o(.data)
    AutoCaiSensorLen                         0x200008ad   Data           2  fpm383c.o(.data)
    UpImage                                  0x200008af   Data           1  fpm383c.o(.data)
    UpImageLen                               0x200008b0   Data           2  fpm383c.o(.data)
    ReadSysPara                              0x200008b2   Data           1  fpm383c.o(.data)
    ReadSysParaLen                           0x200008b3   Data           2  fpm383c.o(.data)
    ControlBLN                               0x200008b5   Data           1  fpm383c.o(.data)
    ControlBLNLen                            0x200008b6   Data           2  fpm383c.o(.data)
    FingerCharUp                             0x200008b8   Data           1  fpm383c.o(.data)
    FingerCharUpLen                          0x200008b9   Data           2  fpm383c.o(.data)
    FingerCharDown                           0x200008bb   Data           1  fpm383c.o(.data)
    FingerMoudleSet                          0x200008bc   Data           1  fpm383c.o(.data)
    FingerMoudleSetLen                       0x200008bd   Data           2  fpm383c.o(.data)
    GetDummyTempleteNo                       0x200008bf   Data           1  fpm383c.o(.data)
    GetDummyTempleteNoLen                    0x200008c0   Data           2  fpm383c.o(.data)
    GetFingerMoudleVersion                   0x200008c2   Data           1  fpm383c.o(.data)
    GetFingerMoudleVersionLen                0x200008c3   Data           2  fpm383c.o(.data)
    GetChipSN                                0x200008c5   Data           1  fpm383c.o(.data)
    GetChipSNLen                             0x200008c6   Data           2  fpm383c.o(.data)
    HandShake                                0x200008c8   Data           1  fpm383c.o(.data)
    HandShakeLen                             0x200008c9   Data           2  fpm383c.o(.data)
    CheckSenser                              0x200008cb   Data           1  fpm383c.o(.data)
    CheckSenserLen                           0x200008cc   Data           2  fpm383c.o(.data)
    SetChipAddr                              0x200008ce   Data           1  fpm383c.o(.data)
    SetChipAddrLen                           0x200008cf   Data           2  fpm383c.o(.data)
    WriteNotepad                             0x200008d1   Data           1  fpm383c.o(.data)
    WriteNotepadLen                          0x200008d2   Data           2  fpm383c.o(.data)
    ReadNotepad                              0x200008d4   Data           1  fpm383c.o(.data)
    ReadNotepadLen                           0x200008d5   Data           2  fpm383c.o(.data)
    signal_a                                 0x200008d7   Data           1  encoder.o(.data)
    signal_b                                 0x200008d8   Data           1  encoder.o(.data)
    uwTick                                   0x200008dc   Data           4  stm32f1xx_hal.o(.data)
    uwTickPrio                               0x200008e0   Data           4  stm32f1xx_hal.o(.data)
    uwTickFreq                               0x200008e4   Data           1  stm32f1xx_hal.o(.data)
    SystemCoreClock                          0x200008e8   Data           4  system_stm32f1xx.o(.data)
    Protocol_CMD                             0x200008ec   Data         100  msghandler.o(.bss)
    ws2812_handle                            0x20000950   Data          24  main.o(.bss)
    hadc1                                    0x20000dbc   Data          48  adc.o(.bss)
    hdma_adc1                                0x20000dec   Data          68  adc.o(.bss)
    hspi2                                    0x20000e30   Data          88  spi.o(.bss)
    htim1                                    0x20000e88   Data          72  tim.o(.bss)
    RxData1                                  0x20000ed0   Data         100  usart.o(.bss)
    RxData2                                  0x20000f34   Data         100  usart.o(.bss)
    huart1                                   0x20000f98   Data          68  usart.o(.bss)
    huart2                                   0x20000fdc   Data          68  usart.o(.bss)
    RX_TableData                             0x20001020   Data          44  func_fingerprint.o(.bss)
    RX_SleepData                             0x2000104c   Data          12  func_fingerprint.o(.bss)
    RX_AutoEnrollData                        0x20001058   Data          14  func_fingerprint.o(.bss)
    RX_AutoIdentifyData                      0x20001066   Data          17  func_fingerprint.o(.bss)
    RX_GetDummyTempleteNoData                0x20001077   Data          14  func_fingerprint.o(.bss)
    RX_ControlBLN                            0x20001085   Data          12  func_fingerprint.o(.bss)
    RX_GetChipSN                             0x20001091   Data          32  func_fingerprint.o(.bss)
    RX_ReadNotepad                           0x200010b1   Data          32  func_fingerprint.o(.bss)
    USB_CMD                                  0x200010d1   Data         100  func_fingerprint.o(.bss)
    PS_AutoEnroll                            0x20001135   Data          17  fpm383c.o(.bss)
    PS_AutoIdentify                          0x20001146   Data          17  fpm383c.o(.bss)
    PS_DeletChar                             0x20001157   Data          16  fpm383c.o(.bss)
    PS_Cancel                                0x20001167   Data          12  fpm383c.o(.bss)
    PS_Sleep                                 0x20001173   Data          12  fpm383c.o(.bss)
    PS_ValidTempleteNum                      0x2000117f   Data          12  fpm383c.o(.bss)
    PS_ReadIndexTable                        0x2000118b   Data          13  fpm383c.o(.bss)
    PS_SetPwd                                0x20001198   Data          16  fpm383c.o(.bss)
    PS_VfyPwd                                0x200011a8   Data          16  fpm383c.o(.bss)
    PS_GetChipEcho                           0x200011b8   Data          12  fpm383c.o(.bss)
    PS_AutoCaiSensor                         0x200011c4   Data          12  fpm383c.o(.bss)
    PS_ControlBLN                            0x200011d0   Data          16  fpm383c.o(.bss)
    PS_GetDummyTempleteNo                    0x200011e0   Data          12  fpm383c.o(.bss)
    PS_GetChipSN                             0x200011ec   Data          13  fpm383c.o(.bss)
    PS_HandShake                             0x200011f9   Data          12  fpm383c.o(.bss)
    PS_CheckSensor                           0x20001205   Data          12  fpm383c.o(.bss)
    PS_SetChipAddr                           0x20001211   Data          16  fpm383c.o(.bss)
    PS_WriteNotepad                          0x20001221   Data          45  fpm383c.o(.bss)
    PS_ReadNotepad                           0x2000124e   Data          13  fpm383c.o(.bss)
    PS_GetImage                              0x2000125b   Data          12  fpm383c.o(.bss)
    PS_GenChar                               0x20001267   Data          13  fpm383c.o(.bss)
    PS_RegModel                              0x20001274   Data          12  fpm383c.o(.bss)
    PS_StoreChar                             0x20001280   Data          15  fpm383c.o(.bss)
    PS_Match                                 0x2000128f   Data          12  fpm383c.o(.bss)
    __libspace_start                         0x2000129c   Data          96  libspace.o(.bss)
    __temporary_stack_top$libspace           0x200012fc   Data           0  libspace.o(.bss)



==============================================================================

Memory Map of the image

  Image Entry point : 0x080000ed

  Load Region LR_IROM1 (Base: 0x08000000, Size: 0x00005624, Max: 0x00010000, ABSOLUTE, COMPRESSED[0x000050c0])

    Execution Region ER_IROM1 (Exec base: 0x08000000, Load base: 0x08000000, Size: 0x00004d38, Max: 0x00010000, ABSOLUTE)

    Exec Addr    Load Addr    Size         Type   Attr      Idx    E Section Name        Object

    0x08000000   0x08000000   0x000000ec   Data   RO            3    RESET               startup_stm32f103xb.o
    0x080000ec   0x080000ec   0x00000008   Code   RO         4826  * !!!main             c_w.l(__main.o)
    0x080000f4   0x080000f4   0x00000034   Code   RO         5031    !!!scatter          c_w.l(__scatter.o)
    0x08000128   0x08000128   0x0000005a   Code   RO         5029    !!dczerorl2         c_w.l(__dczerorl2.o)
    0x08000182   0x08000182   0x00000002   PAD
    0x08000184   0x08000184   0x0000001c   Code   RO         5033    !!handler_zi        c_w.l(__scatter_zi.o)
    0x080001a0   0x080001a0   0x00000002   Code   RO         4968    .ARM.Collect$$libinit$$00000000  c_w.l(libinit.o)
    0x080001a2   0x080001a2   0x00000000   Code   RO         4861    .ARM.Collect$$libinit$$00000002  c_w.l(libinit2.o)
    0x080001a2   0x080001a2   0x00000000   Code   RO         4863    .ARM.Collect$$libinit$$00000004  c_w.l(libinit2.o)
    0x080001a2   0x080001a2   0x00000000   Code   RO         4866    .ARM.Collect$$libinit$$0000000A  c_w.l(libinit2.o)
    0x080001a2   0x080001a2   0x00000000   Code   RO         4868    .ARM.Collect$$libinit$$0000000C  c_w.l(libinit2.o)
    0x080001a2   0x080001a2   0x00000000   Code   RO         4870    .ARM.Collect$$libinit$$0000000E  c_w.l(libinit2.o)
    0x080001a2   0x080001a2   0x00000000   Code   RO         4873    .ARM.Collect$$libinit$$00000011  c_w.l(libinit2.o)
    0x080001a2   0x080001a2   0x00000000   Code   RO         4875    .ARM.Collect$$libinit$$00000013  c_w.l(libinit2.o)
    0x080001a2   0x080001a2   0x00000000   Code   RO         4877    .ARM.Collect$$libinit$$00000015  c_w.l(libinit2.o)
    0x080001a2   0x080001a2   0x00000000   Code   RO         4879    .ARM.Collect$$libinit$$00000017  c_w.l(libinit2.o)
    0x080001a2   0x080001a2   0x00000000   Code   RO         4881    .ARM.Collect$$libinit$$00000019  c_w.l(libinit2.o)
    0x080001a2   0x080001a2   0x00000000   Code   RO         4883    .ARM.Collect$$libinit$$0000001B  c_w.l(libinit2.o)
    0x080001a2   0x080001a2   0x00000000   Code   RO         4885    .ARM.Collect$$libinit$$0000001D  c_w.l(libinit2.o)
    0x080001a2   0x080001a2   0x00000000   Code   RO         4887    .ARM.Collect$$libinit$$0000001F  c_w.l(libinit2.o)
    0x080001a2   0x080001a2   0x00000000   Code   RO         4889    .ARM.Collect$$libinit$$00000021  c_w.l(libinit2.o)
    0x080001a2   0x080001a2   0x00000000   Code   RO         4891    .ARM.Collect$$libinit$$00000023  c_w.l(libinit2.o)
    0x080001a2   0x080001a2   0x00000000   Code   RO         4893    .ARM.Collect$$libinit$$00000025  c_w.l(libinit2.o)
    0x080001a2   0x080001a2   0x00000000   Code   RO         4897    .ARM.Collect$$libinit$$0000002C  c_w.l(libinit2.o)
    0x080001a2   0x080001a2   0x00000000   Code   RO         4899    .ARM.Collect$$libinit$$0000002E  c_w.l(libinit2.o)
    0x080001a2   0x080001a2   0x00000000   Code   RO         4901    .ARM.Collect$$libinit$$00000030  c_w.l(libinit2.o)
    0x080001a2   0x080001a2   0x00000000   Code   RO         4903    .ARM.Collect$$libinit$$00000032  c_w.l(libinit2.o)
    0x080001a2   0x080001a2   0x00000002   Code   RO         4904    .ARM.Collect$$libinit$$00000033  c_w.l(libinit2.o)
    0x080001a4   0x080001a4   0x00000002   Code   RO         5026    .ARM.Collect$$libshutdown$$00000000  c_w.l(libshutdown.o)
    0x080001a6   0x080001a6   0x00000000   Code   RO         4982    .ARM.Collect$$libshutdown$$00000002  c_w.l(libshutdown2.o)
    0x080001a6   0x080001a6   0x00000000   Code   RO         4984    .ARM.Collect$$libshutdown$$00000004  c_w.l(libshutdown2.o)
    0x080001a6   0x080001a6   0x00000000   Code   RO         4987    .ARM.Collect$$libshutdown$$00000007  c_w.l(libshutdown2.o)
    0x080001a6   0x080001a6   0x00000000   Code   RO         4990    .ARM.Collect$$libshutdown$$0000000A  c_w.l(libshutdown2.o)
    0x080001a6   0x080001a6   0x00000000   Code   RO         4992    .ARM.Collect$$libshutdown$$0000000C  c_w.l(libshutdown2.o)
    0x080001a6   0x080001a6   0x00000000   Code   RO         4995    .ARM.Collect$$libshutdown$$0000000F  c_w.l(libshutdown2.o)
    0x080001a6   0x080001a6   0x00000002   Code   RO         4996    .ARM.Collect$$libshutdown$$00000010  c_w.l(libshutdown2.o)
    0x080001a8   0x080001a8   0x00000000   Code   RO         4830    .ARM.Collect$$rtentry$$00000000  c_w.l(__rtentry.o)
    0x080001a8   0x080001a8   0x00000000   Code   RO         4911    .ARM.Collect$$rtentry$$00000002  c_w.l(__rtentry2.o)
    0x080001a8   0x080001a8   0x00000006   Code   RO         4923    .ARM.Collect$$rtentry$$00000004  c_w.l(__rtentry4.o)
    0x080001ae   0x080001ae   0x00000000   Code   RO         4913    .ARM.Collect$$rtentry$$00000009  c_w.l(__rtentry2.o)
    0x080001ae   0x080001ae   0x00000004   Code   RO         4914    .ARM.Collect$$rtentry$$0000000A  c_w.l(__rtentry2.o)
    0x080001b2   0x080001b2   0x00000000   Code   RO         4916    .ARM.Collect$$rtentry$$0000000C  c_w.l(__rtentry2.o)
    0x080001b2   0x080001b2   0x00000008   Code   RO         4917    .ARM.Collect$$rtentry$$0000000D  c_w.l(__rtentry2.o)
    0x080001ba   0x080001ba   0x00000002   Code   RO         4971    .ARM.Collect$$rtexit$$00000000  c_w.l(rtexit.o)
    0x080001bc   0x080001bc   0x00000000   Code   RO         5000    .ARM.Collect$$rtexit$$00000002  c_w.l(rtexit2.o)
    0x080001bc   0x080001bc   0x00000004   Code   RO         5001    .ARM.Collect$$rtexit$$00000003  c_w.l(rtexit2.o)
    0x080001c0   0x080001c0   0x00000006   Code   RO         5002    .ARM.Collect$$rtexit$$00000004  c_w.l(rtexit2.o)
    0x080001c6   0x080001c6   0x00000002   PAD
    0x080001c8   0x080001c8   0x00000040   Code   RO            4    .text               startup_stm32f103xb.o
    0x08000208   0x08000208   0x0000008a   Code   RO         4816    .text               c_w.l(rt_memcpy_v6.o)
    0x08000292   0x08000292   0x00000044   Code   RO         4818    .text               c_w.l(rt_memclr.o)
    0x080002d6   0x080002d6   0x0000004e   Code   RO         4820    .text               c_w.l(rt_memclr_w.o)
    0x08000324   0x08000324   0x00000006   Code   RO         4824    .text               c_w.l(heapauxi.o)
    0x0800032a   0x0800032a   0x00000064   Code   RO         4856    .text               c_w.l(rt_memcpy_w.o)
    0x0800038e   0x0800038e   0x00000002   PAD
    0x08000390   0x08000390   0x00000008   Code   RO         4907    .text               c_w.l(libspace.o)
    0x08000398   0x08000398   0x00000002   Code   RO         4944    .text               c_w.l(use_no_semi.o)
    0x0800039a   0x0800039a   0x00000000   Code   RO         4946    .text               c_w.l(indicate_semi.o)
    0x0800039a   0x0800039a   0x0000004a   Code   RO         4947    .text               c_w.l(sys_stackheap_outer.o)
    0x080003e4   0x080003e4   0x00000012   Code   RO         4953    .text               c_w.l(exit.o)
    0x080003f6   0x080003f6   0x00000002   PAD
    0x080003f8   0x080003f8   0x0000000c   Code   RO         4969    .text               c_w.l(sys_exit.o)
    0x08000404   0x08000404   0x0000005c   Code   RO         1759    i.ADC_ConversionStop_Disable  stm32f1xx_hal_adc.o
    0x08000460   0x08000460   0x00000052   Code   RO         1760    i.ADC_DMAConvCplt   stm32f1xx_hal_adc.o
    0x080004b2   0x080004b2   0x0000001e   Code   RO         1761    i.ADC_DMAError      stm32f1xx_hal_adc.o
    0x080004d0   0x080004d0   0x0000000e   Code   RO         1762    i.ADC_DMAHalfConvCplt  stm32f1xx_hal_adc.o
    0x080004de   0x080004de   0x00000002   PAD
    0x080004e0   0x080004e0   0x00000090   Code   RO         1763    i.ADC_Enable        stm32f1xx_hal_adc.o
    0x08000570   0x08000570   0x00000024   Code   RO         1515    i.AT24C64_Write     at24c64.o
    0x08000594   0x08000594   0x0000003e   Code   RO         1517    i.AT24C64_WriteOneByte  at24c64.o
    0x080005d2   0x080005d2   0x00000004   Code   RO          644    i.BusFault_Handler  stm32f1xx_it.o
    0x080005d6   0x080005d6   0x0000001c   Code   RO         1172    i.CH9329_GenerateCheckSum  ch9329.o
    0x080005f2   0x080005f2   0x0000001c   Code   RO         1173    i.CH9329_Generate_Checksum  ch9329.o
    0x0800060e   0x0800060e   0x00000002   PAD
    0x08000610   0x08000610   0x00000098   Code   RO         1175    i.CH9329_Init       ch9329.o
    0x080006a8   0x080006a8   0x00000028   Code   RO         1176    i.CH9329_Reset      ch9329.o
    0x080006d0   0x080006d0   0x0000000c   Code   RO         1180    i.CH9329_SerialMode_Config  ch9329.o
    0x080006dc   0x080006dc   0x00000064   Code   RO         1181    i.CH9329_Set_Cfg    ch9329.o
    0x08000740   0x08000740   0x0000000c   Code   RO         1183    i.CH9329_WorkMode_Config  ch9329.o
    0x0800074c   0x0800074c   0x000000bc   Code   RO         1320    i.CMD_AutoEnroll    fpm383c.o
    0x08000808   0x08000808   0x000000bc   Code   RO         1321    i.CMD_AutoIdentify  fpm383c.o
    0x080008c4   0x080008c4   0x0000008c   Code   RO         1322    i.CMD_Cancel        fpm383c.o
    0x08000950   0x08000950   0x000000bc   Code   RO         1324    i.CMD_ControlBLN    fpm383c.o
    0x08000a0c   0x08000a0c   0x000000b0   Code   RO         1325    i.CMD_DeletChar     fpm383c.o
    0x08000abc   0x08000abc   0x00000098   Code   RO         1334    i.CMD_ReadIndexTable  fpm383c.o
    0x08000b54   0x08000b54   0x0000009c   Code   RO         1339    i.CMD_Sleep         fpm383c.o
    0x08000bf0   0x08000bf0   0x0000001e   Code   RO          960    i.Calc_Checksum     func_fingerprint.o
    0x08000c0e   0x08000c0e   0x00000002   PAD
    0x08000c10   0x08000c10   0x00000010   Code   RO         1344    i.Check_Sum_Div     fpm383c.o
    0x08000c20   0x08000c20   0x00000044   Code   RO         1345    i.CmdConnect        fpm383c.o
    0x08000c64   0x08000c64   0x0000002a   Code   RO          961    i.Cmp_Checksum      func_fingerprint.o
    0x08000c8e   0x08000c8e   0x00000002   PAD
    0x08000c90   0x08000c90   0x000001b0   Code   RO          962    i.Con_AutoEnroll    func_fingerprint.o
    0x08000e40   0x08000e40   0x00000050   Code   RO          963    i.Con_AutoIdentify  func_fingerprint.o
    0x08000e90   0x08000e90   0x00000040   Code   RO          964    i.Con_Cancel        func_fingerprint.o
    0x08000ed0   0x08000ed0   0x0000005c   Code   RO          966    i.Con_ControlBLN    func_fingerprint.o
    0x08000f2c   0x08000f2c   0x00000048   Code   RO          967    i.Con_DeleteChar    func_fingerprint.o
    0x08000f74   0x08000f74   0x00000040   Code   RO          976    i.Con_Sleep         func_fingerprint.o
    0x08000fb4   0x08000fb4   0x00000010   Code   RO          645    i.DMA1_Channel1_IRQHandler  stm32f1xx_it.o
    0x08000fc4   0x08000fc4   0x0000002c   Code   RO         2418    i.DMA_SetConfig     stm32f1xx_hal_dma.o
    0x08000ff0   0x08000ff0   0x00000002   Code   RO          646    i.DebugMon_Handler  stm32f1xx_it.o
    0x08000ff2   0x08000ff2   0x00000002   PAD
    0x08000ff4   0x08000ff4   0x00000014   Code   RO          786    i.Delay_Init        delay.o
    0x08001008   0x08001008   0x00000018   Code   RO          787    i.Delay_ms          delay.o
    0x08001020   0x08001020   0x0000004c   Code   RO          788    i.Delay_us          delay.o
    0x0800106c   0x0800106c   0x000000a4   Code   RO         1572    i.ENCODER_Init      encoder.o
    0x08001110   0x08001110   0x0000000a   Code   RO          647    i.EXTI1_IRQHandler  stm32f1xx_it.o
    0x0800111a   0x0800111a   0x0000000a   Code   RO          648    i.EXTI4_IRQHandler  stm32f1xx_it.o
    0x08001124   0x08001124   0x00000040   Code   RO          649    i.EXTI9_5_IRQHandler  stm32f1xx_it.o
    0x08001164   0x08001164   0x00000006   Code   RO          325    i.Error_Handler     main.o
    0x0800116a   0x0800116a   0x00000002   PAD
    0x0800116c   0x0800116c   0x00000058   Code   RO         1346    i.FPM383C_Init      fpm383c.o
    0x080011c4   0x080011c4   0x0000003c   Code   RO           13    i.FPM383_Handler    msghandler.o
    0x08001200   0x08001200   0x00000088   Code   RO          881    i.Func_Store        func_info.o
    0x08001288   0x08001288   0x00000062   Code   RO          882    i.Func_Store_Account_Password  func_info.o
    0x080012ea   0x080012ea   0x00000034   Code   RO          883    i.Func_Store_Password  func_info.o
    0x0800131e   0x0800131e   0x0000004a   Code   RO          884    i.Func_Store_Shortcut  func_info.o
    0x08001368   0x08001368   0x00000034   Code   RO          885    i.Func_Store_Win_Password  func_info.o
    0x0800139c   0x0800139c   0x00000040   Code   RO           14    i.GenerateCmd       msghandler.o
    0x080013dc   0x080013dc   0x0000004c   Code   RO           15    i.GenerateProtocolCMD  msghandler.o
    0x08001428   0x08001428   0x00000050   Code   RO          980    i.GetTableState     func_fingerprint.o
    0x08001478   0x08001478   0x00000160   Code   RO         1765    i.HAL_ADC_ConfigChannel  stm32f1xx_hal_adc.o
    0x080015d8   0x080015d8   0x00000078   Code   RO          422    i.HAL_ADC_ConvCpltCallback  adc.o
    0x08001650   0x08001650   0x00000002   Code   RO         1767    i.HAL_ADC_ConvHalfCpltCallback  stm32f1xx_hal_adc.o
    0x08001652   0x08001652   0x00000002   Code   RO         1769    i.HAL_ADC_ErrorCallback  stm32f1xx_hal_adc.o
    0x08001654   0x08001654   0x00000144   Code   RO         1774    i.HAL_ADC_Init      stm32f1xx_hal_adc.o
    0x08001798   0x08001798   0x000000dc   Code   RO          424    i.HAL_ADC_MspInit   adc.o
    0x08001874   0x08001874   0x00000180   Code   RO         1781    i.HAL_ADC_Start_DMA  stm32f1xx_hal_adc.o
    0x080019f4   0x080019f4   0x00000056   Code   RO         2419    i.HAL_DMA_Abort     stm32f1xx_hal_dma.o
    0x08001a4a   0x08001a4a   0x00000002   PAD
    0x08001a4c   0x08001a4c   0x000000b0   Code   RO         2420    i.HAL_DMA_Abort_IT  stm32f1xx_hal_dma.o
    0x08001afc   0x08001afc   0x0000019c   Code   RO         2424    i.HAL_DMA_IRQHandler  stm32f1xx_hal_dma.o
    0x08001c98   0x08001c98   0x00000068   Code   RO         2425    i.HAL_DMA_Init      stm32f1xx_hal_dma.o
    0x08001d00   0x08001d00   0x0000009c   Code   RO         2429    i.HAL_DMA_Start_IT  stm32f1xx_hal_dma.o
    0x08001d9c   0x08001d9c   0x00000134   Code   RO         2352    i.HAL_GPIO_DeInit   stm32f1xx_hal_gpio.o
    0x08001ed0   0x08001ed0   0x00000104   Code   RO         1573    i.HAL_GPIO_EXTI_Callback  encoder.o
    0x08001fd4   0x08001fd4   0x0000001c   Code   RO         2354    i.HAL_GPIO_EXTI_IRQHandler  stm32f1xx_hal_gpio.o
    0x08001ff0   0x08001ff0   0x00000320   Code   RO         2355    i.HAL_GPIO_Init     stm32f1xx_hal_gpio.o
    0x08002310   0x08002310   0x00000010   Code   RO         2357    i.HAL_GPIO_ReadPin  stm32f1xx_hal_gpio.o
    0x08002320   0x08002320   0x0000000c   Code   RO         2359    i.HAL_GPIO_WritePin  stm32f1xx_hal_gpio.o
    0x0800232c   0x0800232c   0x0000000c   Code   RO         2046    i.HAL_GetTick       stm32f1xx_hal.o
    0x08002338   0x08002338   0x00000018   Code   RO         2052    i.HAL_IncTick       stm32f1xx_hal.o
    0x08002350   0x08002350   0x00000028   Code   RO         2053    i.HAL_Init          stm32f1xx_hal.o
    0x08002378   0x08002378   0x0000004c   Code   RO         2054    i.HAL_InitTick      stm32f1xx_hal.o
    0x080023c4   0x080023c4   0x0000005c   Code   RO          762    i.HAL_MspInit       stm32f1xx_hal_msp.o
    0x08002420   0x08002420   0x00000044   Code   RO         2514    i.HAL_NVIC_DisableIRQ  stm32f1xx_hal_cortex.o
    0x08002464   0x08002464   0x00000020   Code   RO         2515    i.HAL_NVIC_EnableIRQ  stm32f1xx_hal_cortex.o
    0x08002484   0x08002484   0x0000007c   Code   RO         2521    i.HAL_NVIC_SetPriority  stm32f1xx_hal_cortex.o
    0x08002500   0x08002500   0x00000028   Code   RO         2522    i.HAL_NVIC_SetPriorityGrouping  stm32f1xx_hal_cortex.o
    0x08002528   0x08002528   0x00000130   Code   RO         2318    i.HAL_RCCEx_PeriphCLKConfig  stm32f1xx_hal_rcc_ex.o
    0x08002658   0x08002658   0x0000018c   Code   RO         2210    i.HAL_RCC_ClockConfig  stm32f1xx_hal_rcc.o
    0x080027e4   0x080027e4   0x0000000c   Code   RO         2215    i.HAL_RCC_GetHCLKFreq  stm32f1xx_hal_rcc.o
    0x080027f0   0x080027f0   0x00000020   Code   RO         2217    i.HAL_RCC_GetPCLK1Freq  stm32f1xx_hal_rcc.o
    0x08002810   0x08002810   0x00000020   Code   RO         2218    i.HAL_RCC_GetPCLK2Freq  stm32f1xx_hal_rcc.o
    0x08002830   0x08002830   0x00000098   Code   RO         2219    i.HAL_RCC_GetSysClockFreq  stm32f1xx_hal_rcc.o
    0x080028c8   0x080028c8   0x00000464   Code   RO         2222    i.HAL_RCC_OscConfig  stm32f1xx_hal_rcc.o
    0x08002d2c   0x08002d2c   0x000000be   Code   RO         3052    i.HAL_SPI_Init      stm32f1xx_hal_spi.o
    0x08002dea   0x08002dea   0x00000002   PAD
    0x08002dec   0x08002dec   0x00000030   Code   RO          495    i.HAL_SPI_MspDeInit  spi.o
    0x08002e1c   0x08002e1c   0x00000074   Code   RO          496    i.HAL_SPI_MspInit   spi.o
    0x08002e90   0x08002e90   0x000001ae   Code   RO         3060    i.HAL_SPI_Transmit  stm32f1xx_hal_spi.o
    0x0800303e   0x0800303e   0x00000028   Code   RO         2524    i.HAL_SYSTICK_CLKSourceConfig  stm32f1xx_hal_cortex.o
    0x08003066   0x08003066   0x00000034   Code   RO         2526    i.HAL_SYSTICK_Config  stm32f1xx_hal_cortex.o
    0x0800309a   0x0800309a   0x00000002   Code   RO         4080    i.HAL_TIMEx_BreakCallback  stm32f1xx_hal_tim_ex.o
    0x0800309c   0x0800309c   0x00000002   Code   RO         4081    i.HAL_TIMEx_CommutCallback  stm32f1xx_hal_tim_ex.o
    0x0800309e   0x0800309e   0x00000002   PAD
    0x080030a0   0x080030a0   0x00000084   Code   RO         4099    i.HAL_TIMEx_MasterConfigSynchronization  stm32f1xx_hal_tim_ex.o
    0x08003124   0x08003124   0x00000066   Code   RO         3365    i.HAL_TIM_Base_Init  stm32f1xx_hal_tim.o
    0x0800318a   0x0800318a   0x00000002   PAD
    0x0800318c   0x0800318c   0x00000044   Code   RO          538    i.HAL_TIM_Base_MspInit  tim.o
    0x080031d0   0x080031d0   0x00000078   Code   RO         3370    i.HAL_TIM_Base_Start_IT  stm32f1xx_hal_tim.o
    0x08003248   0x08003248   0x00000108   Code   RO         3374    i.HAL_TIM_ConfigClockSource  stm32f1xx_hal_tim.o
    0x08003350   0x08003350   0x00000002   Code   RO         3399    i.HAL_TIM_IC_CaptureCallback  stm32f1xx_hal_tim.o
    0x08003352   0x08003352   0x00000196   Code   RO         3413    i.HAL_TIM_IRQHandler  stm32f1xx_hal_tim.o
    0x080034e8   0x080034e8   0x00000002   Code   RO         3416    i.HAL_TIM_OC_DelayElapsedCallback  stm32f1xx_hal_tim.o
    0x080034ea   0x080034ea   0x00000002   Code   RO         3443    i.HAL_TIM_PWM_PulseFinishedCallback  stm32f1xx_hal_tim.o
    0x080034ec   0x080034ec   0x00000024   Code   RO          539    i.HAL_TIM_PeriodElapsedCallback  tim.o
    0x08003510   0x08003510   0x00000002   Code   RO         3456    i.HAL_TIM_TriggerCallback  stm32f1xx_hal_tim.o
    0x08003512   0x08003512   0x00000002   Code   RO         4358    i.HAL_UARTEx_RxEventCallback  stm32f1xx_hal_uart.o
    0x08003514   0x08003514   0x00000002   Code   RO         4372    i.HAL_UART_ErrorCallback  stm32f1xx_hal_uart.o
    0x08003516   0x08003516   0x00000002   PAD
    0x08003518   0x08003518   0x0000024c   Code   RO         4375    i.HAL_UART_IRQHandler  stm32f1xx_hal_uart.o
    0x08003764   0x08003764   0x00000072   Code   RO         4376    i.HAL_UART_Init     stm32f1xx_hal_uart.o
    0x080037d6   0x080037d6   0x00000002   PAD
    0x080037d8   0x080037d8   0x00000110   Code   RO          590    i.HAL_UART_MspInit  usart.o
    0x080038e8   0x080038e8   0x00000042   Code   RO         4381    i.HAL_UART_Receive_IT  stm32f1xx_hal_uart.o
    0x0800392a   0x0800392a   0x00000002   PAD
    0x0800392c   0x0800392c   0x00000178   Code   RO          591    i.HAL_UART_RxCpltCallback  usart.o
    0x08003aa4   0x08003aa4   0x000000d2   Code   RO         4384    i.HAL_UART_Transmit  stm32f1xx_hal_uart.o
    0x08003b76   0x08003b76   0x00000002   Code   RO         4387    i.HAL_UART_TxCpltCallback  stm32f1xx_hal_uart.o
    0x08003b78   0x08003b78   0x00000004   Code   RO          650    i.HardFault_Handler  stm32f1xx_it.o
    0x08003b7c   0x08003b7c   0x00000058   Code   RO          195    i.IIC_Init          soft_iic.o
    0x08003bd4   0x08003bd4   0x00000068   Code   RO          198    i.IIC_Send_Byte     soft_iic.o
    0x08003c3c   0x08003c3c   0x0000004c   Code   RO          199    i.IIC_Start         soft_iic.o
    0x08003c88   0x08003c88   0x0000004c   Code   RO          200    i.IIC_Stop          soft_iic.o
    0x08003cd4   0x08003cd4   0x00000064   Code   RO          201    i.IIC_Wait_Ack      soft_iic.o
    0x08003d38   0x08003d38   0x0000004c   Code   RO         1118    i.KEY_Init          key.o
    0x08003d84   0x08003d84   0x00000074   Code   RO          425    i.MX_ADC1_Init      adc.o
    0x08003df8   0x08003df8   0x00000034   Code   RO          471    i.MX_DMA_Init       dma.o
    0x08003e2c   0x08003e2c   0x00000058   Code   RO          398    i.MX_GPIO_Init      gpio.o
    0x08003e84   0x08003e84   0x0000004c   Code   RO          497    i.MX_SPI2_Init      spi.o
    0x08003ed0   0x08003ed0   0x00000078   Code   RO          540    i.MX_TIM1_Init      tim.o
    0x08003f48   0x08003f48   0x00000044   Code   RO          592    i.MX_USART1_UART_Init  usart.o
    0x08003f8c   0x08003f8c   0x00000044   Code   RO          593    i.MX_USART2_UART_Init  usart.o
    0x08003fd0   0x08003fd0   0x00000004   Code   RO          651    i.MemManage_Handler  stm32f1xx_it.o
    0x08003fd4   0x08003fd4   0x00000004   Code   RO          652    i.NMI_Handler       stm32f1xx_it.o
    0x08003fd8   0x08003fd8   0x00000002   Code   RO          653    i.PendSV_Handler    stm32f1xx_it.o
    0x08003fda   0x08003fda   0x00000002   PAD
    0x08003fdc   0x08003fdc   0x00000028   Code   RO         2223    i.RCC_Delay         stm32f1xx_hal_rcc.o
    0x08004004   0x08004004   0x00000044   Code   RO          825    i.REL_Mouse_Ctrl    func_keyboard.o
    0x08004048   0x08004048   0x00000028   Code   RO         3090    i.SPI_EndRxTxTransaction  stm32f1xx_hal_spi.o
    0x08004070   0x08004070   0x000000d8   Code   RO         3095    i.SPI_WaitFlagStateUntilTimeout  stm32f1xx_hal_spi.o
    0x08004148   0x08004148   0x00000002   Code   RO          654    i.SVC_Handler       stm32f1xx_it.o
    0x0800414a   0x0800414a   0x00000008   Code   RO          655    i.SysTick_Handler   stm32f1xx_it.o
    0x08004152   0x08004152   0x00000084   Code   RO          326    i.SystemClock_Config  main.o
    0x080041d6   0x080041d6   0x00000002   Code   RO         4715    i.SystemInit        system_stm32f1xx.o
    0x080041d8   0x080041d8   0x00000010   Code   RO          656    i.TIM1_UP_IRQHandler  stm32f1xx_it.o
    0x080041e8   0x080041e8   0x00000074   Code   RO         3458    i.TIM_Base_SetConfig  stm32f1xx_hal_tim.o
    0x0800425c   0x0800425c   0x00000016   Code   RO         3469    i.TIM_ETR_SetConfig  stm32f1xx_hal_tim.o
    0x08004272   0x08004272   0x00000012   Code   RO         3470    i.TIM_ITRx_SetConfig  stm32f1xx_hal_tim.o
    0x08004284   0x08004284   0x00000026   Code   RO         3476    i.TIM_TI1_ConfigInputStage  stm32f1xx_hal_tim.o
    0x080042aa   0x080042aa   0x00000028   Code   RO         3478    i.TIM_TI2_ConfigInputStage  stm32f1xx_hal_tim.o
    0x080042d2   0x080042d2   0x00000014   Code   RO         4389    i.UART_DMAAbortOnError  stm32f1xx_hal_uart.o
    0x080042e6   0x080042e6   0x00000036   Code   RO         4399    i.UART_EndRxTransfer  stm32f1xx_hal_uart.o
    0x0800431c   0x0800431c   0x00000020   Code   RO         4400    i.UART_EndTransmit_IT  stm32f1xx_hal_uart.o
    0x0800433c   0x0800433c   0x000000e4   Code   RO         4402    i.UART_Receive_IT   stm32f1xx_hal_uart.o
    0x08004420   0x08004420   0x000000fc   Code   RO         4403    i.UART_SetConfig    stm32f1xx_hal_uart.o
    0x0800451c   0x0800451c   0x00000046   Code   RO         4405    i.UART_Start_Receive_IT  stm32f1xx_hal_uart.o
    0x08004562   0x08004562   0x00000060   Code   RO         4406    i.UART_Transmit_IT  stm32f1xx_hal_uart.o
    0x080045c2   0x080045c2   0x0000006c   Code   RO         4407    i.UART_WaitOnFlagUntilTimeout  stm32f1xx_hal_uart.o
    0x0800462e   0x0800462e   0x00000002   PAD
    0x08004630   0x08004630   0x0000001c   Code   RO          657    i.USART1_IRQHandler  stm32f1xx_it.o
    0x0800464c   0x0800464c   0x0000001c   Code   RO          658    i.USART2_IRQHandler  stm32f1xx_it.o
    0x08004668   0x08004668   0x00000270   Code   RO           16    i.USB_Handler       msghandler.o
    0x080048d8   0x080048d8   0x00000004   Code   RO          659    i.UsageFault_Handler  stm32f1xx_it.o
    0x080048dc   0x080048dc   0x00000038   Code   RO          981    i.WaitForResponse   func_fingerprint.o
    0x08004914   0x08004914   0x00000010   Code   RO         2528    i.__NVIC_GetPriorityGrouping  stm32f1xx_hal_cortex.o
    0x08004924   0x08004924   0x00000028   Code   RO         2529    i.__NVIC_SetPriority  stm32f1xx_hal_cortex.o
    0x0800494c   0x0800494c   0x00000106   Code   RO         1605    i.a_ws2812b_write_one_frame  ws2812b.o
    0x08004a52   0x08004a52   0x00000002   PAD
    0x08004a54   0x08004a54   0x000000c8   Code   RO          327    i.main              main.o
    0x08004b1c   0x08004b1c   0x0000003c   Code   RO         1608    i.ws2812b_init      ws2812b.o
    0x08004b58   0x08004b58   0x00000002   Code   RO         1668    i.ws2812b_interface_debug_print  ws2812b_interface.o
    0x08004b5a   0x08004b5a   0x0000000c   Code   RO         1669    i.ws2812b_interface_delay_ms  ws2812b_interface.o
    0x08004b66   0x08004b66   0x0000000a   Code   RO         1670    i.ws2812b_interface_spi_10mhz_init  ws2812b_interface.o
    0x08004b70   0x08004b70   0x00000010   Code   RO         1671    i.ws2812b_interface_spi_deinit  ws2812b_interface.o
    0x08004b80   0x08004b80   0x00000028   Code   RO         1672    i.ws2812b_interface_spi_write_cmd  ws2812b_interface.o
    0x08004ba8   0x08004ba8   0x00000148   Code   RO         1610    i.ws2812b_write     ws2812b.o
    0x08004cf0   0x08004cf0   0x00000010   Data   RO         1193    .constdata          ch9329.o
    0x08004d00   0x08004d00   0x00000018   Data   RO         4716    .constdata          system_stm32f1xx.o
    0x08004d18   0x08004d18   0x00000020   Data   RO         5027    Region$$Table       anon$$obj.o


    Execution Region RW_IRAM1 (Exec base: 0x20000000, Load base: 0x08004d38, Size: 0x00001900, Max: 0x00005000, ABSOLUTE, COMPRESSED[0x00000388])

    Exec Addr    Load Addr    Size         Type   Attr      Idx    E Section Name        Object

    0x20000000   COMPRESSED   0x0000000a   Data   RW           18    .data               msghandler.o
    0x2000000a   COMPRESSED   0x00000004   Data   RW          427    .data               adc.o
    0x2000000e   COMPRESSED   0x0000000b   Data   RW          595    .data               usart.o
    0x20000019   COMPRESSED   0x00000003   PAD
    0x2000001c   COMPRESSED   0x00000004   Data   RW          789    .data               delay.o
    0x20000020   COMPRESSED   0x00000028   Data   RW          828    .data               func_keyboard.o
    0x20000048   COMPRESSED   0x0000000c   Data   RW          983    .data               func_fingerprint.o
    0x20000054   COMPRESSED   0x0000080c   Data   RW         1194    .data               ch9329.o
    0x20000860   COMPRESSED   0x00000077   Data   RW         1348    .data               fpm383c.o
    0x200008d7   COMPRESSED   0x00000002   Data   RW         1574    .data               encoder.o
    0x200008d9   COMPRESSED   0x00000003   PAD
    0x200008dc   COMPRESSED   0x00000009   Data   RW         2060    .data               stm32f1xx_hal.o
    0x200008e5   COMPRESSED   0x00000003   PAD
    0x200008e8   COMPRESSED   0x00000004   Data   RW         4717    .data               system_stm32f1xx.o
    0x200008ec        -       0x00000064   Zero   RW           17    .bss                msghandler.o
    0x20000950        -       0x0000046c   Zero   RW          328    .bss                main.o
    0x20000dbc        -       0x00000074   Zero   RW          426    .bss                adc.o
    0x20000e30        -       0x00000058   Zero   RW          498    .bss                spi.o
    0x20000e88        -       0x00000048   Zero   RW          541    .bss                tim.o
    0x20000ed0        -       0x00000150   Zero   RW          594    .bss                usart.o
    0x20001020        -       0x00000115   Zero   RW          982    .bss                func_fingerprint.o
    0x20001135        -       0x00000166   Zero   RW         1347    .bss                fpm383c.o
    0x2000129b   COMPRESSED   0x00000001   PAD
    0x2000129c        -       0x00000060   Zero   RW         4908    .bss                c_w.l(libspace.o)
    0x200012fc   COMPRESSED   0x00000004   PAD
    0x20001300        -       0x00000200   Zero   RW            2    HEAP                startup_stm32f103xb.o
    0x20001500        -       0x00000400   Zero   RW            1    STACK               startup_stm32f103xb.o


==============================================================================

Image component sizes


      Code (inc. data)   RO Data    RW Data    ZI Data      Debug   Object Name

       456         38          0          4        116       2608   adc.o
        98          0          0          0          0       1607   at24c64.o
       372         44         16       2060          0      12047   ch9329.o
       120         10          0          4          0       1759   delay.o
        52          4          0          0          0        726   dma.o
       424         40          0          2          0       1952   encoder.o
      1360        212          0        119        358      12329   fpm383c.o
      1012        116          0         12        277       7910   func_fingerprint.o
       412          0          0          0          0       4601   func_info.o
        68         10          0         40          0       2051   func_keyboard.o
        88          4          0          0          0        799   gpio.o
        76         14          0          0          0        859   key.o
       338         24          0          0       1132       4368   main.o
       824         60          0         10        100     404642   msghandler.o
       444         72          0          0          0     444913   soft_iic.o
       240         34          0          0         88       2105   spi.o
        64         26        236          0       1536        804   startup_stm32f103xb.o
       152         32          0          9          0       5221   stm32f1xx_hal.o
      1426         56          0          0          0       7707   stm32f1xx_hal_adc.o
       412         28          0          0          0      30643   stm32f1xx_hal_cortex.o
       978         12          0          0          0       4802   stm32f1xx_hal_dma.o
      1164         64          0          0          0       4796   stm32f1xx_hal_gpio.o
        92         10          0          0          0        878   stm32f1xx_hal_msp.o
      1788        114          0          0          0       5936   stm32f1xx_hal_rcc.o
       304         14          0          0          0       1380   stm32f1xx_hal_rcc_ex.o
       876          6          0          0          0       4090   stm32f1xx_hal_spi.o
      1134         26          0          0          0       9043   stm32f1xx_hal_tim.o
       136         14          0          0          0       2357   stm32f1xx_hal_tim_ex.o
      1844         10          0          0          0      11108   stm32f1xx_hal_uart.o
       206         32          0          0          0       7121   stm32f1xx_it.o
         2          0         24          4          0       1095   system_stm32f1xx.o
       224         34          0          0         72       2146   tim.o
       784         88          0         11        336       3482   usart.o
       650        156          0          0          0       2843   ws2812b.o
        80         10          0          0          0       3221   ws2812b_interface.o

    ----------------------------------------------------------------------
     18732       1414        308       2284       4016    1013949   Object Totals
         0          0         32          0          0          0   (incl. Generated)
        32          0          0          9          1          0   (incl. Padding)

    ----------------------------------------------------------------------

      Code (inc. data)   RO Data    RW Data    ZI Data      Debug   Library Member Name

        90          0          0          0          0          0   __dczerorl2.o
         8          0          0          0          0         68   __main.o
         0          0          0          0          0          0   __rtentry.o
        12          0          0          0          0          0   __rtentry2.o
         6          0          0          0          0          0   __rtentry4.o
        52          8          0          0          0          0   __scatter.o
        28          0          0          0          0          0   __scatter_zi.o
        18          0          0          0          0         80   exit.o
         6          0          0          0          0        152   heapauxi.o
         0          0          0          0          0          0   indicate_semi.o
         2          0          0          0          0          0   libinit.o
         2          0          0          0          0          0   libinit2.o
         2          0          0          0          0          0   libshutdown.o
         2          0          0          0          0          0   libshutdown2.o
         8          4          0          0         96         68   libspace.o
        68          0          0          0          0         68   rt_memclr.o
        78          0          0          0          0         80   rt_memclr_w.o
       138          0          0          0          0         68   rt_memcpy_v6.o
       100          0          0          0          0         80   rt_memcpy_w.o
         2          0          0          0          0          0   rtexit.o
        10          0          0          0          0          0   rtexit2.o
        12          4          0          0          0         68   sys_exit.o
        74          0          0          0          0         80   sys_stackheap_outer.o
         2          0          0          0          0         68   use_no_semi.o

    ----------------------------------------------------------------------
       728         16          0          0        100        880   Library Totals
         8          0          0          0          4          0   (incl. Padding)

    ----------------------------------------------------------------------

      Code (inc. data)   RO Data    RW Data    ZI Data      Debug   Library Name

       720         16          0          0         96        880   c_w.l

    ----------------------------------------------------------------------
       728         16          0          0        100        880   Library Totals

    ----------------------------------------------------------------------

==============================================================================


      Code (inc. data)   RO Data    RW Data    ZI Data      Debug   

     19460       1430        308       2284       4116    1005933   Grand Totals
     19460       1430        308        904       4116    1005933   ELF Image Totals (compressed)
     19460       1430        308        904          0          0   ROM Totals

==============================================================================

    Total RO  Size (Code + RO Data)                19768 (  19.30kB)
    Total RW  Size (RW Data + ZI Data)              6400 (   6.25kB)
    Total ROM Size (Code + RO Data + RW Data)      20672 (  20.19kB)

==============================================================================

